Archive member included to satisfy reference by file (symbol)

c:/users/dani5/.platformio/packages/toolchain-gccarmnoneeabi/bin/../lib/gcc/arm-none-eabi/7.2.1/../../../../arm-none-eabi/lib/thumb/v7e-m\libc.a(lib_a-errno.o)
                              .pio\build\nucleo_f302r8\src\bsp\syscalls.o (__errno)
c:/users/dani5/.platformio/packages/toolchain-gccarmnoneeabi/bin/../lib/gcc/arm-none-eabi/7.2.1/../../../../arm-none-eabi/lib/thumb/v7e-m\libc.a(lib_a-exit.o)
                              c:/users/dani5/.platformio/packages/toolchain-gccarmnoneeabi/bin/../lib/gcc/arm-none-eabi/7.2.1/../../../../arm-none-eabi/lib/thumb/v7e-m/crt0.o (exit)
c:/users/dani5/.platformio/packages/toolchain-gccarmnoneeabi/bin/../lib/gcc/arm-none-eabi/7.2.1/../../../../arm-none-eabi/lib/thumb/v7e-m\libc.a(lib_a-impure.o)
                              c:/users/dani5/.platformio/packages/toolchain-gccarmnoneeabi/bin/../lib/gcc/arm-none-eabi/7.2.1/../../../../arm-none-eabi/lib/thumb/v7e-m\libc.a(lib_a-exit.o) (_global_impure_ptr)
c:/users/dani5/.platformio/packages/toolchain-gccarmnoneeabi/bin/../lib/gcc/arm-none-eabi/7.2.1/../../../../arm-none-eabi/lib/thumb/v7e-m\libc.a(lib_a-init.o)
                              c:/users/dani5/.platformio/packages/toolchain-gccarmnoneeabi/bin/../lib/gcc/arm-none-eabi/7.2.1/../../../../arm-none-eabi/lib/thumb/v7e-m/crt0.o (__libc_init_array)
c:/users/dani5/.platformio/packages/toolchain-gccarmnoneeabi/bin/../lib/gcc/arm-none-eabi/7.2.1/../../../../arm-none-eabi/lib/thumb/v7e-m\libc.a(lib_a-memset.o)
                              c:/users/dani5/.platformio/packages/toolchain-gccarmnoneeabi/bin/../lib/gcc/arm-none-eabi/7.2.1/../../../../arm-none-eabi/lib/thumb/v7e-m/crt0.o (memset)
c:/users/dani5/.platformio/packages/toolchain-gccarmnoneeabi/bin/../lib/gcc/arm-none-eabi/7.2.1/../../../../arm-none-eabi/lib/thumb/v7e-m\libc.a(lib_a-printf.o)
                              .pio\build\nucleo_f302r8\src\Ascii.o (printf)
c:/users/dani5/.platformio/packages/toolchain-gccarmnoneeabi/bin/../lib/gcc/arm-none-eabi/7.2.1/../../../../arm-none-eabi/lib/thumb/v7e-m\libc.a(lib_a-putchar.o)
                              .pio\build\nucleo_f302r8\src\Ascii.o (putchar)
c:/users/dani5/.platformio/packages/toolchain-gccarmnoneeabi/bin/../lib/gcc/arm-none-eabi/7.2.1/../../../../arm-none-eabi/lib/thumb/v7e-m\libc.a(lib_a-rand.o)
                              .pio\build\nucleo_f302r8\src\bullets.o (rand)
c:/users/dani5/.platformio/packages/toolchain-gccarmnoneeabi/bin/../lib/gcc/arm-none-eabi/7.2.1/../../../../arm-none-eabi/lib/thumb/v7e-m\libc.a(lib_a-setbuf.o)
                              .pio\build\nucleo_f302r8\src\bsp\30010_io.o (setbuf)
c:/users/dani5/.platformio/packages/toolchain-gccarmnoneeabi/bin/../lib/gcc/arm-none-eabi/7.2.1/../../../../arm-none-eabi/lib/thumb/v7e-m\libc.a(lib_a-setvbuf.o)
                              c:/users/dani5/.platformio/packages/toolchain-gccarmnoneeabi/bin/../lib/gcc/arm-none-eabi/7.2.1/../../../../arm-none-eabi/lib/thumb/v7e-m\libc.a(lib_a-setbuf.o) (setvbuf)
c:/users/dani5/.platformio/packages/toolchain-gccarmnoneeabi/bin/../lib/gcc/arm-none-eabi/7.2.1/../../../../arm-none-eabi/lib/thumb/v7e-m\libc.a(lib_a-sprintf.o)
                              .pio\build\nucleo_f302r8\src\charset.o (sprintf)
c:/users/dani5/.platformio/packages/toolchain-gccarmnoneeabi/bin/../lib/gcc/arm-none-eabi/7.2.1/../../../../arm-none-eabi/lib/thumb/v7e-m\libc.a(lib_a-svfprintf.o)
                              c:/users/dani5/.platformio/packages/toolchain-gccarmnoneeabi/bin/../lib/gcc/arm-none-eabi/7.2.1/../../../../arm-none-eabi/lib/thumb/v7e-m\libc.a(lib_a-sprintf.o) (_svfprintf_r)
c:/users/dani5/.platformio/packages/toolchain-gccarmnoneeabi/bin/../lib/gcc/arm-none-eabi/7.2.1/../../../../arm-none-eabi/lib/thumb/v7e-m\libc.a(lib_a-vfprintf.o)
                              c:/users/dani5/.platformio/packages/toolchain-gccarmnoneeabi/bin/../lib/gcc/arm-none-eabi/7.2.1/../../../../arm-none-eabi/lib/thumb/v7e-m\libc.a(lib_a-printf.o) (_vfprintf_r)
c:/users/dani5/.platformio/packages/toolchain-gccarmnoneeabi/bin/../lib/gcc/arm-none-eabi/7.2.1/../../../../arm-none-eabi/lib/thumb/v7e-m\libc.a(lib_a-wsetup.o)
                              c:/users/dani5/.platformio/packages/toolchain-gccarmnoneeabi/bin/../lib/gcc/arm-none-eabi/7.2.1/../../../../arm-none-eabi/lib/thumb/v7e-m\libc.a(lib_a-vfprintf.o) (__swsetup_r)
c:/users/dani5/.platformio/packages/toolchain-gccarmnoneeabi/bin/../lib/gcc/arm-none-eabi/7.2.1/../../../../arm-none-eabi/lib/thumb/v7e-m\libc.a(lib_a-__call_atexit.o)
                              c:/users/dani5/.platformio/packages/toolchain-gccarmnoneeabi/bin/../lib/gcc/arm-none-eabi/7.2.1/../../../../arm-none-eabi/lib/thumb/v7e-m\libc.a(lib_a-exit.o) (__call_exitprocs)
c:/users/dani5/.platformio/packages/toolchain-gccarmnoneeabi/bin/../lib/gcc/arm-none-eabi/7.2.1/../../../../arm-none-eabi/lib/thumb/v7e-m\libc.a(lib_a-atexit.o)
[...]
Memory Configuration

Name             Origin             Length             Attributes
RAM              0x20000000         0x00004000         xrw
ROM              0x08000000         0x00010000         xr
*default*        0x00000000         0xffffffff

Linker script and memory map

LOAD c:/users/dani5/.platformio/packages/toolchain-gccarmnoneeabi/bin/../lib/gcc/arm-none-eabi/7.2.1/thumb/v7e-m/crti.o
LOAD c:/users/dani5/.platformio/packages/toolchain-gccarmnoneeabi/bin/../lib/gcc/arm-none-eabi/7.2.1/thumb/v7e-m/crtbegin.o
LOAD c:/users/dani5/.platformio/packages/toolchain-gccarmnoneeabi/bin/../lib/gcc/arm-none-eabi/7.2.1/../../../../arm-none-eabi/lib/thumb/v7e-m/crt0.o
LOAD .pio\build\nucleo_f302r8\lib\SPL\src\stm32f30x_adc.o
LOAD .pio\build\nucleo_f302r8\lib\SPL\src\stm32f30x_can.o
LOAD .pio\build\nucleo_f302r8\lib\SPL\src\stm32f30x_comp.o
LOAD .pio\build\nucleo_f302r8\lib\SPL\src\stm32f30x_crc.o
LOAD .pio\build\nucleo_f302r8\lib\SPL\src\stm32f30x_dac.o
LOAD .pio\build\nucleo_f302r8\lib\SPL\src\stm32f30x_dbgmcu.o
LOAD .pio\build\nucleo_f302r8\lib\SPL\src\stm32f30x_dma.o
LOAD .pio\build\nucleo_f302r8\lib\SPL\src\stm32f30x_exti.o
LOAD .pio\build\nucleo_f302r8\lib\SPL\src\stm32f30x_flash.o
LOAD .pio\build\nucleo_f302r8\lib\SPL\src\stm32f30x_gpio.o
LOAD .pio\build\nucleo_f302r8\lib\SPL\src\stm32f30x_i2c.o
LOAD .pio\build\nucleo_f302r8\lib\SPL\src\stm32f30x_iwdg.o
LOAD .pio\build\nucleo_f302r8\lib\SPL\src\stm32f30x_misc.o
LOAD .pio\build\nucleo_f302r8\lib\SPL\src\stm32f30x_opamp.o
LOAD .pio\build\nucleo_f302r8\lib\SPL\src\stm32f30x_pwr.o
LOAD .pio\build\nucleo_f302r8\lib\SPL\src\stm32f30x_rcc.o
LOAD .pio\build\nucleo_f302r8\lib\SPL\src\stm32f30x_rtc.o
LOAD .pio\build\nucleo_f302r8\lib\SPL\src\stm32f30x_spi.o
LOAD .pio\build\nucleo_f302r8\lib\SPL\src\stm32f30x_syscfg.o
LOAD .pio\build\nucleo_f302r8\lib\SPL\src\stm32f30x_tim.o
LOAD .pio\build\nucleo_f302r8\lib\SPL\src\stm32f30x_usart.o
LOAD .pio\build\nucleo_f302r8\lib\SPL\src\stm32f30x_wwdg.o
LOAD .pio\build\nucleo_f302r8\startup_stm32f302r8tx.o
LOAD .pio\build\nucleo_f302r8\src\Ascii.o
LOAD .pio\build\nucleo_f302r8\src\HAL.o
LOAD .pio\build\nucleo_f302r8\src\Physics.o
LOAD .pio\build\nucleo_f302r8\src\adc.o
LOAD .pio\build\nucleo_f302r8\src\adc_buttons.o
LOAD .pio\build\nucleo_f302r8\src\box.o
LOAD .pio\build\nucleo_f302r8\src\bsp\30010_io.o
LOAD .pio\build\nucleo_f302r8\src\bsp\syscalls.o
LOAD .pio\build\nucleo_f302r8\src\bsp\sysmem.o
LOAD .pio\build\nucleo_f302r8\src\bsp\system_stm32f30x.o
LOAD .pio\build\nucleo_f302r8\src\bullets.o
LOAD .pio\build\nucleo_f302r8\src\charset.o
LOAD .pio\build\nucleo_f302r8\src\game_state.o
LOAD .pio\build\nucleo_f302r8\src\heart.o
LOAD .pio\build\nucleo_f302r8\src\helpgameoverpause.o
LOAD .pio\build\nucleo_f302r8\src\main.o
LOAD .pio\build\nucleo_f302r8\src\menu.o
LOAD .pio\build\nucleo_f302r8\src\powerup.o
START GROUP
LOAD c:/users/dani5/.platformio/packages/toolchain-gccarmnoneeabi/bin/../lib/gcc/arm-none-eabi/7.2.1/../../../../arm-none-eabi/lib/thumb/v7e-m\libc.a
LOAD c:/users/dani5/.platformio/packages/toolchain-gccarmnoneeabi/bin/../lib/gcc/arm-none-eabi/7.2.1/thumb/v7e-m\libgcc.a
LOAD c:/users/dani5/.platformio/packages/toolchain-gccarmnoneeabi/bin/../lib/gcc/arm-none-eabi/7.2.1/../../../../arm-none-eabi/lib/thumb/v7e-m\libm.a
LOAD c:/users/dani5/.platformio/packages/toolchain-gccarmnoneeabi/bin/../lib/gcc/arm-none-eabi/7.2.1/../../../../arm-none-eabi/lib/thumb/v7e-m\libstdc++.a
END GROUP
START GROUP
LOAD c:/users/dani5/.platformio/packages/toolchain-gccarmnoneeabi/bin/../lib/gcc/arm-none-eabi/7.2.1/thumb/v7e-m\libgcc.a
LOAD c:/users/dani5/.platformio/packages/toolchain-gccarmnoneeabi/bin/../lib/gcc/arm-none-eabi/7.2.1/../../../../arm-none-eabi/lib/thumb/v7e-m\libc.a
END GROUP
LOAD c:/users/dani5/.platformio/packages/toolchain-gccarmnoneeabi/bin/../lib/gcc/arm-none-eabi/7.2.1/thumb/v7e-m/crtend.o
LOAD c:/users/dani5/.platformio/packages/toolchain-gccarmnoneeabi/bin/../lib/gcc/arm-none-eabi/7.2.1/thumb/v7e-m/crtn.o
                0x20004000                _estack = (ORIGIN (RAM) + LENGTH (RAM))
                0x00000200                _Min_Heap_Size = 0x200
                0x00000400                _Min_Stack_Size = 0x400

.isr_vector     0x08000000      0x188
                0x08000000                . = ALIGN (0x4)
 *(.isr_vector)
 .isr_vector    0x08000000      0x188 .pio\build\nucleo_f302r8\startup_stm32f302r8tx.o
                0x08000000                g_pfnVectors
                0x08000188                . = ALIGN (0x4)

.text           0x080001c0     0x9a54
                0x080001c0                . = ALIGN (0x4)
 *(.text)
 .text          0x080001c0       0x40 c:/users/dani5/.platformio/packages/toolchain-gccarmnoneeabi/bin/../lib/gcc/arm-none-eabi/7.2.1/thumb/v7e-m/crtbegin.o
 .text          0x08000200       0xa0 c:/users/dani5/.platformio/packages/toolchain-gccarmnoneeabi/bin/../lib/gcc/arm-none-eabi/7.2.1/../../../../arm-none-eabi/lib/thumb/v7e-m\libc.a(lib_a-memchr.o)
                0x08000200                memchr
 .text          0x080002a0      0x134 c:/users/dani5/.platformio/packages/toolchain-gccarmnoneeabi/bin/../lib/gcc/arm-none-eabi/7.2.1/../../../../arm-none-eabi/lib/thumb/v7e-m\libc.a(lib_a-memcpy.o)
                0x080002a0                memcpy
 *fill*         0x080003d4       0x2c 
 .text          0x08000400       0xdc c:/users/dani5/.platformio/packages/toolchain-gccarmnoneeabi/bin/../lib/gcc/arm-none-eabi/7.2.1/../../../../arm-none-eabi/lib/thumb/v7e-m\libc.a(lib_a-strlen.o)
                0x08000400                strlen
 .text          0x080004dc      0x378 c:/users/dani5/.platformio/packages/toolchain-gccarmnoneeabi/bin/../lib/gcc/arm-none-eabi/7.2.1/thumb/v7e-m\libgcc.a(_arm_addsubdf3.o)
                0x080004dc                __aeabi_drsub
                0x080004e4                __aeabi_dsub
                0x080004e4                __subdf3
                0x080004e8                __aeabi_dadd
                0x080004e8                __adddf3
                0x08000760                __floatunsidf
                0x08000760                __aeabi_ui2d
                0x08000780                __floatsidf
                0x08000780                __aeabi_i2d
                0x080007a4                __aeabi_f2d
                0x080007a4                __extendsfdf2
                0x080007e8                __floatundidf
                0x080007e8                __aeabi_ul2d
                0x080007f8                __floatdidf
                0x080007f8                __aeabi_l2d
 .text          0x08000854      0x424 c:/users/dani5/.platformio/packages/toolchain-gccarmnoneeabi/bin/../lib/gcc/arm-none-eabi/7.2.1/thumb/v7e-m\libgcc.a(_arm_muldivdf3.o)
                0x08000854                __aeabi_dmul
                0x08000854                __muldf3
                0x08000aa8                __divdf3
                0x08000aa8                __aeabi_ddiv
 .text          0x08000c78      0x110 c:/users/dani5/.platformio/packages/toolchain-gccarmnoneeabi/bin/../lib/gcc/arm-none-eabi/7.2.1/thumb/v7e-m\libgcc.a(_arm_cmpdf2.o)
                0x08000c78                __gtdf2
                0x08000c78                __gedf2
                0x08000c80                __ltdf2
                0x08000c80                __ledf2
                0x08000c88                __nedf2
                0x08000c88                __eqdf2
                0x08000c88                __cmpdf2
                0x08000d04                __aeabi_cdrcmple
                0x08000d14                __aeabi_cdcmpeq
                0x08000d14                __aeabi_cdcmple
                0x08000d24                __aeabi_dcmpeq
                0x08000d38                __aeabi_dcmplt
                0x08000d4c                __aeabi_dcmple
                0x08000d60                __aeabi_dcmpge
                0x08000d74                __aeabi_dcmpgt
 .text          0x08000d88       0x2c c:/users/dani5/.platformio/packages/toolchain-gccarmnoneeabi/bin/../lib/gcc/arm-none-eabi/7.2.1/thumb/v7e-m\libgcc.a(_arm_unorddf2.o)
                0x08000d88                __unorddf2
                0x08000d88                __aeabi_dcmpun
 .text          0x08000db4       0x50 c:/users/dani5/.platformio/packages/toolchain-gccarmnoneeabi/bin/../lib/gcc/arm-none-eabi/7.2.1/thumb/v7e-m\libgcc.a(_arm_fixdfsi.o)
                0x08000db4                __aeabi_d2iz
                0x08000db4                __fixdfsi
 .text          0x08000e04      0x21c c:/users/dani5/.platformio/packages/toolchain-gccarmnoneeabi/bin/../lib/gcc/arm-none-eabi/7.2.1/thumb/v7e-m\libgcc.a(_arm_addsubsf3.o)
                0x08000e04                __aeabi_frsub
                0x08000e0c                __subsf3
                0x08000e0c                __aeabi_fsub
                0x08000e10                __aeabi_fadd
                0x08000e10                __addsf3
                0x08000f70                __aeabi_ui2f
                0x08000f70                __floatunsisf
                0x08000f78                __aeabi_i2f
                0x08000f78                __floatsisf
                0x08000f94                __aeabi_ul2f
                0x08000f94                __floatundisf
                0x08000fa4                __aeabi_l2f
                0x08000fa4                __floatdisf
 .text          0x08001020      0x2a0 c:/users/dani5/.platformio/packages/toolchain-gccarmnoneeabi/bin/../lib/gcc/arm-none-eabi/7.2.1/thumb/v7e-m\libgcc.a(_arm_muldivsf3.o)
                0x08001020                __mulsf3
                0x08001020                __aeabi_fmul
                0x08001188                __aeabi_fdiv
                0x08001188                __divsf3
 .text          0x080012c0       0xec c:/users/dani5/.platformio/packages/toolchain-gccarmnoneeabi/bin/../lib/gcc/arm-none-eabi/7.2.1/thumb/v7e-m\libgcc.a(_arm_cmpsf2.o)
                0x080012c0                __gesf2
                0x080012c0                __gtsf2
                0x080012c8                __lesf2
                0x080012c8                __ltsf2
                0x080012d0                __nesf2
                0x080012d0                __eqsf2
                0x080012d0                __cmpsf2
                0x08001330                __aeabi_cfrcmple
                0x08001338                __aeabi_cfcmpeq
                0x08001338                __aeabi_cfcmple
                0x08001348                __aeabi_fcmpeq
                0x0800135c                __aeabi_fcmplt
                0x08001370                __aeabi_fcmple
                0x08001384                __aeabi_fcmpge
                0x08001398                __aeabi_fcmpgt
 .text          0x080013ac       0x4c c:/users/dani5/.platformio/packages/toolchain-gccarmnoneeabi/bin/../lib/gcc/arm-none-eabi/7.2.1/thumb/v7e-m\libgcc.a(_arm_fixsfsi.o)
                0x080013ac                __aeabi_f2iz
                0x080013ac                __fixsfsi
 .text          0x080013f8       0x30 c:/users/dani5/.platformio/packages/toolchain-gccarmnoneeabi/bin/../lib/gcc/arm-none-eabi/7.2.1/thumb/v7e-m\libgcc.a(_aeabi_uldivmod.o)
                0x080013f8                __aeabi_uldivmod
 .text          0x08001428      0x2cc c:/users/dani5/.platformio/packages/toolchain-gccarmnoneeabi/bin/../lib/gcc/arm-none-eabi/7.2.1/thumb/v7e-m\libgcc.a(_udivmoddi4.o)
                0x08001428                __udivmoddi4
 .text          0x080016f4        0x4 c:/users/dani5/.platformio/packages/toolchain-gccarmnoneeabi/bin/../lib/gcc/arm-none-eabi/7.2.1/thumb/v7e-m\libgcc.a(_dvmd_tls.o)
                0x080016f4                __aeabi_idiv0
                0x080016f4                __aeabi_ldiv0
 .text          0x080016f8       0xa0 c:/users/dani5/.platformio/packages/toolchain-gccarmnoneeabi/bin/../lib/gcc/arm-none-eabi/7.2.1/thumb/v7e-m\libgcc.a(_arm_truncdfsf2.o)
                0x080016f8                __truncdfsf2
                0x080016f8                __aeabi_d2f
 .text          0x08001798       0x2c c:/users/dani5/.platformio/packages/toolchain-gccarmnoneeabi/bin/../lib/gcc/arm-none-eabi/7.2.1/thumb/v7e-m\libgcc.a(_arm_unordsf2.o)
                0x08001798                __unordsf2
                0x08001798                __aeabi_fcmpun
 *(.text*)
 .text.ADC_RegularChannelConfig
                0x080017c4       0xb8 .pio\build\nucleo_f302r8\lib\SPL\src\stm32f30x_adc.o
                0x080017c4                ADC_RegularChannelConfig
 .text.ADC_StartConversion
                0x0800187c        0xa .pio\build\nucleo_f302r8\lib\SPL\src\stm32f30x_adc.o
                0x0800187c                ADC_StartConversion
 .text.ADC_GetConversionValue
                0x08001886        0x6 .pio\build\nucleo_f302r8\lib\SPL\src\stm32f30x_adc.o
                0x08001886                ADC_GetConversionValue
 .text.ADC_GetFlagStatus
                0x0800188c        0xc .pio\build\nucleo_f302r8\lib\SPL\src\stm32f30x_adc.o
                0x0800188c                ADC_GetFlagStatus
 .text.RCC_GetClocksFreq
                0x08001898      0x238 .pio\build\nucleo_f302r8\lib\SPL\src\stm32f30x_rcc.o
                0x08001898                RCC_GetClocksFreq
 .text.SPI_SendData8
                0x08001ad0        0x4 .pio\build\nucleo_f302r8\lib\SPL\src\stm32f30x_spi.o
                0x08001ad0                SPI_SendData8
 .text.SPI_I2S_GetFlagStatus
                0x08001ad4        0xc .pio\build\nucleo_f302r8\lib\SPL\src\stm32f30x_spi.o
                0x08001ad4                SPI_I2S_GetFlagStatus
 .text.USART_SendData
                0x08001ae0        0x8 .pio\build\nucleo_f302r8\lib\SPL\src\stm32f30x_usart.o
                0x08001ae0                USART_SendData
 .text.USART_ITConfig
                0x08001ae8       0x2e .pio\build\nucleo_f302r8\lib\SPL\src\stm32f30x_usart.o
                0x08001ae8                USART_ITConfig
 .text.USART_GetFlagStatus
                0x08001b16        0xc .pio\build\nucleo_f302r8\lib\SPL\src\stm32f30x_usart.o
                0x08001b16                USART_GetFlagStatus
 .text.USART_GetITStatus
                0x08001b22       0x3a .pio\build\nucleo_f302r8\lib\SPL\src\stm32f30x_usart.o
                0x08001b22                USART_GetITStatus
 .text.Reset_Handler
                0x08001b5c       0x50 .pio\build\nucleo_f302r8\startup_stm32f302r8tx.o
                0x08001b5c                Reset_Handler
 .text.Default_Handler
                0x08001bac        0x2 .pio\build\nucleo_f302r8\startup_stm32f302r8tx.o
                0x08001bac                TIM8_TRG_COM_IRQHandler
                0x08001bac                TIM8_CC_IRQHandler
                0x08001bac                DebugMon_Handler
                0x08001bac                DMA1_CH4_IRQHandler
                0x08001bac                TIM1_CC_IRQHandler
                0x08001bac                HardFault_Handler
                0x08001bac                USB_HP_IRQHandler
                0x08001bac                I2C2_EV_EXTI24_IRQHandler
                0x08001bac                SysTick_Handler
                0x08001bac                USB_WKUP_EXTI_IRQHandler
                0x08001bac                PVD_IRQHandler
                0x08001bac                UART4_EXTI34_IRQHandler
                0x08001bac                TAMP_STAMP_IRQHandler
                0x08001bac                PendSV_Handler
                0x08001bac                NMI_Handler
                0x08001bac                EXTI3_IRQHandler
                0x08001bac                TIM6_DACUNDER_IRQHandler
                0x08001bac                USB_HP_CAN_TX_IRQHandler
                0x08001bac                EXTI0_IRQHandler
                0x08001bac                DMA2_CH1_IRQHandler
                0x08001bac                FPU_IRQHandler
                0x08001bac                TIM1_UP_TIM16_IRQHandler
                0x08001bac                UsageFault_Handler
                0x08001bac                ADC1_2_IRQHandler
                0x08001bac                SPI1_IRQHandler
                0x08001bac                CAN_SCE_IRQHandler
                0x08001bac                DMA1_CH7_IRQHandler
                0x08001bac                TIM8_UP_IRQHandler
                0x08001bac                DMA1_CH6_IRQHandler
                0x08001bac                ADC3_IRQHandler
                0x08001bac                TIM4_IRQHandler
                0x08001bac                CAN_RX1_IRQHandler
                0x08001bac                USART1_EXTI25_IRQHandler
                0x08001bac                DMA2_CH5_IRQHandler
                0x08001bac                I2C1_EV_EXTI23_IRQHandler
                0x08001bac                DMA1_CH3_IRQHandler
                0x08001bac                TIM3_IRQHandler
                0x08001bac                RCC_IRQHandler
                0x08001bac                Default_Handler
                0x08001bac                EXTI15_10_IRQHandler
                0x08001bac                USART2_EXTI26_IRQHandler
                0x08001bac                USART3_EXTI28_IRQHandler
                0x08001bac                TIM7_IRQHandler
                0x08001bac                EXTI9_5_IRQHandler
                0x08001bac                DMA1_CH2_IRQHandler
                0x08001bac                RTC_WKUP_IRQHandler
                0x08001bac                SPI2_IRQHandler
                0x08001bac                DMA1_CH1_IRQHandler
                0x08001bac                USB_LP_CAN_RX0_IRQHandler
                0x08001bac                MemManage_Handler
                0x08001bac                SVC_Handler
                0x08001bac                USB_LP_IRQHandler
                0x08001bac                EXTI4_IRQHandler
                0x08001bac                TIM1_TRG_COM_TIM17_IRQHandler
                0x08001bac                ADC4_IRQHandler
                0x08001bac                WWDG_IRQHandler
                0x08001bac                EXTI1_IRQHandler
                0x08001bac                RTCAlarm_IRQHandler
                0x08001bac                UART5_EXTI35_IRQHandler
                0x08001bac                I2C2_ER_IRQHandler
                0x08001bac                TIM8_BRK_IRQHandler
                0x08001bac                FLASH_IRQHandler
                0x08001bac                BusFault_Handler
                0x08001bac                SPI3_IRQHandler
                0x08001bac                DMA2_CH3_IRQHandler
                0x08001bac                DMA2_CH2_IRQHandler
                0x08001bac                I2C1_ER_IRQHandler
                0x08001bac                FMC_IRQHandler
                0x08001bac                DMA1_CH5_IRQHandler
                0x08001bac                DMA2_CH4_IRQHandler
                0x08001bac                USB_WKUP_IRQHandler
                0x08001bac                EXTI2_TSC_IRQHandler
                0x08001bac                TIM1_BRK_TIM15_IRQHandler
 *fill*         0x08001bae        0x2 
 .text.bgcolor  0x08001bb0        0xc .pio\build\nucleo_f302r8\src\Ascii.o
                0x08001bb0                bgcolor
 .text.borders  0x08001bbc       0x98 .pio\build\nucleo_f302r8\src\Ascii.o
                0x08001bbc                borders
 .text.game_borders
                0x08001c54       0x70 .pio\build\nucleo_f302r8\src\Ascii.o
                0x08001c54                game_borders
 .text.drawAlien
                0x08001cc4       0x74 .pio\build\nucleo_f302r8\src\Ascii.o
                0x08001cc4                drawAlien
 .text.eraseAlien
                0x08001d38       0x58 .pio\build\nucleo_f302r8\src\Ascii.o
                0x08001d38                eraseAlien
 .text.drawBullet
                0x08001d90       0x70 .pio\build\nucleo_f302r8\src\Ascii.o
                0x08001d90                drawBullet
 .text.drawPowerup
                0x08001e00      0x120 .pio\build\nucleo_f302r8\src\Ascii.o
                0x08001e00                drawPowerup
 .text.erasePowerup
                0x08001f20       0x6c .pio\build\nucleo_f302r8\src\Ascii.o
                0x08001f20                erasePowerup
 .text.print_level
                0x08001f8c       0x24 .pio\build\nucleo_f302r8\src\Ascii.o
                0x08001f8c                print_level
 .text.print_score
                0x08001fb0       0x28 .pio\build\nucleo_f302r8\src\Ascii.o
                0x08001fb0                print_score
 .text.print_hp
                0x08001fd8       0x24 .pio\build\nucleo_f302r8\src\Ascii.o
                0x08001fd8                print_hp
 .text.joystick_init
                0x08001ffc       0x30 .pio\build\nucleo_f302r8\src\HAL.o
                0x08001ffc                joystick_init
 .text.joystickdown_init
                0x0800202c       0x30 .pio\build\nucleo_f302r8\src\HAL.o
                0x0800202c                joystickdown_init
 .text.read_joystick
                0x0800205c       0x1c .pio\build\nucleo_f302r8\src\HAL.o
                0x0800205c                read_joystick
 .text.TIM2_Init
                0x08002078       0x3c .pio\build\nucleo_f302r8\src\HAL.o
                0x08002078                TIM2_Init
 .text.TIM2_IRQHandler
                0x080020b4       0x20 .pio\build\nucleo_f302r8\src\HAL.o
                0x080020b4                TIM2_IRQHandler
 .text.led_init
                0x080020d4       0x8c .pio\build\nucleo_f302r8\src\HAL.o
                0x080020d4                led_init
 .text.set_leds
                0x08002160       0x3c .pio\build\nucleo_f302r8\src\HAL.o
                0x08002160                set_leds
 .text.led_trigger
                0x0800219c        0x8 .pio\build\nucleo_f302r8\src\HAL.o
                0x0800219c                led_trigger
 .text.led_update
                0x080021a4       0x44 .pio\build\nucleo_f302r8\src\HAL.o
                0x080021a4                led_update
 .text.player_init
                0x080021e8       0x7c .pio\build\nucleo_f302r8\src\Physics.o
                0x080021e8                player_init
 .text.bullet_height
                0x08002264        0xa .pio\build\nucleo_f302r8\src\Physics.o
                0x08002264                bullet_height
 .text.player_collides_with_bullet
                0x0800226e       0x44 .pio\build\nucleo_f302r8\src\Physics.o
                0x0800226e                player_collides_with_bullet
 .text.heal_collides_with_player
                0x080022b2       0x3e .pio\build\nucleo_f302r8\src\Physics.o
                0x080022b2                heal_collides_with_player
 .text.multiplier_collides_with_player
                0x080022f0       0x3e .pio\build\nucleo_f302r8\src\Physics.o
                0x080022f0                multiplier_collides_with_player
 .text.forcefield_collides_with_player
                0x0800232e       0x3e .pio\build\nucleo_f302r8\src\Physics.o
                0x0800232e                forcefield_collides_with_player
 .text.update_player
                0x0800236c       0xae .pio\build\nucleo_f302r8\src\Physics.o
                0x0800236c                update_player
 *fill*         0x0800241a        0x2 
 .text.init_adc
                0x0800241c       0xac .pio\build\nucleo_f302r8\src\adc.o
                0x0800241c                init_adc
 .text.read_adc
                0x080024c8       0x32 .pio\build\nucleo_f302r8\src\adc.o
                0x080024c8                read_adc
 *fill*         0x080024fa        0x2 
 .text.read_joystick_adc
                0x080024fc       0x3c .pio\build\nucleo_f302r8\src\adc.o
                0x080024fc                read_joystick_adc
 .text.update_display_with_adc
                0x08002538       0x34 .pio\build\nucleo_f302r8\src\adc.o
                0x08002538                update_display_with_adc
 .text.uart_get_char
                0x0800256c       0x34 .pio\build\nucleo_f302r8\src\bsp\30010_io.o
                0x0800256c                uart_get_char
 .text.uart_put_char
                0x080025a0       0x20 .pio\build\nucleo_f302r8\src\bsp\30010_io.o
                0x080025a0                uart_put_char
 .text._write_r
                0x080025c0       0x2a .pio\build\nucleo_f302r8\src\bsp\30010_io.o
                0x080025c0                _write_r
 *fill*         0x080025ea        0x2 
 .text.USART2_IRQHandler
                0x080025ec       0x50 .pio\build\nucleo_f302r8\src\bsp\30010_io.o
                0x080025ec                USART2_IRQHandler
 .text.uart_init
                0x0800263c      0x13c .pio\build\nucleo_f302r8\src\bsp\30010_io.o
                0x0800263c                uart_init
 .text.lcd_transmit_byte
                0x08002778       0x48 .pio\build\nucleo_f302r8\src\bsp\30010_io.o
                0x08002778                lcd_transmit_byte
 .text.lcd_push_buffer
                0x080027c0       0xf0 .pio\build\nucleo_f302r8\src\bsp\30010_io.o
                0x080027c0                lcd_push_buffer
 .text.lcd_reset
                0x080028b0       0xa0 .pio\build\nucleo_f302r8\src\bsp\30010_io.o
                0x080028b0                lcd_reset
 .text.lcd_init
                0x08002950      0x194 .pio\build\nucleo_f302r8\src\bsp\30010_io.o
                0x08002950                lcd_init
 .text._exit    0x08002ae4        0xc .pio\build\nucleo_f302r8\src\bsp\syscalls.o
                0x08002ae4                _exit
 .text._read    0x08002af0       0x1c .pio\build\nucleo_f302r8\src\bsp\syscalls.o
                0x08002af0                _read
 .text._close   0x08002b0c        0x6 .pio\build\nucleo_f302r8\src\bsp\syscalls.o
                0x08002b0c                _close
 .text._fstat   0x08002b12        0xa .pio\build\nucleo_f302r8\src\bsp\syscalls.o
                0x08002b12                _fstat
 .text._isatty  0x08002b1c        0x4 .pio\build\nucleo_f302r8\src\bsp\syscalls.o
                0x08002b1c                _isatty
 .text._lseek   0x08002b20        0x4 .pio\build\nucleo_f302r8\src\bsp\syscalls.o
                0x08002b20                _lseek
 .text._sbrk    0x08002b24       0x34 .pio\build\nucleo_f302r8\src\bsp\sysmem.o
                0x08002b24                _sbrk
 .text.SystemInit
                0x08002b58       0xb0 .pio\build\nucleo_f302r8\src\bsp\system_stm32f30x.o
                0x08002b58                SystemInit
 .text.bullets_set_max
                0x08002c08       0x1e .pio\build\nucleo_f302r8\src\bullets.o
                0x08002c08                bullets_set_max
 .text.bullets_init
                0x08002c26       0x30 .pio\build\nucleo_f302r8\src\bullets.o
                0x08002c26                bullets_init
 .text.spawn_simple_bullet
                0x08002c56       0xe8 .pio\build\nucleo_f302r8\src\bullets.o
                0x08002c56                spawn_simple_bullet
 *fill*         0x08002d3e        0x2 
 .text.erase_bullet
                0x08002d40       0x94 .pio\build\nucleo_f302r8\src\bullets.o
                0x08002d40                erase_bullet
 .text.update_bullets
                0x08002dd4       0xd0 .pio\build\nucleo_f302r8\src\bullets.o
                0x08002dd4                update_bullets
 .text.draw_bullets
                0x08002ea4       0x38 .pio\build\nucleo_f302r8\src\bullets.o
                0x08002ea4                draw_bullets
 .text.lcd_write_string
                0x08002edc       0x48 .pio\build\nucleo_f302r8\src\charset.o
                0x08002edc                lcd_write_string
 .text.score_update
                0x08002f24       0x54 .pio\build\nucleo_f302r8\src\charset.o
                0x08002f24                score_update
 .text.game_init
                0x08002f78       0x2c .pio\build\nucleo_f302r8\src\game_state.o
                0x08002f78                game_init
 .text.game_state_init
                0x08002fa4       0x54 .pio\build\nucleo_f302r8\src\game_state.o
                0x08002fa4                game_state_init
 .text.game_loop
                0x08002ff8       0xec .pio\build\nucleo_f302r8\src\game_state.o
                0x08002ff8                game_loop
 .text.game_state_update
                0x080030e4       0x26 .pio\build\nucleo_f302r8\src\game_state.o
                0x080030e4                game_state_update
 *fill*         0x0800310a        0x2 
 .text.lcd_manager_init
                0x0800310c       0x28 .pio\build\nucleo_f302r8\src\heart.o
                0x0800310c                lcd_manager_init
 .text.lcd_get_buffer
                0x08003134       0x10 .pio\build\nucleo_f302r8\src\heart.o
                0x08003134                lcd_get_buffer
 .text.lcd_commit
                0x08003144        0xc .pio\build\nucleo_f302r8\src\heart.o
                0x08003144                lcd_commit
 .text.heart_clear
                0x08003150       0x4c .pio\build\nucleo_f302r8\src\heart.o
                0x08003150                heart_clear
 .text.heart_full
                0x0800319c       0x6c .pio\build\nucleo_f302r8\src\heart.o
                0x0800319c                heart_full
 .text.heart_tom
                0x08003208       0x6c .pio\build\nucleo_f302r8\src\heart.o
                0x08003208                heart_tom
 .text.display_lives
                0x08003274       0x48 .pio\build\nucleo_f302r8\src\heart.o
                0x08003274                display_lives
 .text.liv_update
                0x080032bc       0x1c .pio\build\nucleo_f302r8\src\heart.o
                0x080032bc                liv_update
 .text.displayHelpScreen
                0x080032d8      0x18c .pio\build\nucleo_f302r8\src\helpgameoverpause.o
                0x080032d8                displayHelpScreen
 .text.help_update
                0x08003464       0x22 .pio\build\nucleo_f302r8\src\helpgameoverpause.o
                0x08003464                help_update
 *fill*         0x08003486        0x2 
 .text.game_over_init
                0x08003488       0x88 .pio\build\nucleo_f302r8\src\helpgameoverpause.o
                0x08003488                game_over_init
 .text.game_over_update
                0x08003510       0x22 .pio\build\nucleo_f302r8\src\helpgameoverpause.o
                0x08003510                game_over_update
 *fill*         0x08003532        0x2 
 .text.pause_init
                0x08003534       0x6c .pio\build\nucleo_f302r8\src\helpgameoverpause.o
                0x08003534                pause_init
 .text.pause_update
                0x080035a0       0x84 .pio\build\nucleo_f302r8\src\helpgameoverpause.o
                0x080035a0                pause_update
 .text.pause_check
                0x08003624       0x26 .pio\build\nucleo_f302r8\src\helpgameoverpause.o
                0x08003624                pause_check
 *fill*         0x0800364a        0x2 
 .text.startup.main
                0x0800364c       0x6c .pio\build\nucleo_f302r8\src\main.o
                0x0800364c                main
 .text.display_menu
                0x080036b8       0x80 .pio\build\nucleo_f302r8\src\menu.o
                0x080036b8                display_menu
 .text.menu_update
                0x08003738       0xf8 .pio\build\nucleo_f302r8\src\menu.o
                0x08003738                menu_update
 .text.spawn_powerup
                0x08003830       0xa8 .pio\build\nucleo_f302r8\src\powerup.o
                0x08003830                spawn_powerup
 .text.powerup_heal_player
                0x080038d8       0x10 .pio\build\nucleo_f302r8\src\powerup.o
                0x080038d8                powerup_heal_player
 .text.powerup_effects_update
                0x080038e8       0x2e .pio\build\nucleo_f302r8\src\powerup.o
                0x080038e8                powerup_effects_update
 *fill*         0x08003916        0x2 
 .text.powerup_forcefield_apply
                0x08003918       0xe8 .pio\build\nucleo_f302r8\src\powerup.o
                0x08003918                powerup_forcefield_apply
 .text.powerups_Update
                0x08003a00      0x138 .pio\build\nucleo_f302r8\src\powerup.o
                0x08003a00                powerups_Update
 .text.__errno  0x08003b38        0xc c:/users/dani5/.platformio/packages/toolchain-gccarmnoneeabi/bin/../lib/gcc/arm-none-eabi/7.2.1/../../../../arm-none-eabi/lib/thumb/v7e-m\libc.a(lib_a-errno.o)
                0x08003b38                __errno
 .text.exit     0x08003b44       0x20 c:/users/dani5/.platformio/packages/toolchain-gccarmnoneeabi/bin/../lib/gcc/arm-none-eabi/7.2.1/../../../../arm-none-eabi/lib/thumb/v7e-m\libc.a(lib_a-exit.o)
                0x08003b44                exit
 .text.__libc_init_array
                0x08003b64       0x48 c:/users/dani5/.platformio/packages/toolchain-gccarmnoneeabi/bin/../lib/gcc/arm-none-eabi/7.2.1/../../../../arm-none-eabi/lib/thumb/v7e-m\libc.a(lib_a-init.o)
                0x08003b64                __libc_init_array
 .text.memset   0x08003bac       0x94 c:/users/dani5/.platformio/packages/toolchain-gccarmnoneeabi/bin/../lib/gcc/arm-none-eabi/7.2.1/../../../../arm-none-eabi/lib/thumb/v7e-m\libc.a(lib_a-memset.o)
                0x08003bac                memset
 .text.printf   0x08003c40       0x28 c:/users/dani5/.platformio/packages/toolchain-gccarmnoneeabi/bin/../lib/gcc/arm-none-eabi/7.2.1/../../../../arm-none-eabi/lib/thumb/v7e-m\libc.a(lib_a-printf.o)
                0x08003c40                printf
 .text.putchar  0x08003c68       0x14 c:/users/dani5/.platformio/packages/toolchain-gccarmnoneeabi/bin/../lib/gcc/arm-none-eabi/7.2.1/../../../../arm-none-eabi/lib/thumb/v7e-m\libc.a(lib_a-putchar.o)
                0x08003c68                putchar
 .text.rand     0x08003c7c       0x3c c:/users/dani5/.platformio/packages/toolchain-gccarmnoneeabi/bin/../lib/gcc/arm-none-eabi/7.2.1/../../../../arm-none-eabi/lib/thumb/v7e-m\libc.a(lib_a-rand.o)
                0x08003c7c                rand
 .text.setbuf   0x08003cb8       0x10 c:/users/dani5/.platformio/packages/toolchain-gccarmnoneeabi/bin/../lib/gcc/arm-none-eabi/7.2.1/../../../../arm-none-eabi/lib/thumb/v7e-m\libc.a(lib_a-setbuf.o)
                0x08003cb8                setbuf
 .text.setvbuf  0x08003cc8      0x180 c:/users/dani5/.platformio/packages/toolchain-gccarmnoneeabi/bin/../lib/gcc/arm-none-eabi/7.2.1/../../../../arm-none-eabi/lib/thumb/v7e-m\libc.a(lib_a-setvbuf.o)
                0x08003cc8                setvbuf
 .text.sprintf  0x08003e48       0x44 c:/users/dani5/.platformio/packages/toolchain-gccarmnoneeabi/bin/../lib/gcc/arm-none-eabi/7.2.1/../../../../arm-none-eabi/lib/thumb/v7e-m\libc.a(lib_a-sprintf.o)
                0x08003e48                sprintf
 .text._svfprintf_r
                0x08003e8c     0x14a0 c:/users/dani5/.platformio/packages/toolchain-gccarmnoneeabi/bin/../lib/gcc/arm-none-eabi/7.2.1/../../../../arm-none-eabi/lib/thumb/v7e-m\libc.a(lib_a-svfprintf.o)
                0x08003e8c                _svfprintf_r
 .text._vfprintf_r
                0x0800532c     0x1504 c:/users/dani5/.platformio/packages/toolchain-gccarmnoneeabi/bin/../lib/gcc/arm-none-eabi/7.2.1/../../../../arm-none-eabi/lib/thumb/v7e-m\libc.a(lib_a-vfprintf.o)
                0x0800532c                _vfprintf_r
 .text.__sbprintf
                0x08006830       0x84 c:/users/dani5/.platformio/packages/toolchain-gccarmnoneeabi/bin/../lib/gcc/arm-none-eabi/7.2.1/../../../../arm-none-eabi/lib/thumb/v7e-m\libc.a(lib_a-vfprintf.o)
 .text.__swsetup_r
                0x080068b4       0xcc c:/users/dani5/.platformio/packages/toolchain-gccarmnoneeabi/bin/../lib/gcc/arm-none-eabi/7.2.1/../../../../arm-none-eabi/lib/thumb/v7e-m\libc.a(lib_a-wsetup.o)
                0x080068b4                __swsetup_r
 .text.startup.register_fini
                0x08006980       0x14 c:/users/dani5/.platformio/packages/toolchain-gccarmnoneeabi/bin/../lib/gcc/arm-none-eabi/7.2.1/../../../../arm-none-eabi/lib/thumb/v7e-m\libc.a(lib_a-__call_atexit.o)
 .text.__call_exitprocs
                0x08006994       0xe8 c:/users/dani5/.platformio/packages/toolchain-gccarmnoneeabi/bin/../lib/gcc/arm-none-eabi/7.2.1/../../../../arm-none-eabi/lib/thumb/v7e-m\libc.a(lib_a-__call_atexit.o)
                0x08006994                __call_exitprocs
 .text.atexit   0x08006a7c        0xc c:/users/dani5/.platformio/packages/toolchain-gccarmnoneeabi/bin/../lib/gcc/arm-none-eabi/7.2.1/../../../../arm-none-eabi/lib/thumb/v7e-m\libc.a(lib_a-atexit.o)
                0x08006a7c                atexit
 .text.quorem   0x08006a88      0x124 c:/users/dani5/.platformio/packages/toolchain-gccarmnoneeabi/bin/../lib/gcc/arm-none-eabi/7.2.1/../../../../arm-none-eabi/lib/thumb/v7e-m\libc.a(lib_a-dtoa.o)
 *fill*         0x08006bac        0x4 
 .text._dtoa_r  0x08006bb0      0xdf4 c:/users/dani5/.platformio/packages/toolchain-gccarmnoneeabi/bin/../lib/gcc/arm-none-eabi/7.2.1/../../../../arm-none-eabi/lib/thumb/v7e-m\libc.a(lib_a-dtoa.o)
                0x08006bb0                _dtoa_r
 .text.__sflush_r
                0x080079a4      0x154 c:/users/dani5/.platformio/packages/toolchain-gccarmnoneeabi/bin/../lib/gcc/arm-none-eabi/7.2.1/../../../../arm-none-eabi/lib/thumb/v7e-m\libc.a(lib_a-fflush.o)
                0x080079a4                __sflush_r
 .text._fflush_r
                0x08007af8       0x5c c:/users/dani5/.platformio/packages/toolchain-gccarmnoneeabi/bin/../lib/gcc/arm-none-eabi/7.2.1/../../../../arm-none-eabi/lib/thumb/v7e-m\libc.a(lib_a-fflush.o)
                0x08007af8                _fflush_r
 .text.std      0x08007b54       0x50 c:/users/dani5/.platformio/packages/toolchain-gccarmnoneeabi/bin/../lib/gcc/arm-none-eabi/7.2.1/../../../../arm-none-eabi/lib/thumb/v7e-m\libc.a(lib_a-findfp.o)
 .text._cleanup_r
                0x08007ba4        0xc c:/users/dani5/.platformio/packages/toolchain-gccarmnoneeabi/bin/../lib/gcc/arm-none-eabi/7.2.1/../../../../arm-none-eabi/lib/thumb/v7e-m\libc.a(lib_a-findfp.o)
                0x08007ba4                _cleanup_r
 .text.__sinit  0x08007bb0       0x58 c:/users/dani5/.platformio/packages/toolchain-gccarmnoneeabi/bin/../lib/gcc/arm-none-eabi/7.2.1/../../../../arm-none-eabi/lib/thumb/v7e-m\libc.a(lib_a-findfp.o)
                0x08007bb0                __sinit
 .text.__sfp_lock_acquire
                0x08007c08        0xc c:/users/dani5/.platformio/packages/toolchain-gccarmnoneeabi/bin/../lib/gcc/arm-none-eabi/7.2.1/../../../../arm-none-eabi/lib/thumb/v7e-m\libc.a(lib_a-findfp.o)
                0x08007c08                __sfp_lock_acquire
 .text.__sfp_lock_release
                0x08007c14        0xc c:/users/dani5/.platformio/packages/toolchain-gccarmnoneeabi/bin/../lib/gcc/arm-none-eabi/7.2.1/../../../../arm-none-eabi/lib/thumb/v7e-m\libc.a(lib_a-findfp.o)
                0x08007c14                __sfp_lock_release
 .text.__libc_fini_array
                0x08007c20       0x34 c:/users/dani5/.platformio/packages/toolchain-gccarmnoneeabi/bin/../lib/gcc/arm-none-eabi/7.2.1/../../../../arm-none-eabi/lib/thumb/v7e-m\libc.a(lib_a-fini.o)
                0x08007c20                __libc_fini_array
 .text._malloc_trim_r
                0x08007c54       0xa0 c:/users/dani5/.platformio/packages/toolchain-gccarmnoneeabi/bin/../lib/gcc/arm-none-eabi/7.2.1/../../../../arm-none-eabi/lib/thumb/v7e-m\libc.a(lib_a-freer.o)
                0x08007c54                _malloc_trim_r
 .text._free_r  0x08007cf4      0x1e8 c:/users/dani5/.platformio/packages/toolchain-gccarmnoneeabi/bin/../lib/gcc/arm-none-eabi/7.2.1/../../../../arm-none-eabi/lib/thumb/v7e-m\libc.a(lib_a-freer.o)
                0x08007cf4                _free_r
 .text._fwalk_reent
                0x08007edc       0x54 c:/users/dani5/.platformio/packages/toolchain-gccarmnoneeabi/bin/../lib/gcc/arm-none-eabi/7.2.1/../../../../arm-none-eabi/lib/thumb/v7e-m\libc.a(lib_a-fwalk.o)
                0x08007edc                _fwalk_reent
 .text._localeconv_r
                0x08007f30       0x1c c:/users/dani5/.platformio/packages/toolchain-gccarmnoneeabi/bin/../lib/gcc/arm-none-eabi/7.2.1/../../../../arm-none-eabi/lib/thumb/v7e-m\libc.a(lib_a-localeconv.o)
                0x08007f30                _localeconv_r
 .text.__retarget_lock_init_recursive
                0x08007f4c        0x4 c:/users/dani5/.platformio/packages/toolchain-gccarmnoneeabi/bin/../lib/gcc/arm-none-eabi/7.2.1/../../../../arm-none-eabi/lib/thumb/v7e-m\libc.a(lib_a-lock.o)
                0x08007f4c                __retarget_lock_init_recursive
 .text.__retarget_lock_close_recursive
                0x08007f50        0x4 c:/users/dani5/.platformio/packages/toolchain-gccarmnoneeabi/bin/../lib/gcc/arm-none-eabi/7.2.1/../../../../arm-none-eabi/lib/thumb/v7e-m\libc.a(lib_a-lock.o)
                0x08007f50                __retarget_lock_close_recursive
 .text.__retarget_lock_acquire_recursive
                0x08007f54        0x4 c:/users/dani5/.platformio/packages/toolchain-gccarmnoneeabi/bin/../lib/gcc/arm-none-eabi/7.2.1/../../../../arm-none-eabi/lib/thumb/v7e-m\libc.a(lib_a-lock.o)
                0x08007f54                __retarget_lock_acquire_recursive
 .text.__retarget_lock_release_recursive
                0x08007f58        0x4 c:/users/dani5/.platformio/packages/toolchain-gccarmnoneeabi/bin/../lib/gcc/arm-none-eabi/7.2.1/../../../../arm-none-eabi/lib/thumb/v7e-m\libc.a(lib_a-lock.o)
                0x08007f58                __retarget_lock_release_recursive
 .text.__swhatbuf_r
                0x08007f5c       0x5c c:/users/dani5/.platformio/packages/toolchain-gccarmnoneeabi/bin/../lib/gcc/arm-none-eabi/7.2.1/../../../../arm-none-eabi/lib/thumb/v7e-m\libc.a(lib_a-makebuf.o)
                0x08007f5c                __swhatbuf_r
 .text.__smakebuf_r
                0x08007fb8       0x94 c:/users/dani5/.platformio/packages/toolchain-gccarmnoneeabi/bin/../lib/gcc/arm-none-eabi/7.2.1/../../../../arm-none-eabi/lib/thumb/v7e-m\libc.a(lib_a-makebuf.o)
                0x08007fb8                __smakebuf_r
 .text.malloc   0x0800804c       0x10 c:/users/dani5/.platformio/packages/toolchain-gccarmnoneeabi/bin/../lib/gcc/arm-none-eabi/7.2.1/../../../../arm-none-eabi/lib/thumb/v7e-m\libc.a(lib_a-malloc.o)
                0x0800804c                malloc
 .text.free     0x0800805c       0x10 c:/users/dani5/.platformio/packages/toolchain-gccarmnoneeabi/bin/../lib/gcc/arm-none-eabi/7.2.1/../../../../arm-none-eabi/lib/thumb/v7e-m\libc.a(lib_a-malloc.o)
                0x0800805c                free
 .text._malloc_r
                0x0800806c      0x548 c:/users/dani5/.platformio/packages/toolchain-gccarmnoneeabi/bin/../lib/gcc/arm-none-eabi/7.2.1/../../../../arm-none-eabi/lib/thumb/v7e-m\libc.a(lib_a-mallocr.o)
                0x0800806c                _malloc_r
 .text.__malloc_lock
                0x080085b4        0xc c:/users/dani5/.platformio/packages/toolchain-gccarmnoneeabi/bin/../lib/gcc/arm-none-eabi/7.2.1/../../../../arm-none-eabi/lib/thumb/v7e-m\libc.a(lib_a-mlock.o)
                0x080085b4                __malloc_lock
 .text.__malloc_unlock
                0x080085c0        0xc c:/users/dani5/.platformio/packages/toolchain-gccarmnoneeabi/bin/../lib/gcc/arm-none-eabi/7.2.1/../../../../arm-none-eabi/lib/thumb/v7e-m\libc.a(lib_a-mlock.o)
                0x080085c0                __malloc_unlock
 .text._Balloc  0x080085cc       0x4c c:/users/dani5/.platformio/packages/toolchain-gccarmnoneeabi/bin/../lib/gcc/arm-none-eabi/7.2.1/../../../../arm-none-eabi/lib/thumb/v7e-m\libc.a(lib_a-mprec.o)
                0x080085cc                _Balloc
 .text._Bfree   0x08008618       0x14 c:/users/dani5/.platformio/packages/toolchain-gccarmnoneeabi/bin/../lib/gcc/arm-none-eabi/7.2.1/../../../../arm-none-eabi/lib/thumb/v7e-m\libc.a(lib_a-mprec.o)
                0x08008618                _Bfree
 .text.__multadd
                0x0800862c       0x80 c:/users/dani5/.platformio/packages/toolchain-gccarmnoneeabi/bin/../lib/gcc/arm-none-eabi/7.2.1/../../../../arm-none-eabi/lib/thumb/v7e-m\libc.a(lib_a-mprec.o)
                0x0800862c                __multadd
 .text.__hi0bits
                0x080086ac       0x40 c:/users/dani5/.platformio/packages/toolchain-gccarmnoneeabi/bin/../lib/gcc/arm-none-eabi/7.2.1/../../../../arm-none-eabi/lib/thumb/v7e-m\libc.a(lib_a-mprec.o)
                0x080086ac                __hi0bits
 .text.__lo0bits
                0x080086ec       0x60 c:/users/dani5/.platformio/packages/toolchain-gccarmnoneeabi/bin/../lib/gcc/arm-none-eabi/7.2.1/../../../../arm-none-eabi/lib/thumb/v7e-m\libc.a(lib_a-mprec.o)
                0x080086ec                __lo0bits
 .text.__i2b    0x0800874c       0x14 c:/users/dani5/.platformio/packages/toolchain-gccarmnoneeabi/bin/../lib/gcc/arm-none-eabi/7.2.1/../../../../arm-none-eabi/lib/thumb/v7e-m\libc.a(lib_a-mprec.o)
                0x0800874c                __i2b
 .text.__multiply
                0x08008760      0x14c c:/users/dani5/.platformio/packages/toolchain-gccarmnoneeabi/bin/../lib/gcc/arm-none-eabi/7.2.1/../../../../arm-none-eabi/lib/thumb/v7e-m\libc.a(lib_a-mprec.o)
                0x08008760                __multiply
 .text.__pow5mult
                0x080088ac       0xa0 c:/users/dani5/.platformio/packages/toolchain-gccarmnoneeabi/bin/../lib/gcc/arm-none-eabi/7.2.1/../../../../arm-none-eabi/lib/thumb/v7e-m\libc.a(lib_a-mprec.o)
                0x080088ac                __pow5mult
 .text.__lshift
                0x0800894c       0xac c:/users/dani5/.platformio/packages/toolchain-gccarmnoneeabi/bin/../lib/gcc/arm-none-eabi/7.2.1/../../../../arm-none-eabi/lib/thumb/v7e-m\libc.a(lib_a-mprec.o)
                0x0800894c                __lshift
 .text.__mcmp   0x080089f8       0x38 c:/users/dani5/.platformio/packages/toolchain-gccarmnoneeabi/bin/../lib/gcc/arm-none-eabi/7.2.1/../../../../arm-none-eabi/lib/thumb/v7e-m\libc.a(lib_a-mprec.o)
                0x080089f8                __mcmp
 .text.__mdiff  0x08008a30       0xec c:/users/dani5/.platformio/packages/toolchain-gccarmnoneeabi/bin/../lib/gcc/arm-none-eabi/7.2.1/../../../../arm-none-eabi/lib/thumb/v7e-m\libc.a(lib_a-mprec.o)
                0x08008a30                __mdiff
 .text.__d2b    0x08008b1c       0xb0 c:/users/dani5/.platformio/packages/toolchain-gccarmnoneeabi/bin/../lib/gcc/arm-none-eabi/7.2.1/../../../../arm-none-eabi/lib/thumb/v7e-m\libc.a(lib_a-mprec.o)
                0x08008b1c                __d2b
 .text._putc_r  0x08008bcc       0x70 c:/users/dani5/.platformio/packages/toolchain-gccarmnoneeabi/bin/../lib/gcc/arm-none-eabi/7.2.1/../../../../arm-none-eabi/lib/thumb/v7e-m\libc.a(lib_a-putc.o)
                0x08008bcc                _putc_r
 .text._sbrk_r  0x08008c3c       0x24 c:/users/dani5/.platformio/packages/toolchain-gccarmnoneeabi/bin/../lib/gcc/arm-none-eabi/7.2.1/../../../../arm-none-eabi/lib/thumb/v7e-m\libc.a(lib_a-sbrkr.o)
                0x08008c3c                _sbrk_r
 .text.__sread  0x08008c60       0x24 c:/users/dani5/.platformio/packages/toolchain-gccarmnoneeabi/bin/../lib/gcc/arm-none-eabi/7.2.1/../../../../arm-none-eabi/lib/thumb/v7e-m\libc.a(lib_a-stdio.o)
                0x08008c60                __sread
 .text.__swrite
                0x08008c84       0x3c c:/users/dani5/.platformio/packages/toolchain-gccarmnoneeabi/bin/../lib/gcc/arm-none-eabi/7.2.1/../../../../arm-none-eabi/lib/thumb/v7e-m\libc.a(lib_a-stdio.o)
                0x08008c84                __swrite
 .text.__sseek  0x08008cc0       0x20 c:/users/dani5/.platformio/packages/toolchain-gccarmnoneeabi/bin/../lib/gcc/arm-none-eabi/7.2.1/../../../../arm-none-eabi/lib/thumb/v7e-m\libc.a(lib_a-stdio.o)
                0x08008cc0                __sseek
 .text.__sclose
                0x08008ce0        0x8 c:/users/dani5/.platformio/packages/toolchain-gccarmnoneeabi/bin/../lib/gcc/arm-none-eabi/7.2.1/../../../../arm-none-eabi/lib/thumb/v7e-m\libc.a(lib_a-stdio.o)
                0x08008ce0                __sclose
 .text.__ssprint_r
                0x08008ce8       0xf4 c:/users/dani5/.platformio/packages/toolchain-gccarmnoneeabi/bin/../lib/gcc/arm-none-eabi/7.2.1/../../../../arm-none-eabi/lib/thumb/v7e-m\libc.a(lib_a-svfiprintf.o)
                0x08008ce8                __ssprint_r
 .text.__sprint_r.part.0
                0x08008ddc       0x78 c:/users/dani5/.platformio/packages/toolchain-gccarmnoneeabi/bin/../lib/gcc/arm-none-eabi/7.2.1/../../../../arm-none-eabi/lib/thumb/v7e-m\libc.a(lib_a-vfiprintf.o)
 .text.__sprint_r
                0x08008e54       0x14 c:/users/dani5/.platformio/packages/toolchain-gccarmnoneeabi/bin/../lib/gcc/arm-none-eabi/7.2.1/../../../../arm-none-eabi/lib/thumb/v7e-m\libc.a(lib_a-vfiprintf.o)
                0x08008e54                __sprint_r
 .text.__swbuf_r
                0x08008e68       0xb0 c:/users/dani5/.platformio/packages/toolchain-gccarmnoneeabi/bin/../lib/gcc/arm-none-eabi/7.2.1/../../../../arm-none-eabi/lib/thumb/v7e-m\libc.a(lib_a-wbuf.o)
                0x08008e68                __swbuf_r
 .text.__register_exitproc
                0x08008f18       0xc0 c:/users/dani5/.platformio/packages/toolchain-gccarmnoneeabi/bin/../lib/gcc/arm-none-eabi/7.2.1/../../../../arm-none-eabi/lib/thumb/v7e-m\libc.a(lib_a-__atexit.o)
                0x08008f18                __register_exitproc
 .text._calloc_r
                0x08008fd8       0x68 c:/users/dani5/.platformio/packages/toolchain-gccarmnoneeabi/bin/../lib/gcc/arm-none-eabi/7.2.1/../../../../arm-none-eabi/lib/thumb/v7e-m\libc.a(lib_a-callocr.o)
                0x08008fd8                _calloc_r
 .text._close_r
                0x08009040       0x24 c:/users/dani5/.platformio/packages/toolchain-gccarmnoneeabi/bin/../lib/gcc/arm-none-eabi/7.2.1/../../../../arm-none-eabi/lib/thumb/v7e-m\libc.a(lib_a-closer.o)
                0x08009040                _close_r
 .text._fclose_r
                0x08009064       0xd0 c:/users/dani5/.platformio/packages/toolchain-gccarmnoneeabi/bin/../lib/gcc/arm-none-eabi/7.2.1/../../../../arm-none-eabi/lib/thumb/v7e-m\libc.a(lib_a-fclose.o)
                0x08009064                _fclose_r
 .text.__fputwc
                0x08009134       0xa0 c:/users/dani5/.platformio/packages/toolchain-gccarmnoneeabi/bin/../lib/gcc/arm-none-eabi/7.2.1/../../../../arm-none-eabi/lib/thumb/v7e-m\libc.a(lib_a-fputwc.o)
                0x08009134                __fputwc
 .text._fputwc_r
                0x080091d4       0x64 c:/users/dani5/.platformio/packages/toolchain-gccarmnoneeabi/bin/../lib/gcc/arm-none-eabi/7.2.1/../../../../arm-none-eabi/lib/thumb/v7e-m\libc.a(lib_a-fputwc.o)
                0x080091d4                _fputwc_r
 .text._fstat_r
                0x08009238       0x28 c:/users/dani5/.platformio/packages/toolchain-gccarmnoneeabi/bin/../lib/gcc/arm-none-eabi/7.2.1/../../../../arm-none-eabi/lib/thumb/v7e-m\libc.a(lib_a-fstatr.o)
                0x08009238                _fstat_r
 .text.__sfvwrite_r
                0x08009260      0x2fc c:/users/dani5/.platformio/packages/toolchain-gccarmnoneeabi/bin/../lib/gcc/arm-none-eabi/7.2.1/../../../../arm-none-eabi/lib/thumb/v7e-m\libc.a(lib_a-fvwrite.o)
                0x08009260                __sfvwrite_r
 .text._isatty_r
                0x0800955c       0x24 c:/users/dani5/.platformio/packages/toolchain-gccarmnoneeabi/bin/../lib/gcc/arm-none-eabi/7.2.1/../../../../arm-none-eabi/lib/thumb/v7e-m\libc.a(lib_a-isattyr.o)
                0x0800955c                _isatty_r
 .text.__locale_mb_cur_max
                0x08009580       0x1c c:/users/dani5/.platformio/packages/toolchain-gccarmnoneeabi/bin/../lib/gcc/arm-none-eabi/7.2.1/../../../../arm-none-eabi/lib/thumb/v7e-m\libc.a(lib_a-locale.o)
                0x08009580                __locale_mb_cur_max
 .text._lseek_r
                0x0800959c       0x2c c:/users/dani5/.platformio/packages/toolchain-gccarmnoneeabi/bin/../lib/gcc/arm-none-eabi/7.2.1/../../../../arm-none-eabi/lib/thumb/v7e-m\libc.a(lib_a-lseekr.o)
                0x0800959c                _lseek_r
 .text.__ascii_mbtowc
                0x080095c8       0x2c c:/users/dani5/.platformio/packages/toolchain-gccarmnoneeabi/bin/../lib/gcc/arm-none-eabi/7.2.1/../../../../arm-none-eabi/lib/thumb/v7e-m\libc.a(lib_a-mbtowc_r.o)
                0x080095c8                __ascii_mbtowc
 .text.memmove  0x080095f4       0xc8 c:/users/dani5/.platformio/packages/toolchain-gccarmnoneeabi/bin/../lib/gcc/arm-none-eabi/7.2.1/../../../../arm-none-eabi/lib/thumb/v7e-m\libc.a(lib_a-memmove.o)
                0x080095f4                memmove
 .text._read_r  0x080096bc       0x2c c:/users/dani5/.platformio/packages/toolchain-gccarmnoneeabi/bin/../lib/gcc/arm-none-eabi/7.2.1/../../../../arm-none-eabi/lib/thumb/v7e-m\libc.a(lib_a-readr.o)
                0x080096bc                _read_r
 .text._realloc_r
                0x080096e8      0x35c c:/users/dani5/.platformio/packages/toolchain-gccarmnoneeabi/bin/../lib/gcc/arm-none-eabi/7.2.1/../../../../arm-none-eabi/lib/thumb/v7e-m\libc.a(lib_a-reallocr.o)
                0x080096e8                _realloc_r
 .text._wcrtomb_r
                0x08009a44       0x50 c:/users/dani5/.platformio/packages/toolchain-gccarmnoneeabi/bin/../lib/gcc/arm-none-eabi/7.2.1/../../../../arm-none-eabi/lib/thumb/v7e-m\libc.a(lib_a-wcrtomb.o)
                0x08009a44                _wcrtomb_r
 .text.__ascii_wctomb
                0x08009a94       0x1c c:/users/dani5/.platformio/packages/toolchain-gccarmnoneeabi/bin/../lib/gcc/arm-none-eabi/7.2.1/../../../../arm-none-eabi/lib/thumb/v7e-m\libc.a(lib_a-wctomb_r.o)
                0x08009a94                __ascii_wctomb
 .text.sqrtf    0x08009ab0       0xa0 c:/users/dani5/.platformio/packages/toolchain-gccarmnoneeabi/bin/../lib/gcc/arm-none-eabi/7.2.1/../../../../arm-none-eabi/lib/thumb/v7e-m\libm.a(lib_a-wf_sqrt.o)
                0x08009ab0                sqrtf
 .text.__ieee754_sqrtf
                0x08009b50       0xa8 c:/users/dani5/.platformio/packages/toolchain-gccarmnoneeabi/bin/../lib/gcc/arm-none-eabi/7.2.1/../../../../arm-none-eabi/lib/thumb/v7e-m\libm.a(lib_a-ef_sqrt.o)
                0x08009b50                __ieee754_sqrtf
 .text.matherr  0x08009bf8        0x4 c:/users/dani5/.platformio/packages/toolchain-gccarmnoneeabi/bin/../lib/gcc/arm-none-eabi/7.2.1/../../../../arm-none-eabi/lib/thumb/v7e-m\libm.a(lib_a-s_matherr.o)
                0x08009bf8                matherr
 *(.glue_7)
 .glue_7        0x08009bfc        0x0 linker stubs
 *(.glue_7t)
 .glue_7t       0x08009bfc        0x0 linker stubs
 *(.eh_frame)
 .eh_frame      0x08009bfc        0x0 c:/users/dani5/.platformio/packages/toolchain-gccarmnoneeabi/bin/../lib/gcc/arm-none-eabi/7.2.1/thumb/v7e-m/crtbegin.o
 *(.init)
 .init          0x08009bfc        0x4 c:/users/dani5/.platformio/packages/toolchain-gccarmnoneeabi/bin/../lib/gcc/arm-none-eabi/7.2.1/thumb/v7e-m/crti.o
                0x08009bfc                _init
 .init          0x08009c00        0x8 c:/users/dani5/.platformio/packages/toolchain-gccarmnoneeabi/bin/../lib/gcc/arm-none-eabi/7.2.1/thumb/v7e-m/crtn.o
 *(.fini)
 .fini          0x08009c08        0x4 c:/users/dani5/.platformio/packages/toolchain-gccarmnoneeabi/bin/../lib/gcc/arm-none-eabi/7.2.1/thumb/v7e-m/crti.o
                0x08009c08                _fini
 .fini          0x08009c0c        0x8 c:/users/dani5/.platformio/packages/toolchain-gccarmnoneeabi/bin/../lib/gcc/arm-none-eabi/7.2.1/thumb/v7e-m/crtn.o
                0x08009c14                . = ALIGN (0x4)
                0x08009c14                _etext = .

.vfp11_veneer   0x08009c14        0x0
 .vfp11_veneer  0x08009c14        0x0 linker stubs

.v4_bx          0x08009c14        0x0
 .v4_bx         0x08009c14        0x0 linker stubs

.iplt           0x08009c14        0x0
 .iplt          0x08009c14        0x0 c:/users/dani5/.platformio/packages/toolchain-gccarmnoneeabi/bin/../lib/gcc/arm-none-eabi/7.2.1/thumb/v7e-m/crtbegin.o

.rodata         0x08009c18      0x8e8
                0x08009c18                . = ALIGN (0x4)
 *(.rodata)
 *(.rodata*)
 .rodata.bgcolor.str1.1
                0x08009c18        0x7 .pio\build\nucleo_f302r8\src\Ascii.o
 .rodata.borders.str1.1
                0x08009c1f       0x21 .pio\build\nucleo_f302r8\src\Ascii.o
 .rodata.drawAlien.str1.1
                0x08009c40        0x3 .pio\build\nucleo_f302r8\src\Ascii.o
 .rodata.drawBullet.str1.1
                0x08009c43        0xf .pio\build\nucleo_f302r8\src\Ascii.o
 .rodata.drawPowerup.str1.1
                0x08009c52       0x2a .pio\build\nucleo_f302r8\src\Ascii.o
 .rodata.level1.8706
                0x08009c7c        0xf .pio\build\nucleo_f302r8\src\Ascii.o
 .rodata.level2.8707
                0x08009c8b       0x14 .pio\build\nucleo_f302r8\src\Ascii.o
 .rodata.level3.8708
                0x08009c9f       0x19 .pio\build\nucleo_f302r8\src\Ascii.o
 .rodata.print_hp.str1.1
                0x08009cb8        0x9 .pio\build\nucleo_f302r8\src\Ascii.o
 .rodata.print_level.str1.1
                0x08009cc1        0xa .pio\build\nucleo_f302r8\src\Ascii.o
 .rodata.print_score.str1.1
                0x08009ccb       0x19 .pio\build\nucleo_f302r8\src\Ascii.o
 .rodata.led_update.str1.1
                0x08009ce4        0x4 .pio\build\nucleo_f302r8\src\HAL.o
                                  0xd (size before relaxing)
 .rodata.update_display_with_adc.str1.1
                0x08009ce8       0x19 .pio\build\nucleo_f302r8\src\adc.o
                                 0x22 (size before relaxing)
 .rodata.erase_bullet.str1.1
                0x08009d01       0x1e .pio\build\nucleo_f302r8\src\bullets.o
                                 0x27 (size before relaxing)
 .rodata.character_data
                0x08009d1f      0x1db .pio\build\nucleo_f302r8\src\charset.o
                0x08009d1f                character_data
 .rodata.lcd_text.str1.1
                0x08009efa        0xa .pio\build\nucleo_f302r8\src\charset.o
                                 0x18 (size before relaxing)
 .rodata.game_state_init.str1.1
                0x08009f04        0x5 .pio\build\nucleo_f302r8\src\game_state.o
 .rodata.full_heart_data
                0x08009f04       0x1a .pio\build\nucleo_f302r8\src\heart.o
                0x08009f04                full_heart_data
 .rodata.heart_x
                0x08009f1e        0x5 .pio\build\nucleo_f302r8\src\heart.o
 .rodata.heart_y
                0x08009f23        0x5 .pio\build\nucleo_f302r8\src\heart.o
 .rodata.tom_heart_data
                0x08009f28       0x1a .pio\build\nucleo_f302r8\src\heart.o
                0x08009f28                tom_heart_data
 .rodata.displayHelpScreen.str1.1
                0x08009f42      0x20e .pio\build\nucleo_f302r8\src\helpgameoverpause.o
                                0x217 (size before relaxing)
 .rodata.game_over_init.str1.1
                0x0800a150       0x19 .pio\build\nucleo_f302r8\src\helpgameoverpause.o
                                 0x1e (size before relaxing)
 .rodata.pause_init.str1.1
                0x0800a169       0x31 .pio\build\nucleo_f302r8\src\helpgameoverpause.o
 .rodata.pause_update.str1.1
                0x0800a19a        0xc .pio\build\nucleo_f302r8\src\helpgameoverpause.o
 .rodata.main.str1.1
                0x0800a19a        0x7 .pio\build\nucleo_f302r8\src\main.o
                                  0xc (size before relaxing)
 .rodata.display_menu.str1.1
                0x0800a1a1       0x28 .pio\build\nucleo_f302r8\src\menu.o
                                 0x40 (size before relaxing)
 .rodata.menu_update.str1.1
                0x0800a1c9       0x80 .pio\build\nucleo_f302r8\src\menu.o
                                 0x85 (size before relaxing)
 *fill*         0x0800a249        0x3 
 .rodata._global_impure_ptr
                0x0800a24c        0x4 c:/users/dani5/.platformio/packages/toolchain-gccarmnoneeabi/bin/../lib/gcc/arm-none-eabi/7.2.1/../../../../arm-none-eabi/lib/thumb/v7e-m\libc.a(lib_a-impure.o)
                0x0800a24c                _global_impure_ptr
 .rodata._svfprintf_r.str1.4
                0x0800a250       0x42 c:/users/dani5/.platformio/packages/toolchain-gccarmnoneeabi/bin/../lib/gcc/arm-none-eabi/7.2.1/../../../../arm-none-eabi/lib/thumb/v7e-m\libc.a(lib_a-svfprintf.o)
 *fill*         0x0800a292        0x2 
 .rodata.blanks.7276
                0x0800a294       0x10 c:/users/dani5/.platformio/packages/toolchain-gccarmnoneeabi/bin/../lib/gcc/arm-none-eabi/7.2.1/../../../../arm-none-eabi/lib/thumb/v7e-m\libc.a(lib_a-svfprintf.o)
 .rodata.zeroes.7277
                0x0800a2a4       0x10 c:/users/dani5/.platformio/packages/toolchain-gccarmnoneeabi/bin/../lib/gcc/arm-none-eabi/7.2.1/../../../../arm-none-eabi/lib/thumb/v7e-m\libc.a(lib_a-svfprintf.o)
 .rodata._vfprintf_r.str1.4
                0x0800a2b4       0x42 c:/users/dani5/.platformio/packages/toolchain-gccarmnoneeabi/bin/../lib/gcc/arm-none-eabi/7.2.1/../../../../arm-none-eabi/lib/thumb/v7e-m\libc.a(lib_a-vfprintf.o)
 .rodata.blanks.7291
                0x0800a2b4       0x10 c:/users/dani5/.platformio/packages/toolchain-gccarmnoneeabi/bin/../lib/gcc/arm-none-eabi/7.2.1/../../../../arm-none-eabi/lib/thumb/v7e-m\libc.a(lib_a-vfprintf.o)
 .rodata.zeroes.7292
                0x0800a2c4       0x10 c:/users/dani5/.platformio/packages/toolchain-gccarmnoneeabi/bin/../lib/gcc/arm-none-eabi/7.2.1/../../../../arm-none-eabi/lib/thumb/v7e-m\libc.a(lib_a-vfprintf.o)
 .rodata._dtoa_r.str1.4
                0x0800a2d4       0x10 c:/users/dani5/.platformio/packages/toolchain-gccarmnoneeabi/bin/../lib/gcc/arm-none-eabi/7.2.1/../../../../arm-none-eabi/lib/thumb/v7e-m\libc.a(lib_a-dtoa.o)
                                 0x12 (size before relaxing)
 *fill*         0x0800a2e4        0x4 
 .rodata.__mprec_bigtens
                0x0800a2e8       0x28 c:/users/dani5/.platformio/packages/toolchain-gccarmnoneeabi/bin/../lib/gcc/arm-none-eabi/7.2.1/../../../../arm-none-eabi/lib/thumb/v7e-m\libc.a(lib_a-mprec.o)
                0x0800a2e8                __mprec_bigtens
 .rodata.__mprec_tens
                0x0800a310       0xc8 c:/users/dani5/.platformio/packages/toolchain-gccarmnoneeabi/bin/../lib/gcc/arm-none-eabi/7.2.1/../../../../arm-none-eabi/lib/thumb/v7e-m\libc.a(lib_a-mprec.o)
                0x0800a310                __mprec_tens
 .rodata.p05.6092
                0x0800a3d8        0xc c:/users/dani5/.platformio/packages/toolchain-gccarmnoneeabi/bin/../lib/gcc/arm-none-eabi/7.2.1/../../../../arm-none-eabi/lib/thumb/v7e-m\libc.a(lib_a-mprec.o)
 .rodata._setlocale_r.str1.4
                0x0800a3e4        0xa c:/users/dani5/.platformio/packages/toolchain-gccarmnoneeabi/bin/../lib/gcc/arm-none-eabi/7.2.1/../../../../arm-none-eabi/lib/thumb/v7e-m\libc.a(lib_a-locale.o)
                                  0xd (size before relaxing)
 *fill*         0x0800a3ee        0x2 
 .rodata.str1.4
                0x0800a3f0        0x2 c:/users/dani5/.platformio/packages/toolchain-gccarmnoneeabi/bin/../lib/gcc/arm-none-eabi/7.2.1/../../../../arm-none-eabi/lib/thumb/v7e-m\libc.a(lib_a-locale.o)
 *fill*         0x0800a3f2        0x2 
 .rodata._ctype_
                0x0800a3f4      0x101 c:/users/dani5/.platformio/packages/toolchain-gccarmnoneeabi/bin/../lib/gcc/arm-none-eabi/7.2.1/../../../../arm-none-eabi/lib/thumb/v7e-m\libc.a(lib_a-ctype_.o)
                0x0800a3f4                _ctype_
 *fill*         0x0800a4f5        0x3 
 .rodata.sqrtf.str1.4
                0x0800a4f8        0x8 c:/users/dani5/.platformio/packages/toolchain-gccarmnoneeabi/bin/../lib/gcc/arm-none-eabi/7.2.1/../../../../arm-none-eabi/lib/thumb/v7e-m\libm.a(lib_a-wf_sqrt.o)
                                  0x6 (size before relaxing)
                0x0800a500                . = ALIGN (0x4)

.ARM.extab      0x0800a500        0x0
                0x0800a500                . = ALIGN (0x4)
 *(.ARM.extab* .gnu.linkonce.armextab.*)
                0x0800a500                . = ALIGN (0x4)

.ARM            0x0800a500        0x8
                0x0800a500                . = ALIGN (0x4)
                0x0800a500                __exidx_start = .
 *(.ARM.exidx*)
 .ARM.exidx     0x0800a500        0x8 c:/users/dani5/.platformio/packages/toolchain-gccarmnoneeabi/bin/../lib/gcc/arm-none-eabi/7.2.1/thumb/v7e-m\libgcc.a(_udivmoddi4.o)
                0x0800a508                __exidx_end = .
                0x0800a508                . = ALIGN (0x4)

.rel.dyn        0x0800a508        0x0
 .rel.iplt      0x0800a508        0x0 c:/users/dani5/.platformio/packages/toolchain-gccarmnoneeabi/bin/../lib/gcc/arm-none-eabi/7.2.1/thumb/v7e-m/crtbegin.o

.preinit_array  0x0800a508        0x0
                0x0800a508                . = ALIGN (0x4)
                0x0800a508                PROVIDE (__preinit_array_start, .)
 *(.preinit_array*)
                0x0800a508                PROVIDE (__preinit_array_end, .)
                0x0800a508                . = ALIGN (0x4)

.init_array     0x0800a508        0x8
                0x0800a508                . = ALIGN (0x4)
                0x0800a508                PROVIDE (__init_array_start, .)
 *(SORT_BY_NAME(.init_array.*))
 .init_array.00000
                0x0800a508        0x4 c:/users/dani5/.platformio/packages/toolchain-gccarmnoneeabi/bin/../lib/gcc/arm-none-eabi/7.2.1/../../../../arm-none-eabi/lib/thumb/v7e-m\libc.a(lib_a-__call_atexit.o)
 *(.init_array*)
 .init_array    0x0800a50c        0x4 c:/users/dani5/.platformio/packages/toolchain-gccarmnoneeabi/bin/../lib/gcc/arm-none-eabi/7.2.1/thumb/v7e-m/crtbegin.o
                0x0800a510                PROVIDE (__init_array_end, .)
                0x0800a510                . = ALIGN (0x4)

.fini_array     0x0800a510        0x4
                0x0800a510                . = ALIGN (0x4)
                0x0800a510                PROVIDE (__fini_array_start, .)
 *(SORT_BY_NAME(.fini_array.*))
 *(.fini_array*)
 .fini_array    0x0800a510        0x4 c:/users/dani5/.platformio/packages/toolchain-gccarmnoneeabi/bin/../lib/gcc/arm-none-eabi/7.2.1/thumb/v7e-m/crtbegin.o
                0x0800a514                PROVIDE (__fini_array_end, .)
                0x0800a514                . = ALIGN (0x4)
                0x0800a514                _sidata = LOADADDR (.data)

.data           0x20000000      0x9dc load address 0x0800a514
                0x20000000                . = ALIGN (0x4)
                0x20000000                _sdata = .
 *(.data)
 *(.data*)
 .data.ADCPrescTable
                0x20000000       0x1a .pio\build\nucleo_f302r8\lib\SPL\src\stm32f30x_rcc.o
 .data.APBAHBPrescTable
                0x2000001a       0x10 .pio\build\nucleo_f302r8\lib\SPL\src\stm32f30x_rcc.o
 *fill*         0x2000002a        0x2 
 .data._impure_ptr
                0x2000002c        0x4 c:/users/dani5/.platformio/packages/toolchain-gccarmnoneeabi/bin/../lib/gcc/arm-none-eabi/7.2.1/../../../../arm-none-eabi/lib/thumb/v7e-m\libc.a(lib_a-impure.o)
                0x2000002c                _impure_ptr
 .data.impure_data
                0x20000030      0x428 c:/users/dani5/.platformio/packages/toolchain-gccarmnoneeabi/bin/../lib/gcc/arm-none-eabi/7.2.1/../../../../arm-none-eabi/lib/thumb/v7e-m\libc.a(lib_a-impure.o)
 .data.__atexit_recursive_mutex
                0x20000458        0x4 c:/users/dani5/.platformio/packages/toolchain-gccarmnoneeabi/bin/../lib/gcc/arm-none-eabi/7.2.1/../../../../arm-none-eabi/lib/thumb/v7e-m\libc.a(lib_a-__call_atexit.o)
                0x20000458                __atexit_recursive_mutex
 .data.__malloc_av_
                0x2000045c      0x408 c:/users/dani5/.platformio/packages/toolchain-gccarmnoneeabi/bin/../lib/gcc/arm-none-eabi/7.2.1/../../../../arm-none-eabi/lib/thumb/v7e-m\libc.a(lib_a-mallocr.o)
                0x2000045c                __malloc_av_
 .data.__malloc_sbrk_base
                0x20000864        0x4 c:/users/dani5/.platformio/packages/toolchain-gccarmnoneeabi/bin/../lib/gcc/arm-none-eabi/7.2.1/../../../../arm-none-eabi/lib/thumb/v7e-m\libc.a(lib_a-mallocr.o)
                0x20000864                __malloc_sbrk_base
 .data.__malloc_trim_threshold
                0x20000868        0x4 c:/users/dani5/.platformio/packages/toolchain-gccarmnoneeabi/bin/../lib/gcc/arm-none-eabi/7.2.1/../../../../arm-none-eabi/lib/thumb/v7e-m\libc.a(lib_a-mallocr.o)
                0x20000868                __malloc_trim_threshold
 .data.__global_locale
                0x2000086c      0x16c c:/users/dani5/.platformio/packages/toolchain-gccarmnoneeabi/bin/../lib/gcc/arm-none-eabi/7.2.1/../../../../arm-none-eabi/lib/thumb/v7e-m\libc.a(lib_a-locale.o)
                0x2000086c                __global_locale
 .data.__fdlib_version
                0x200009d8        0x1 c:/users/dani5/.platformio/packages/toolchain-gccarmnoneeabi/bin/../lib/gcc/arm-none-eabi/7.2.1/../../../../arm-none-eabi/lib/thumb/v7e-m\libm.a(lib_a-s_lib_ver.o)
                0x200009d8                __fdlib_version
                0x200009dc                . = ALIGN (0x4)
 *fill*         0x200009d9        0x3 
                0x200009dc                _edata = .

.igot.plt       0x200009dc        0x0 load address 0x0800aef0
 .igot.plt      0x200009dc        0x0 c:/users/dani5/.platformio/packages/toolchain-gccarmnoneeabi/bin/../lib/gcc/arm-none-eabi/7.2.1/thumb/v7e-m/crtbegin.o
                0x200009dc                . = ALIGN (0x4)

.bss            0x200009dc      0x6d4 load address 0x0800aef0
                0x200009dc                _sbss = .
                0x200009dc                __bss_start__ = _sbss
 *(.bss)
 .bss           0x200009dc       0x1c c:/users/dani5/.platformio/packages/toolchain-gccarmnoneeabi/bin/../lib/gcc/arm-none-eabi/7.2.1/thumb/v7e-m/crtbegin.o
 *(.bss*)
 .bss.tim2_flag
                0x200009f8        0x1 .pio\build\nucleo_f302r8\src\HAL.o
                0x200009f8                tim2_flag
 .bss.channel.8702
                0x200009f9        0x1 .pio\build\nucleo_f302r8\src\adc.o
 .bss.UART_BUFFER
                0x200009fa      0x100 .pio\build\nucleo_f302r8\src\bsp\30010_io.o
                0x200009fa                UART_BUFFER
 .bss.UART_COUNT
                0x20000afa        0x1 .pio\build\nucleo_f302r8\src\bsp\30010_io.o
                0x20000afa                UART_COUNT
 .bss.UART_END_IDX
                0x20000afb        0x1 .pio\build\nucleo_f302r8\src\bsp\30010_io.o
                0x20000afb                UART_END_IDX
 .bss.UART_START_IDX
                0x20000afc        0x1 .pio\build\nucleo_f302r8\src\bsp\30010_io.o
                0x20000afc                UART_START_IDX
 *fill*         0x20000afd        0x3 
 .bss.heap_end.5149
                0x20000b00        0x4 .pio\build\nucleo_f302r8\src\bsp\sysmem.o
 .bss.bullet_system
                0x20000b04      0x2d4 .pio\build\nucleo_f302r8\src\game_state.o
 .bss.lcd_initialized
                0x20000dd8        0x1 .pio\build\nucleo_f302r8\src\heart.o
 *fill*         0x20000dd9        0x3 
 .bss.__malloc_current_mallinfo
                0x20000ddc       0x28 c:/users/dani5/.platformio/packages/toolchain-gccarmnoneeabi/bin/../lib/gcc/arm-none-eabi/7.2.1/../../../../arm-none-eabi/lib/thumb/v7e-m\libc.a(lib_a-mallocr.o)
                0x20000ddc                __malloc_current_mallinfo
 .bss.__malloc_max_sbrked_mem
                0x20000e04        0x4 c:/users/dani5/.platformio/packages/toolchain-gccarmnoneeabi/bin/../lib/gcc/arm-none-eabi/7.2.1/../../../../arm-none-eabi/lib/thumb/v7e-m\libc.a(lib_a-mallocr.o)
                0x20000e04                __malloc_max_sbrked_mem
 .bss.__malloc_max_total_mem
                0x20000e08        0x4 c:/users/dani5/.platformio/packages/toolchain-gccarmnoneeabi/bin/../lib/gcc/arm-none-eabi/7.2.1/../../../../arm-none-eabi/lib/thumb/v7e-m\libc.a(lib_a-mallocr.o)
                0x20000e08                __malloc_max_total_mem
 .bss.__malloc_top_pad
                0x20000e0c        0x4 c:/users/dani5/.platformio/packages/toolchain-gccarmnoneeabi/bin/../lib/gcc/arm-none-eabi/7.2.1/../../../../arm-none-eabi/lib/thumb/v7e-m\libc.a(lib_a-mallocr.o)
                0x20000e0c                __malloc_top_pad
 *(COMMON)
 COMMON         0x20000e10       0x78 .pio\build\nucleo_f302r8\src\Physics.o
                0x20000e10                p
 COMMON         0x20000e88      0x200 .pio\build\nucleo_f302r8\src\heart.o
                0x20000e88                lcd_buffer
 COMMON         0x20001088       0x21 c:/users/dani5/.platformio/packages/toolchain-gccarmnoneeabi/bin/../lib/gcc/arm-none-eabi/7.2.1/../../../../arm-none-eabi/lib/thumb/v7e-m\libc.a(lib_a-lock.o)
                0x20001088                __lock___atexit_recursive_mutex
                0x2000108c                __lock___arc4random_mutex
                0x20001090                __lock___env_recursive_mutex
                0x20001094                __lock___sinit_recursive_mutex
                0x20001098                __lock___malloc_recursive_mutex
                0x2000109c                __lock___at_quick_exit_mutex
                0x200010a0                __lock___dd_hash_mutex
                0x200010a4                __lock___tz_mutex
                0x200010a8                __lock___sfp_recursive_mutex
 *fill*         0x200010a9        0x3 
 COMMON         0x200010ac        0x4 c:/users/dani5/.platformio/packages/toolchain-gccarmnoneeabi/bin/../lib/gcc/arm-none-eabi/7.2.1/../../../../arm-none-eabi/lib/thumb/v7e-m\libc.a(lib_a-reent.o)
                0x200010ac                errno
                0x200010b0                . = ALIGN (0x4)
                0x200010b0                _ebss = .
                0x200010b0                __bss_end__ = _ebss

._user_heap_stack
                0x200010b0      0x600 load address 0x0800aef0
                0x200010b0                . = ALIGN (0x8)
                0x200010b0                PROVIDE (end, .)
                [!provide]                PROVIDE (_end, .)
                0x200012b0                . = (. + _Min_Heap_Size)
 *fill*         0x200010b0      0x200 
                0x200016b0                . = (. + _Min_Stack_Size)
 *fill*         0x200012b0      0x400 
                0x200016b0                . = ALIGN (0x8)

/DISCARD/
 libc.a(*)
 libm.a(*)
 libgcc.a(*)

.ARM.attributes
                0x00000000       0x2a
 *(.ARM.attributes)
 .ARM.attributes
                0x00000000       0x1e c:/users/dani5/.platformio/packages/toolchain-gccarmnoneeabi/bin/../lib/gcc/arm-none-eabi/7.2.1/thumb/v7e-m/crti.o
 .ARM.attributes
                0x0000001e       0x2e c:/users/dani5/.platformio/packages/toolchain-gccarmnoneeabi/bin/../lib/gcc/arm-none-eabi/7.2.1/thumb/v7e-m/crtbegin.o
 .ARM.attributes
                0x0000004c       0x33 .pio\build\nucleo_f302r8\lib\SPL\src\stm32f30x_adc.o
 .ARM.attributes
                0x0000007f       0x33 .pio\build\nucleo_f302r8\lib\SPL\src\stm32f30x_rcc.o
 .ARM.attributes
                0x000000b2       0x33 .pio\build\nucleo_f302r8\lib\SPL\src\stm32f30x_spi.o
 .ARM.attributes
                0x000000e5       0x33 .pio\build\nucleo_f302r8\lib\SPL\src\stm32f30x_usart.o
 .ARM.attributes
                0x00000118       0x21 .pio\build\nucleo_f302r8\startup_stm32f302r8tx.o
 .ARM.attributes
                0x00000139       0x33 .pio\build\nucleo_f302r8\src\Ascii.o
 .ARM.attributes
                0x0000016c       0x33 .pio\build\nucleo_f302r8\src\HAL.o
 .ARM.attributes
                0x0000019f       0x33 .pio\build\nucleo_f302r8\src\Physics.o
 .ARM.attributes
                0x000001d2       0x33 .pio\build\nucleo_f302r8\src\adc.o
 .ARM.attributes
                0x00000205       0x33 .pio\build\nucleo_f302r8\src\bsp\30010_io.o
 .ARM.attributes
                0x00000238       0x33 .pio\build\nucleo_f302r8\src\bsp\syscalls.o
 .ARM.attributes
                0x0000026b       0x33 .pio\build\nucleo_f302r8\src\bsp\sysmem.o
 .ARM.attributes
                0x0000029e       0x33 .pio\build\nucleo_f302r8\src\bsp\system_stm32f30x.o
 .ARM.attributes
                0x000002d1       0x33 .pio\build\nucleo_f302r8\src\bullets.o
 .ARM.attributes
                0x00000304       0x33 .pio\build\nucleo_f302r8\src\charset.o
 .ARM.attributes
                0x00000337       0x33 .pio\build\nucleo_f302r8\src\game_state.o
 .ARM.attributes
                0x0000036a       0x33 .pio\build\nucleo_f302r8\src\heart.o
 .ARM.attributes
                0x0000039d       0x33 .pio\build\nucleo_f302r8\src\helpgameoverpause.o
 .ARM.attributes
                0x000003d0       0x33 .pio\build\nucleo_f302r8\src\main.o
 .ARM.attributes
                0x00000403       0x33 .pio\build\nucleo_f302r8\src\menu.o
 .ARM.attributes
                0x00000436       0x33 .pio\build\nucleo_f302r8\src\powerup.o
 .ARM.attributes
                0x00000469       0x2e c:/users/dani5/.platformio/packages/toolchain-gccarmnoneeabi/bin/../lib/gcc/arm-none-eabi/7.2.1/../../../../arm-none-eabi/lib/thumb/v7e-m\libc.a(lib_a-errno.o)
 .ARM.attributes
                0x00000497       0x2e c:/users/dani5/.platformio/packages/toolchain-gccarmnoneeabi/bin/../lib/gcc/arm-none-eabi/7.2.1/../../../../arm-none-eabi/lib/thumb/v7e-m\libc.a(lib_a-exit.o)
 .ARM.attributes
                0x000004c5       0x2e c:/users/dani5/.platformio/packages/toolchain-gccarmnoneeabi/bin/../lib/gcc/arm-none-eabi/7.2.1/../../../../arm-none-eabi/lib/thumb/v7e-m\libc.a(lib_a-impure.o)
 .ARM.attributes
                0x000004f3       0x2e c:/users/dani5/.platformio/packages/toolchain-gccarmnoneeabi/bin/../lib/gcc/arm-none-eabi/7.2.1/../../../../arm-none-eabi/lib/thumb/v7e-m\libc.a(lib_a-init.o)
 .ARM.attributes
                0x00000521       0x2e c:/users/dani5/.platformio/packages/toolchain-gccarmnoneeabi/bin/../lib/gcc/arm-none-eabi/7.2.1/../../../../arm-none-eabi/lib/thumb/v7e-m\libc.a(lib_a-memset.o)
 .ARM.attributes
                0x0000054f       0x2e c:/users/dani5/.platformio/packages/toolchain-gccarmnoneeabi/bin/../lib/gcc/arm-none-eabi/7.2.1/../../../../arm-none-eabi/lib/thumb/v7e-m\libc.a(lib_a-printf.o)
 .ARM.attributes
                0x0000057d       0x2e c:/users/dani5/.platformio/packages/toolchain-gccarmnoneeabi/bin/../lib/gcc/arm-none-eabi/7.2.1/../../../../arm-none-eabi/lib/thumb/v7e-m\libc.a(lib_a-putchar.o)
 .ARM.attributes
                0x000005ab       0x2e c:/users/dani5/.platformio/packages/toolchain-gccarmnoneeabi/bin/../lib/gcc/arm-none-eabi/7.2.1/../../../../arm-none-eabi/lib/thumb/v7e-m\libc.a(lib_a-rand.o)
 .ARM.attributes
                0x000005d9       0x2e c:/users/dani5/.platformio/packages/toolchain-gccarmnoneeabi/bin/../lib/gcc/arm-none-eabi/7.2.1/../../../../arm-none-eabi/lib/thumb/v7e-m\libc.a(lib_a-setbuf.o)
 .ARM.attributes
                0x00000607       0x2e c:/users/dani5/.platformio/packages/toolchain-gccarmnoneeabi/bin/../lib/gcc/arm-none-eabi/7.2.1/../../../../arm-none-eabi/lib/thumb/v7e-m\libc.a(lib_a-setvbuf.o)
 .ARM.attributes
                0x00000635       0x2e c:/users/dani5/.platformio/packages/toolchain-gccarmnoneeabi/bin/../lib/gcc/arm-none-eabi/7.2.1/../../../../arm-none-eabi/lib/thumb/v7e-m\libc.a(lib_a-sprintf.o)
 .ARM.attributes
                0x00000663       0x2e c:/users/dani5/.platformio/packages/toolchain-gccarmnoneeabi/bin/../lib/gcc/arm-none-eabi/7.2.1/../../../../arm-none-eabi/lib/thumb/v7e-m\libc.a(lib_a-svfprintf.o)
 .ARM.attributes
                0x00000691       0x2e c:/users/dani5/.platformio/packages/toolchain-gccarmnoneeabi/bin/../lib/gcc/arm-none-eabi/7.2.1/../../../../arm-none-eabi/lib/thumb/v7e-m\libc.a(lib_a-vfprintf.o)
 .ARM.attributes
                0x000006bf       0x2e c:/users/dani5/.platformio/packages/toolchain-gccarmnoneeabi/bin/../lib/gcc/arm-none-eabi/7.2.1/../../../../arm-none-eabi/lib/thumb/v7e-m\libc.a(lib_a-wsetup.o)
 .ARM.attributes
                0x000006ed       0x2e c:/users/dani5/.platformio/packages/toolchain-gccarmnoneeabi/bin/../lib/gcc/arm-none-eabi/7.2.1/../../../../arm-none-eabi/lib/thumb/v7e-m\libc.a(lib_a-__call_atexit.o)
 .ARM.attributes
                0x0000071b       0x2e c:/users/dani5/.platformio/packages/toolchain-gccarmnoneeabi/bin/../lib/gcc/arm-none-eabi/7.2.1/../../../../arm-none-eabi/lib/thumb/v7e-m\libc.a(lib_a-atexit.o)
 .ARM.attributes
                0x00000749       0x2e c:/users/dani5/.platformio/packages/toolchain-gccarmnoneeabi/bin/../lib/gcc/arm-none-eabi/7.2.1/../../../../arm-none-eabi/lib/thumb/v7e-m\libc.a(lib_a-dtoa.o)
 .ARM.attributes
                0x00000777       0x2e c:/users/dani5/.platformio/packages/toolchain-gccarmnoneeabi/bin/../lib/gcc/arm-none-eabi/7.2.1/../../../../arm-none-eabi/lib/thumb/v7e-m\libc.a(lib_a-fflush.o)
 .ARM.attributes
                0x000007a5       0x2e c:/users/dani5/.platformio/packages/toolchain-gccarmnoneeabi/bin/../lib/gcc/arm-none-eabi/7.2.1/../../../../arm-none-eabi/lib/thumb/v7e-m\libc.a(lib_a-findfp.o)
 .ARM.attributes
                0x000007d3       0x2e c:/users/dani5/.platformio/packages/toolchain-gccarmnoneeabi/bin/../lib/gcc/arm-none-eabi/7.2.1/../../../../arm-none-eabi/lib/thumb/v7e-m\libc.a(lib_a-fini.o)
 .ARM.attributes
                0x00000801       0x2e c:/users/dani5/.platformio/packages/toolchain-gccarmnoneeabi/bin/../lib/gcc/arm-none-eabi/7.2.1/../../../../arm-none-eabi/lib/thumb/v7e-m\libc.a(lib_a-freer.o)
 .ARM.attributes
                0x0000082f       0x2e c:/users/dani5/.platformio/packages/toolchain-gccarmnoneeabi/bin/../lib/gcc/arm-none-eabi/7.2.1/../../../../arm-none-eabi/lib/thumb/v7e-m\libc.a(lib_a-fwalk.o)
 .ARM.attributes
                0x0000085d       0x2e c:/users/dani5/.platformio/packages/toolchain-gccarmnoneeabi/bin/../lib/gcc/arm-none-eabi/7.2.1/../../../../arm-none-eabi/lib/thumb/v7e-m\libc.a(lib_a-localeconv.o)
 .ARM.attributes
                0x0000088b       0x2e c:/users/dani5/.platformio/packages/toolchain-gccarmnoneeabi/bin/../lib/gcc/arm-none-eabi/7.2.1/../../../../arm-none-eabi/lib/thumb/v7e-m\libc.a(lib_a-lock.o)
 .ARM.attributes
                0x000008b9       0x2e c:/users/dani5/.platformio/packages/toolchain-gccarmnoneeabi/bin/../lib/gcc/arm-none-eabi/7.2.1/../../../../arm-none-eabi/lib/thumb/v7e-m\libc.a(lib_a-makebuf.o)
 .ARM.attributes
                0x000008e7       0x2e c:/users/dani5/.platformio/packages/toolchain-gccarmnoneeabi/bin/../lib/gcc/arm-none-eabi/7.2.1/../../../../arm-none-eabi/lib/thumb/v7e-m\libc.a(lib_a-malloc.o)
 .ARM.attributes
                0x00000915       0x2e c:/users/dani5/.platformio/packages/toolchain-gccarmnoneeabi/bin/../lib/gcc/arm-none-eabi/7.2.1/../../../../arm-none-eabi/lib/thumb/v7e-m\libc.a(lib_a-mallocr.o)
 .ARM.attributes
                0x00000943       0x1c c:/users/dani5/.platformio/packages/toolchain-gccarmnoneeabi/bin/../lib/gcc/arm-none-eabi/7.2.1/../../../../arm-none-eabi/lib/thumb/v7e-m\libc.a(lib_a-memchr.o)
 .ARM.attributes
                0x0000095f       0x1c c:/users/dani5/.platformio/packages/toolchain-gccarmnoneeabi/bin/../lib/gcc/arm-none-eabi/7.2.1/../../../../arm-none-eabi/lib/thumb/v7e-m\libc.a(lib_a-memcpy.o)
 .ARM.attributes
                0x0000097b       0x2e c:/users/dani5/.platformio/packages/toolchain-gccarmnoneeabi/bin/../lib/gcc/arm-none-eabi/7.2.1/../../../../arm-none-eabi/lib/thumb/v7e-m\libc.a(lib_a-mlock.o)
 .ARM.attributes
                0x000009a9       0x2e c:/users/dani5/.platformio/packages/toolchain-gccarmnoneeabi/bin/../lib/gcc/arm-none-eabi/7.2.1/../../../../arm-none-eabi/lib/thumb/v7e-m\libc.a(lib_a-mprec.o)
 .ARM.attributes
                0x000009d7       0x2e c:/users/dani5/.platformio/packages/toolchain-gccarmnoneeabi/bin/../lib/gcc/arm-none-eabi/7.2.1/../../../../arm-none-eabi/lib/thumb/v7e-m\libc.a(lib_a-putc.o)
 .ARM.attributes
                0x00000a05       0x2e c:/users/dani5/.platformio/packages/toolchain-gccarmnoneeabi/bin/../lib/gcc/arm-none-eabi/7.2.1/../../../../arm-none-eabi/lib/thumb/v7e-m\libc.a(lib_a-sbrkr.o)
 .ARM.attributes
                0x00000a33       0x2e c:/users/dani5/.platformio/packages/toolchain-gccarmnoneeabi/bin/../lib/gcc/arm-none-eabi/7.2.1/../../../../arm-none-eabi/lib/thumb/v7e-m\libc.a(lib_a-stdio.o)
 .ARM.attributes
                0x00000a61       0x1c c:/users/dani5/.platformio/packages/toolchain-gccarmnoneeabi/bin/../lib/gcc/arm-none-eabi/7.2.1/../../../../arm-none-eabi/lib/thumb/v7e-m\libc.a(lib_a-strlen.o)
 .ARM.attributes
                0x00000a7d       0x2e c:/users/dani5/.platformio/packages/toolchain-gccarmnoneeabi/bin/../lib/gcc/arm-none-eabi/7.2.1/../../../../arm-none-eabi/lib/thumb/v7e-m\libc.a(lib_a-svfiprintf.o)
 .ARM.attributes
                0x00000aab       0x2e c:/users/dani5/.platformio/packages/toolchain-gccarmnoneeabi/bin/../lib/gcc/arm-none-eabi/7.2.1/../../../../arm-none-eabi/lib/thumb/v7e-m\libc.a(lib_a-vfiprintf.o)
 .ARM.attributes
                0x00000ad9       0x2e c:/users/dani5/.platformio/packages/toolchain-gccarmnoneeabi/bin/../lib/gcc/arm-none-eabi/7.2.1/../../../../arm-none-eabi/lib/thumb/v7e-m\libc.a(lib_a-wbuf.o)
 .ARM.attributes
                0x00000b07       0x2e c:/users/dani5/.platformio/packages/toolchain-gccarmnoneeabi/bin/../lib/gcc/arm-none-eabi/7.2.1/../../../../arm-none-eabi/lib/thumb/v7e-m\libc.a(lib_a-__atexit.o)
 .ARM.attributes
                0x00000b35       0x2e c:/users/dani5/.platformio/packages/toolchain-gccarmnoneeabi/bin/../lib/gcc/arm-none-eabi/7.2.1/../../../../arm-none-eabi/lib/thumb/v7e-m\libc.a(lib_a-callocr.o)
 .ARM.attributes
                0x00000b63       0x2e c:/users/dani5/.platformio/packages/toolchain-gccarmnoneeabi/bin/../lib/gcc/arm-none-eabi/7.2.1/../../../../arm-none-eabi/lib/thumb/v7e-m\libc.a(lib_a-closer.o)
 .ARM.attributes
                0x00000b91       0x2e c:/users/dani5/.platformio/packages/toolchain-gccarmnoneeabi/bin/../lib/gcc/arm-none-eabi/7.2.1/../../../../arm-none-eabi/lib/thumb/v7e-m\libc.a(lib_a-fclose.o)
 .ARM.attributes
                0x00000bbf       0x2e c:/users/dani5/.platformio/packages/toolchain-gccarmnoneeabi/bin/../lib/gcc/arm-none-eabi/7.2.1/../../../../arm-none-eabi/lib/thumb/v7e-m\libc.a(lib_a-fputwc.o)
 .ARM.attributes
                0x00000bed       0x2e c:/users/dani5/.platformio/packages/toolchain-gccarmnoneeabi/bin/../lib/gcc/arm-none-eabi/7.2.1/../../../../arm-none-eabi/lib/thumb/v7e-m\libc.a(lib_a-fstatr.o)
 .ARM.attributes
                0x00000c1b       0x2e c:/users/dani5/.platformio/packages/toolchain-gccarmnoneeabi/bin/../lib/gcc/arm-none-eabi/7.2.1/../../../../arm-none-eabi/lib/thumb/v7e-m\libc.a(lib_a-fvwrite.o)
 .ARM.attributes
                0x00000c49       0x2e c:/users/dani5/.platformio/packages/toolchain-gccarmnoneeabi/bin/../lib/gcc/arm-none-eabi/7.2.1/../../../../arm-none-eabi/lib/thumb/v7e-m\libc.a(lib_a-isattyr.o)
 .ARM.attributes
                0x00000c77       0x2e c:/users/dani5/.platformio/packages/toolchain-gccarmnoneeabi/bin/../lib/gcc/arm-none-eabi/7.2.1/../../../../arm-none-eabi/lib/thumb/v7e-m\libc.a(lib_a-locale.o)
 .ARM.attributes
                0x00000ca5       0x2e c:/users/dani5/.platformio/packages/toolchain-gccarmnoneeabi/bin/../lib/gcc/arm-none-eabi/7.2.1/../../../../arm-none-eabi/lib/thumb/v7e-m\libc.a(lib_a-lseekr.o)
 .ARM.attributes
                0x00000cd3       0x2e c:/users/dani5/.platformio/packages/toolchain-gccarmnoneeabi/bin/../lib/gcc/arm-none-eabi/7.2.1/../../../../arm-none-eabi/lib/thumb/v7e-m\libc.a(lib_a-mbtowc_r.o)
 .ARM.attributes
                0x00000d01       0x2e c:/users/dani5/.platformio/packages/toolchain-gccarmnoneeabi/bin/../lib/gcc/arm-none-eabi/7.2.1/../../../../arm-none-eabi/lib/thumb/v7e-m\libc.a(lib_a-memmove.o)
 .ARM.attributes
                0x00000d2f       0x2e c:/users/dani5/.platformio/packages/toolchain-gccarmnoneeabi/bin/../lib/gcc/arm-none-eabi/7.2.1/../../../../arm-none-eabi/lib/thumb/v7e-m\libc.a(lib_a-readr.o)
 .ARM.attributes
                0x00000d5d       0x2e c:/users/dani5/.platformio/packages/toolchain-gccarmnoneeabi/bin/../lib/gcc/arm-none-eabi/7.2.1/../../../../arm-none-eabi/lib/thumb/v7e-m\libc.a(lib_a-reallocr.o)
 .ARM.attributes
                0x00000d8b       0x2e c:/users/dani5/.platformio/packages/toolchain-gccarmnoneeabi/bin/../lib/gcc/arm-none-eabi/7.2.1/../../../../arm-none-eabi/lib/thumb/v7e-m\libc.a(lib_a-reent.o)
 .ARM.attributes
                0x00000db9       0x2e c:/users/dani5/.platformio/packages/toolchain-gccarmnoneeabi/bin/../lib/gcc/arm-none-eabi/7.2.1/../../../../arm-none-eabi/lib/thumb/v7e-m\libc.a(lib_a-wcrtomb.o)
 .ARM.attributes
                0x00000de7       0x2e c:/users/dani5/.platformio/packages/toolchain-gccarmnoneeabi/bin/../lib/gcc/arm-none-eabi/7.2.1/../../../../arm-none-eabi/lib/thumb/v7e-m\libc.a(lib_a-wctomb_r.o)
 .ARM.attributes
                0x00000e15       0x2e c:/users/dani5/.platformio/packages/toolchain-gccarmnoneeabi/bin/../lib/gcc/arm-none-eabi/7.2.1/../../../../arm-none-eabi/lib/thumb/v7e-m\libc.a(lib_a-ctype_.o)
 .ARM.attributes
                0x00000e43       0x1e c:/users/dani5/.platformio/packages/toolchain-gccarmnoneeabi/bin/../lib/gcc/arm-none-eabi/7.2.1/thumb/v7e-m\libgcc.a(_arm_addsubdf3.o)
 .ARM.attributes
                0x00000e61       0x1e c:/users/dani5/.platformio/packages/toolchain-gccarmnoneeabi/bin/../lib/gcc/arm-none-eabi/7.2.1/thumb/v7e-m\libgcc.a(_arm_muldivdf3.o)
 .ARM.attributes
                0x00000e7f       0x1e c:/users/dani5/.platformio/packages/toolchain-gccarmnoneeabi/bin/../lib/gcc/arm-none-eabi/7.2.1/thumb/v7e-m\libgcc.a(_arm_cmpdf2.o)
 .ARM.attributes
                0x00000e9d       0x1e c:/users/dani5/.platformio/packages/toolchain-gccarmnoneeabi/bin/../lib/gcc/arm-none-eabi/7.2.1/thumb/v7e-m\libgcc.a(_arm_unorddf2.o)
 .ARM.attributes
                0x00000ebb       0x1e c:/users/dani5/.platformio/packages/toolchain-gccarmnoneeabi/bin/../lib/gcc/arm-none-eabi/7.2.1/thumb/v7e-m\libgcc.a(_arm_fixdfsi.o)
 .ARM.attributes
                0x00000ed9       0x1e c:/users/dani5/.platformio/packages/toolchain-gccarmnoneeabi/bin/../lib/gcc/arm-none-eabi/7.2.1/thumb/v7e-m\libgcc.a(_arm_addsubsf3.o)
 .ARM.attributes
                0x00000ef7       0x1e c:/users/dani5/.platformio/packages/toolchain-gccarmnoneeabi/bin/../lib/gcc/arm-none-eabi/7.2.1/thumb/v7e-m\libgcc.a(_arm_muldivsf3.o)
 .ARM.attributes
                0x00000f15       0x1e c:/users/dani5/.platformio/packages/toolchain-gccarmnoneeabi/bin/../lib/gcc/arm-none-eabi/7.2.1/thumb/v7e-m\libgcc.a(_arm_cmpsf2.o)
 .ARM.attributes
                0x00000f33       0x1e c:/users/dani5/.platformio/packages/toolchain-gccarmnoneeabi/bin/../lib/gcc/arm-none-eabi/7.2.1/thumb/v7e-m\libgcc.a(_arm_fixsfsi.o)
 .ARM.attributes
                0x00000f51       0x1e c:/users/dani5/.platformio/packages/toolchain-gccarmnoneeabi/bin/../lib/gcc/arm-none-eabi/7.2.1/thumb/v7e-m\libgcc.a(_aeabi_uldivmod.o)
 .ARM.attributes
                0x00000f6f       0x2e c:/users/dani5/.platformio/packages/toolchain-gccarmnoneeabi/bin/../lib/gcc/arm-none-eabi/7.2.1/thumb/v7e-m\libgcc.a(_udivmoddi4.o)
 .ARM.attributes
                0x00000f9d       0x1e c:/users/dani5/.platformio/packages/toolchain-gccarmnoneeabi/bin/../lib/gcc/arm-none-eabi/7.2.1/thumb/v7e-m\libgcc.a(_dvmd_tls.o)
 .ARM.attributes
                0x00000fbb       0x2e c:/users/dani5/.platformio/packages/toolchain-gccarmnoneeabi/bin/../lib/gcc/arm-none-eabi/7.2.1/../../../../arm-none-eabi/lib/thumb/v7e-m\libm.a(lib_a-wf_sqrt.o)
 .ARM.attributes
                0x00000fe9       0x2e c:/users/dani5/.platformio/packages/toolchain-gccarmnoneeabi/bin/../lib/gcc/arm-none-eabi/7.2.1/../../../../arm-none-eabi/lib/thumb/v7e-m\libm.a(lib_a-ef_sqrt.o)
 .ARM.attributes
                0x00001017       0x2e c:/users/dani5/.platformio/packages/toolchain-gccarmnoneeabi/bin/../lib/gcc/arm-none-eabi/7.2.1/../../../../arm-none-eabi/lib/thumb/v7e-m\libm.a(lib_a-s_lib_ver.o)
 .ARM.attributes
                0x00001045       0x2e c:/users/dani5/.platformio/packages/toolchain-gccarmnoneeabi/bin/../lib/gcc/arm-none-eabi/7.2.1/../../../../arm-none-eabi/lib/thumb/v7e-m\libm.a(lib_a-s_matherr.o)
 .ARM.attributes
                0x00001073       0x1e c:/users/dani5/.platformio/packages/toolchain-gccarmnoneeabi/bin/../lib/gcc/arm-none-eabi/7.2.1/thumb/v7e-m\libgcc.a(_arm_truncdfsf2.o)
 .ARM.attributes
                0x00001091       0x1e c:/users/dani5/.platformio/packages/toolchain-gccarmnoneeabi/bin/../lib/gcc/arm-none-eabi/7.2.1/thumb/v7e-m\libgcc.a(_arm_unordsf2.o)
 .ARM.attributes
                0x000010af       0x1e c:/users/dani5/.platformio/packages/toolchain-gccarmnoneeabi/bin/../lib/gcc/arm-none-eabi/7.2.1/thumb/v7e-m/crtn.o
OUTPUT(.pio\build\nucleo_f302r8\firmware.elf elf32-littlearm)

.comment        0x00000000       0x7e
 .comment       0x00000000       0x7e .pio\build\nucleo_f302r8\lib\SPL\src\stm32f30x_adc.o
                                 0x7f (size before relaxing)
 .comment       0x0000007e       0x7f .pio\build\nucleo_f302r8\lib\SPL\src\stm32f30x_rcc.o
 .comment       0x0000007e       0x7f .pio\build\nucleo_f302r8\lib\SPL\src\stm32f30x_spi.o
 .comment       0x0000007e       0x7f .pio\build\nucleo_f302r8\lib\SPL\src\stm32f30x_usart.o
 .comment       0x0000007e       0x7f .pio\build\nucleo_f302r8\src\Ascii.o
 .comment       0x0000007e       0x7f .pio\build\nucleo_f302r8\src\HAL.o
 .comment       0x0000007e       0x7f .pio\build\nucleo_f302r8\src\Physics.o
 .comment       0x0000007e       0x7f .pio\build\nucleo_f302r8\src\adc.o
 .comment       0x0000007e       0x7f .pio\build\nucleo_f302r8\src\bsp\30010_io.o
 .comment       0x0000007e       0x7f .pio\build\nucleo_f302r8\src\bsp\syscalls.o
 .comment       0x0000007e       0x7f .pio\build\nucleo_f302r8\src\bsp\sysmem.o
 .comment       0x0000007e       0x7f .pio\build\nucleo_f302r8\src\bsp\system_stm32f30x.o
 .comment       0x0000007e       0x7f .pio\build\nucleo_f302r8\src\bullets.o
 .comment       0x0000007e       0x7f .pio\build\nucleo_f302r8\src\charset.o
 .comment       0x0000007e       0x7f .pio\build\nucleo_f302r8\src\game_state.o
 .comment       0x0000007e       0x7f .pio\build\nucleo_f302r8\src\heart.o
 .comment       0x0000007e       0x7f .pio\build\nucleo_f302r8\src\helpgameoverpause.o
 .comment       0x0000007e       0x7f .pio\build\nucleo_f302r8\src\main.o
 .comment       0x0000007e       0x7f .pio\build\nucleo_f302r8\src\menu.o
 .comment       0x0000007e       0x7f .pio\build\nucleo_f302r8\src\powerup.o

.debug_frame    0x00000000     0x1794
 .debug_frame   0x00000000       0x20 c:/users/dani5/.platformio/packages/toolchain-gccarmnoneeabi/bin/../lib/gcc/arm-none-eabi/7.2.1/../../../../arm-none-eabi/lib/thumb/v7e-m\libc.a(lib_a-errno.o)
 .debug_frame   0x00000020       0x28 c:/users/dani5/.platformio/packages/toolchain-gccarmnoneeabi/bin/../lib/gcc/arm-none-eabi/7.2.1/../../../../arm-none-eabi/lib/thumb/v7e-m\libc.a(lib_a-exit.o)
 .debug_frame   0x00000048       0x2c c:/users/dani5/.platformio/packages/toolchain-gccarmnoneeabi/bin/../lib/gcc/arm-none-eabi/7.2.1/../../../../arm-none-eabi/lib/thumb/v7e-m\libc.a(lib_a-init.o)
 .debug_frame   0x00000074       0x38 c:/users/dani5/.platformio/packages/toolchain-gccarmnoneeabi/bin/../lib/gcc/arm-none-eabi/7.2.1/../../../../arm-none-eabi/lib/thumb/v7e-m\libc.a(lib_a-memset.o)