Archive member included to satisfy reference by file (symbol)

c:/users/dani5/.platformio/packages/toolchain-gccarmnoneeabi/bin/../lib/gcc/arm-none-eabi/7.2.1/../../../../arm-none-eabi/lib/thumb/v7e-m\libc.a(lib_a-errno.o)
                              .pio\build\nucleo_f302r8\src\bsp\syscalls.o (__errno)
c:/users/dani5/.platformio/packages/toolchain-gccarmnoneeabi/bin/../lib/gcc/arm-none-eabi/7.2.1/../../../../arm-none-eabi/lib/thumb/v7e-m\libc.a(lib_a-exit.o)
                              c:/users/dani5/.platformio/packages/toolchain-gccarmnoneeabi/bin/../lib/gcc/arm-none-eabi/7.2.1/../../../../arm-none-eabi/lib/thumb/v7e-m/crt0.o (exit)
c:/users/dani5/.platformio/packages/toolchain-gccarmnoneeabi/bin/../lib/gcc/arm-none-eabi/7.2.1/../../../../arm-none-eabi/lib/thumb/v7e-m\libc.a(lib_a-impure.o)
                              c:/users/dani5/.platformio/packages/toolchain-gccarmnoneeabi/bin/../lib/gcc/arm-none-eabi/7.2.1/../../../../arm-none-eabi/lib/thumb/v7e-m\libc.a(lib_a-exit.o) (_global_impure_ptr)
c:/users/dani5/.platformio/packages/toolchain-gccarmnoneeabi/bin/../lib/gcc/arm-none-eabi/7.2.1/../../../../arm-none-eabi/lib/thumb/v7e-m\libc.a(lib_a-init.o)
                              c:/users/dani5/.platformio/packages/toolchain-gccarmnoneeabi/bin/../lib/gcc/arm-none-eabi/7.2.1/../../../../arm-none-eabi/lib/thumb/v7e-m/crt0.o (__libc_init_array)
c:/users/dani5/.platformio/packages/toolchain-gccarmnoneeabi/bin/../lib/gcc/arm-none-eabi/7.2.1/../../../../arm-none-eabi/lib/thumb/v7e-m\libc.a(lib_a-memset.o)
                              c:/users/dani5/.platformio/packages/toolchain-gccarmnoneeabi/bin/../lib/gcc/arm-none-eabi/7.2.1/../../../../arm-none-eabi/lib/thumb/v7e-m/crt0.o (memset)
c:/users/dani5/.platformio/packages/toolchain-gccarmnoneeabi/bin/../lib/gcc/arm-none-eabi/7.2.1/../../../../arm-none-eabi/lib/thumb/v7e-m\libc.a(lib_a-printf.o)
                              .pio\build\nucleo_f302r8\src\Ascii.o (printf)
c:/users/dani5/.platformio/packages/toolchain-gccarmnoneeabi/bin/../lib/gcc/arm-none-eabi/7.2.1/../../../../arm-none-eabi/lib/thumb/v7e-m\libc.a(lib_a-putchar.o)
                              .pio\build\nucleo_f302r8\src\Ascii.o (putchar)
c:/users/dani5/.platformio/packages/toolchain-gccarmnoneeabi/bin/../lib/gcc/arm-none-eabi/7.2.1/../../../../arm-none-eabi/lib/thumb/v7e-m\libc.a(lib_a-rand.o)
                              .pio\build\nucleo_f302r8\src\bullets.o (rand)
c:/users/dani5/.platformio/packages/toolchain-gccarmnoneeabi/bin/../lib/gcc/arm-none-eabi/7.2.1/../../../../arm-none-eabi/lib/thumb/v7e-m\libc.a(lib_a-setbuf.o)
                              .pio\build\nucleo_f302r8\src\bsp\30010_io.o (setbuf)
c:/users/dani5/.platformio/packages/toolchain-gccarmnoneeabi/bin/../lib/gcc/arm-none-eabi/7.2.1/../../../../arm-none-eabi/lib/thumb/v7e-m\libc.a(lib_a-setvbuf.o)
                              c:/users/dani5/.platformio/packages/toolchain-gccarmnoneeabi/bin/../lib/gcc/arm-none-eabi/7.2.1/../../../../arm-none-eabi/lib/thumb/v7e-m\libc.a(lib_a-setbuf.o) (setvbuf)
c:/users/dani5/.platformio/packages/toolchain-gccarmnoneeabi/bin/../lib/gcc/arm-none-eabi/7.2.1/../../../../arm-none-eabi/lib/thumb/v7e-m\libc.a(lib_a-sprintf.o)
                              .pio\build\nucleo_f302r8\src\charset.o (sprintf)
c:/users/dani5/.platformio/packages/toolchain-gccarmnoneeabi/bin/../lib/gcc/arm-none-eabi/7.2.1/../../../../arm-none-eabi/lib/thumb/v7e-m\libc.a(lib_a-svfprintf.o)
                              c:/users/dani5/.platformio/packages/toolchain-gccarmnoneeabi/bin/../lib/gcc/arm-none-eabi/7.2.1/../../../../arm-none-eabi/lib/thumb/v7e-m\libc.a(lib_a-sprintf.o) (_svfprintf_r)
c:/users/dani5/.platformio/packages/toolchain-gccarmnoneeabi/bin/../lib/gcc/arm-none-eabi/7.2.1/../../../../arm-none-eabi/lib/thumb/v7e-m\libc.a(lib_a-vfprintf.o)
                              c:/users/dani5/.platformio/packages/toolchain-gccarmnoneeabi/bin/../lib/gcc/arm-none-eabi/7.2.1/../../../../arm-none-eabi/lib/thumb/v7e-m\libc.a(lib_a-printf.o) (_vfprintf_r)
c:/users/dani5/.platformio/packages/toolchain-gccarmnoneeabi/bin/../lib/gcc/arm-none-eabi/7.2.1/../../../../arm-none-eabi/lib/thumb/v7e-m\libc.a(lib_a-wsetup.o)
                              c:/users/dani5/.platformio/packages/toolchain-gccarmnoneeabi/bin/../lib/gcc/arm-none-eabi/7.2.1/../../../../arm-none-eabi/lib/thumb/v7e-m\libc.a(lib_a-vfprintf.o) (__swsetup_r)
c:/users/dani5/.platformio/packages/toolchain-gccarmnoneeabi/bin/../lib/gcc/arm-none-eabi/7.2.1/../../../../arm-none-eabi/lib/thumb/v7e-m\libc.a(lib_a-__call_atexit.o)
                              c:/users/dani5/.platformio/packages/toolchain-gccarmnoneeabi/bin/../lib/gcc/arm-none-eabi/7.2.1/../../../../arm-none-eabi/lib/thumb/v7e-m\libc.a(lib_a-exit.o) (__call_exitprocs)
c:/users/dani5/.platformio/packages/toolchain-gccarmnoneeabi/bin/../lib/gcc/arm-none-eabi/7.2.1/../../../../arm-none-eabi/lib/thumb/v7e-m\libc.a(lib_a-atexit.o)
[...]
Memory Configuration

Name             Origin             Length             Attributes
RAM              0x20000000         0x00004000         xrw
ROM              0x08000000         0x00010000         xr
*default*        0x00000000         0xffffffff

Linker script and memory map

LOAD c:/users/dani5/.platformio/packages/toolchain-gccarmnoneeabi/bin/../lib/gcc/arm-none-eabi/7.2.1/thumb/v7e-m/crti.o
LOAD c:/users/dani5/.platformio/packages/toolchain-gccarmnoneeabi/bin/../lib/gcc/arm-none-eabi/7.2.1/thumb/v7e-m/crtbegin.o
LOAD c:/users/dani5/.platformio/packages/toolchain-gccarmnoneeabi/bin/../lib/gcc/arm-none-eabi/7.2.1/../../../../arm-none-eabi/lib/thumb/v7e-m/crt0.o
LOAD .pio\build\nucleo_f302r8\lib\SPL\src\stm32f30x_adc.o
LOAD .pio\build\nucleo_f302r8\lib\SPL\src\stm32f30x_can.o
LOAD .pio\build\nucleo_f302r8\lib\SPL\src\stm32f30x_comp.o
LOAD .pio\build\nucleo_f302r8\lib\SPL\src\stm32f30x_crc.o
LOAD .pio\build\nucleo_f302r8\lib\SPL\src\stm32f30x_dac.o
LOAD .pio\build\nucleo_f302r8\lib\SPL\src\stm32f30x_dbgmcu.o
LOAD .pio\build\nucleo_f302r8\lib\SPL\src\stm32f30x_dma.o
LOAD .pio\build\nucleo_f302r8\lib\SPL\src\stm32f30x_exti.o
LOAD .pio\build\nucleo_f302r8\lib\SPL\src\stm32f30x_flash.o
LOAD .pio\build\nucleo_f302r8\lib\SPL\src\stm32f30x_gpio.o
LOAD .pio\build\nucleo_f302r8\lib\SPL\src\stm32f30x_i2c.o
LOAD .pio\build\nucleo_f302r8\lib\SPL\src\stm32f30x_iwdg.o
LOAD .pio\build\nucleo_f302r8\lib\SPL\src\stm32f30x_misc.o
LOAD .pio\build\nucleo_f302r8\lib\SPL\src\stm32f30x_opamp.o
LOAD .pio\build\nucleo_f302r8\lib\SPL\src\stm32f30x_pwr.o
LOAD .pio\build\nucleo_f302r8\lib\SPL\src\stm32f30x_rcc.o
LOAD .pio\build\nucleo_f302r8\lib\SPL\src\stm32f30x_rtc.o
LOAD .pio\build\nucleo_f302r8\lib\SPL\src\stm32f30x_spi.o
LOAD .pio\build\nucleo_f302r8\lib\SPL\src\stm32f30x_syscfg.o
LOAD .pio\build\nucleo_f302r8\lib\SPL\src\stm32f30x_tim.o
LOAD .pio\build\nucleo_f302r8\lib\SPL\src\stm32f30x_usart.o
LOAD .pio\build\nucleo_f302r8\lib\SPL\src\stm32f30x_wwdg.o
LOAD .pio\build\nucleo_f302r8\startup_stm32f302r8tx.o
LOAD .pio\build\nucleo_f302r8\src\Ascii.o
LOAD .pio\build\nucleo_f302r8\src\HAL.o
LOAD .pio\build\nucleo_f302r8\src\HelpScreeen.o
LOAD .pio\build\nucleo_f302r8\src\Physics.o
LOAD .pio\build\nucleo_f302r8\src\bsp\30010_io.o
LOAD .pio\build\nucleo_f302r8\src\bsp\syscalls.o
LOAD .pio\build\nucleo_f302r8\src\bsp\sysmem.o
LOAD .pio\build\nucleo_f302r8\src\bsp\system_stm32f30x.o
LOAD .pio\build\nucleo_f302r8\src\bullets.o
LOAD .pio\build\nucleo_f302r8\src\charset.o
LOAD .pio\build\nucleo_f302r8\src\game_state.o
LOAD .pio\build\nucleo_f302r8\src\heart.o
LOAD .pio\build\nucleo_f302r8\src\main.o
LOAD .pio\build\nucleo_f302r8\src\menu.o
LOAD .pio\build\nucleo_f302r8\src\powerup.o
START GROUP
LOAD c:/users/dani5/.platformio/packages/toolchain-gccarmnoneeabi/bin/../lib/gcc/arm-none-eabi/7.2.1/../../../../arm-none-eabi/lib/thumb/v7e-m\libc.a
LOAD c:/users/dani5/.platformio/packages/toolchain-gccarmnoneeabi/bin/../lib/gcc/arm-none-eabi/7.2.1/thumb/v7e-m\libgcc.a
LOAD c:/users/dani5/.platformio/packages/toolchain-gccarmnoneeabi/bin/../lib/gcc/arm-none-eabi/7.2.1/../../../../arm-none-eabi/lib/thumb/v7e-m\libm.a
LOAD c:/users/dani5/.platformio/packages/toolchain-gccarmnoneeabi/bin/../lib/gcc/arm-none-eabi/7.2.1/../../../../arm-none-eabi/lib/thumb/v7e-m\libstdc++.a
END GROUP
START GROUP
LOAD c:/users/dani5/.platformio/packages/toolchain-gccarmnoneeabi/bin/../lib/gcc/arm-none-eabi/7.2.1/thumb/v7e-m\libgcc.a
LOAD c:/users/dani5/.platformio/packages/toolchain-gccarmnoneeabi/bin/../lib/gcc/arm-none-eabi/7.2.1/../../../../arm-none-eabi/lib/thumb/v7e-m\libc.a
END GROUP
LOAD c:/users/dani5/.platformio/packages/toolchain-gccarmnoneeabi/bin/../lib/gcc/arm-none-eabi/7.2.1/thumb/v7e-m/crtend.o
LOAD c:/users/dani5/.platformio/packages/toolchain-gccarmnoneeabi/bin/../lib/gcc/arm-none-eabi/7.2.1/thumb/v7e-m/crtn.o
                0x20004000                _estack = (ORIGIN (RAM) + LENGTH (RAM))
                0x00000200                _Min_Heap_Size = 0x200
                0x00000400                _Min_Stack_Size = 0x400

.isr_vector     0x08000000      0x188
                0x08000000                . = ALIGN (0x4)
 *(.isr_vector)
 .isr_vector    0x08000000      0x188 .pio\build\nucleo_f302r8\startup_stm32f302r8tx.o
                0x08000000                g_pfnVectors
                0x08000188                . = ALIGN (0x4)

.text           0x080001c0     0x6724
                0x080001c0                . = ALIGN (0x4)
 *(.text)
 .text          0x080001c0       0x40 c:/users/dani5/.platformio/packages/toolchain-gccarmnoneeabi/bin/../lib/gcc/arm-none-eabi/7.2.1/thumb/v7e-m/crtbegin.o
 .text          0x08000200       0xa0 c:/users/dani5/.platformio/packages/toolchain-gccarmnoneeabi/bin/../lib/gcc/arm-none-eabi/7.2.1/../../../../arm-none-eabi/lib/thumb/v7e-m\libc.a(lib_a-memchr.o)
                0x08000200                memchr
 .text          0x080002a0      0x134 c:/users/dani5/.platformio/packages/toolchain-gccarmnoneeabi/bin/../lib/gcc/arm-none-eabi/7.2.1/../../../../arm-none-eabi/lib/thumb/v7e-m\libc.a(lib_a-memcpy.o)
                0x080002a0                memcpy
 *fill*         0x080003d4       0x2c 
 .text          0x08000400       0xdc c:/users/dani5/.platformio/packages/toolchain-gccarmnoneeabi/bin/../lib/gcc/arm-none-eabi/7.2.1/../../../../arm-none-eabi/lib/thumb/v7e-m\libc.a(lib_a-strlen.o)
                0x08000400                strlen
 .text          0x080004dc      0x378 c:/users/dani5/.platformio/packages/toolchain-gccarmnoneeabi/bin/../lib/gcc/arm-none-eabi/7.2.1/thumb/v7e-m\libgcc.a(_arm_addsubdf3.o)
                0x080004dc                __aeabi_drsub
                0x080004e4                __aeabi_dsub
                0x080004e4                __subdf3
                0x080004e8                __aeabi_dadd
                0x080004e8                __adddf3
                0x08000760                __floatunsidf
                0x08000760                __aeabi_ui2d
                0x08000780                __floatsidf
                0x08000780                __aeabi_i2d
                0x080007a4                __aeabi_f2d
                0x080007a4                __extendsfdf2
                0x080007e8                __floatundidf
                0x080007e8                __aeabi_ul2d
                0x080007f8                __floatdidf
                0x080007f8                __aeabi_l2d
 .text          0x08000854      0x424 c:/users/dani5/.platformio/packages/toolchain-gccarmnoneeabi/bin/../lib/gcc/arm-none-eabi/7.2.1/thumb/v7e-m\libgcc.a(_arm_muldivdf3.o)
                0x08000854                __aeabi_dmul
                0x08000854                __muldf3
                0x08000aa8                __divdf3
                0x08000aa8                __aeabi_ddiv
 .text          0x08000c78      0x110 c:/users/dani5/.platformio/packages/toolchain-gccarmnoneeabi/bin/../lib/gcc/arm-none-eabi/7.2.1/thumb/v7e-m\libgcc.a(_arm_cmpdf2.o)
                0x08000c78                __gtdf2
                0x08000c78                __gedf2
                0x08000c80                __ltdf2
                0x08000c80                __ledf2
                0x08000c88                __nedf2
                0x08000c88                __eqdf2
                0x08000c88                __cmpdf2
                0x08000d04                __aeabi_cdrcmple
                0x08000d14                __aeabi_cdcmpeq
                0x08000d14                __aeabi_cdcmple
                0x08000d24                __aeabi_dcmpeq
                0x08000d38                __aeabi_dcmplt
                0x08000d4c                __aeabi_dcmple
                0x08000d60                __aeabi_dcmpge
                0x08000d74                __aeabi_dcmpgt
 .text          0x08000d88       0x2c c:/users/dani5/.platformio/packages/toolchain-gccarmnoneeabi/bin/../lib/gcc/arm-none-eabi/7.2.1/thumb/v7e-m\libgcc.a(_arm_unorddf2.o)
                0x08000d88                __unorddf2
                0x08000d88                __aeabi_dcmpun
 .text          0x08000db4       0x50 c:/users/dani5/.platformio/packages/toolchain-gccarmnoneeabi/bin/../lib/gcc/arm-none-eabi/7.2.1/thumb/v7e-m\libgcc.a(_arm_fixdfsi.o)
                0x08000db4                __aeabi_d2iz
                0x08000db4                __fixdfsi
 .text          0x08000e04       0x30 c:/users/dani5/.platformio/packages/toolchain-gccarmnoneeabi/bin/../lib/gcc/arm-none-eabi/7.2.1/thumb/v7e-m\libgcc.a(_aeabi_uldivmod.o)
                0x08000e04                __aeabi_uldivmod
 .text          0x08000e34      0x2cc c:/users/dani5/.platformio/packages/toolchain-gccarmnoneeabi/bin/../lib/gcc/arm-none-eabi/7.2.1/thumb/v7e-m\libgcc.a(_udivmoddi4.o)
                0x08000e34                __udivmoddi4
 .text          0x08001100        0x4 c:/users/dani5/.platformio/packages/toolchain-gccarmnoneeabi/bin/../lib/gcc/arm-none-eabi/7.2.1/thumb/v7e-m\libgcc.a(_dvmd_tls.o)
                0x08001100                __aeabi_idiv0
                0x08001100                __aeabi_ldiv0
 *(.text*)
 .text.RCC_GetClocksFreq
                0x08001104      0x238 .pio\build\nucleo_f302r8\lib\SPL\src\stm32f30x_rcc.o
                0x08001104                RCC_GetClocksFreq
 .text.USART_SendData
                0x0800133c        0x8 .pio\build\nucleo_f302r8\lib\SPL\src\stm32f30x_usart.o
                0x0800133c                USART_SendData
 .text.USART_ITConfig
                0x08001344       0x2e .pio\build\nucleo_f302r8\lib\SPL\src\stm32f30x_usart.o
                0x08001344                USART_ITConfig
 .text.USART_GetFlagStatus
                0x08001372        0xc .pio\build\nucleo_f302r8\lib\SPL\src\stm32f30x_usart.o
                0x08001372                USART_GetFlagStatus
 .text.USART_GetITStatus
                0x0800137e       0x3a .pio\build\nucleo_f302r8\lib\SPL\src\stm32f30x_usart.o
                0x0800137e                USART_GetITStatus
 .text.Reset_Handler
                0x080013b8       0x50 .pio\build\nucleo_f302r8\startup_stm32f302r8tx.o
                0x080013b8                Reset_Handler
 .text.Default_Handler
                0x08001408        0x2 .pio\build\nucleo_f302r8\startup_stm32f302r8tx.o
                0x08001408                TIM8_TRG_COM_IRQHandler
                0x08001408                TIM8_CC_IRQHandler
                0x08001408                DebugMon_Handler
                0x08001408                DMA1_CH4_IRQHandler
                0x08001408                TIM1_CC_IRQHandler
                0x08001408                HardFault_Handler
                0x08001408                USB_HP_IRQHandler
                0x08001408                I2C2_EV_EXTI24_IRQHandler
                0x08001408                SysTick_Handler
                0x08001408                USB_WKUP_EXTI_IRQHandler
                0x08001408                PVD_IRQHandler
                0x08001408                UART4_EXTI34_IRQHandler
                0x08001408                TAMP_STAMP_IRQHandler
                0x08001408                PendSV_Handler
                0x08001408                NMI_Handler
                0x08001408                EXTI3_IRQHandler
                0x08001408                TIM6_DACUNDER_IRQHandler
                0x08001408                USB_HP_CAN_TX_IRQHandler
                0x08001408                EXTI0_IRQHandler
                0x08001408                DMA2_CH1_IRQHandler
                0x08001408                FPU_IRQHandler
                0x08001408                TIM1_UP_TIM16_IRQHandler
                0x08001408                UsageFault_Handler
                0x08001408                ADC1_2_IRQHandler
                0x08001408                SPI1_IRQHandler
                0x08001408                CAN_SCE_IRQHandler
                0x08001408                DMA1_CH7_IRQHandler
                0x08001408                TIM8_UP_IRQHandler
                0x08001408                DMA1_CH6_IRQHandler
                0x08001408                ADC3_IRQHandler
                0x08001408                TIM4_IRQHandler
                0x08001408                CAN_RX1_IRQHandler
                0x08001408                USART1_EXTI25_IRQHandler
                0x08001408                DMA2_CH5_IRQHandler
                0x08001408                I2C1_EV_EXTI23_IRQHandler
                0x08001408                DMA1_CH3_IRQHandler
                0x08001408                TIM3_IRQHandler
                0x08001408                RCC_IRQHandler
                0x08001408                Default_Handler
                0x08001408                EXTI15_10_IRQHandler
                0x08001408                USART2_EXTI26_IRQHandler
                0x08001408                USART3_EXTI28_IRQHandler
                0x08001408                TIM7_IRQHandler
                0x08001408                EXTI9_5_IRQHandler
                0x08001408                DMA1_CH2_IRQHandler
                0x08001408                RTC_WKUP_IRQHandler
                0x08001408                SPI2_IRQHandler
                0x08001408                DMA1_CH1_IRQHandler
                0x08001408                USB_LP_CAN_RX0_IRQHandler
                0x08001408                MemManage_Handler
                0x08001408                SVC_Handler
                0x08001408                USB_LP_IRQHandler
                0x08001408                EXTI4_IRQHandler
                0x08001408                TIM1_TRG_COM_TIM17_IRQHandler
                0x08001408                ADC4_IRQHandler
                0x08001408                WWDG_IRQHandler
                0x08001408                EXTI1_IRQHandler
                0x08001408                RTCAlarm_IRQHandler
                0x08001408                UART5_EXTI35_IRQHandler
                0x08001408                I2C2_ER_IRQHandler
                0x08001408                TIM8_BRK_IRQHandler
                0x08001408                FLASH_IRQHandler
                0x08001408                BusFault_Handler
                0x08001408                SPI3_IRQHandler
                0x08001408                DMA2_CH3_IRQHandler
                0x08001408                DMA2_CH2_IRQHandler
                0x08001408                I2C1_ER_IRQHandler
                0x08001408                FMC_IRQHandler
                0x08001408                DMA1_CH5_IRQHandler
                0x08001408                DMA2_CH4_IRQHandler
                0x08001408                USB_WKUP_IRQHandler
                0x08001408                EXTI2_TSC_IRQHandler
                0x08001408                TIM1_BRK_TIM15_IRQHandler
 *fill*         0x0800140a        0x2 
 .text.bgcolor  0x0800140c        0xc .pio\build\nucleo_f302r8\src\Ascii.o
                0x0800140c                bgcolor
 .text.borders  0x08001418       0x98 .pio\build\nucleo_f302r8\src\Ascii.o
                0x08001418                borders
 .text.drawAlien
                0x080014b0       0x74 .pio\build\nucleo_f302r8\src\Ascii.o
                0x080014b0                drawAlien
 .text.eraseAlienAt
                0x08001524       0x58 .pio\build\nucleo_f302r8\src\Ascii.o
                0x08001524                eraseAlienAt
 .text.drawBullet
                0x0800157c       0x74 .pio\build\nucleo_f302r8\src\Ascii.o
                0x0800157c                drawBullet
 .text.print_level
                0x080015f0       0x24 .pio\build\nucleo_f302r8\src\Ascii.o
                0x080015f0                print_level
 .text.print_score
                0x08001614       0x28 .pio\build\nucleo_f302r8\src\Ascii.o
                0x08001614                print_score
 .text.joystick_init
                0x0800163c       0x30 .pio\build\nucleo_f302r8\src\HAL.o
                0x0800163c                joystick_init
 .text.joystickdown_init
                0x0800166c       0x30 .pio\build\nucleo_f302r8\src\HAL.o
                0x0800166c                joystickdown_init
 .text.read_joystick
                0x0800169c       0x1c .pio\build\nucleo_f302r8\src\HAL.o
                0x0800169c                read_joystick
 .text.TIM2_Init
                0x080016b8       0x3c .pio\build\nucleo_f302r8\src\HAL.o
                0x080016b8                TIM2_Init
 .text.TIM2_IRQHandler
                0x080016f4       0x20 .pio\build\nucleo_f302r8\src\HAL.o
                0x080016f4                TIM2_IRQHandler
 .text.displayHelpScreen
                0x08001714       0xec .pio\build\nucleo_f302r8\src\HelpScreeen.o
                0x08001714                displayHelpScreen
 .text.help_update
                0x08001800       0x22 .pio\build\nucleo_f302r8\src\HelpScreeen.o
                0x08001800                help_update
 *fill*         0x08001822        0x2 
 .text.player_init
                0x08001824       0x28 .pio\build\nucleo_f302r8\src\Physics.o
                0x08001824                player_init
 .text.update_player
                0x0800184c       0x88 .pio\build\nucleo_f302r8\src\Physics.o
                0x0800184c                update_player
 .text.uart_put_char
                0x080018d4       0x20 .pio\build\nucleo_f302r8\src\bsp\30010_io.o
                0x080018d4                uart_put_char
 .text._write_r
                0x080018f4       0x2a .pio\build\nucleo_f302r8\src\bsp\30010_io.o
                0x080018f4                _write_r
 *fill*         0x0800191e        0x2 
 .text.USART2_IRQHandler
                0x08001920       0x50 .pio\build\nucleo_f302r8\src\bsp\30010_io.o
                0x08001920                USART2_IRQHandler
 .text.uart_init
                0x08001970      0x13c .pio\build\nucleo_f302r8\src\bsp\30010_io.o
                0x08001970                uart_init
 .text._read    0x08001aac       0x1c .pio\build\nucleo_f302r8\src\bsp\syscalls.o
                0x08001aac                _read
 .text._close   0x08001ac8        0x6 .pio\build\nucleo_f302r8\src\bsp\syscalls.o
                0x08001ac8                _close
 .text._fstat   0x08001ace        0xa .pio\build\nucleo_f302r8\src\bsp\syscalls.o
                0x08001ace                _fstat
 .text._isatty  0x08001ad8        0x4 .pio\build\nucleo_f302r8\src\bsp\syscalls.o
                0x08001ad8                _isatty
 .text._lseek   0x08001adc        0x4 .pio\build\nucleo_f302r8\src\bsp\syscalls.o
                0x08001adc                _lseek
 .text._sbrk    0x08001ae0       0x34 .pio\build\nucleo_f302r8\src\bsp\sysmem.o
                0x08001ae0                _sbrk
 .text.SystemInit
                0x08001b14       0xb0 .pio\build\nucleo_f302r8\src\bsp\system_stm32f30x.o
                0x08001b14                SystemInit
 .text.bullets_init
                0x08001bc4       0x24 .pio\build\nucleo_f302r8\src\bullets.o
                0x08001bc4                bullets_init
 .text.spawn_simple_bullet
                0x08001be8       0x90 .pio\build\nucleo_f302r8\src\bullets.o
                0x08001be8                spawn_simple_bullet
 .text.erase_bullet
                0x08001c78       0x94 .pio\build\nucleo_f302r8\src\bullets.o
                0x08001c78                erase_bullet
 .text.update_bullets
                0x08001d0c       0x88 .pio\build\nucleo_f302r8\src\bullets.o
                0x08001d0c                update_bullets
 .text.draw_bullets
                0x08001d94       0x34 .pio\build\nucleo_f302r8\src\bullets.o
                0x08001d94                draw_bullets
 .text.game_init
                0x08001dc8       0x12 .pio\build\nucleo_f302r8\src\game_state.o
                0x08001dc8                game_init
 *fill*         0x08001dda        0x2 
 .text.game_state_init
                0x08001ddc       0x40 .pio\build\nucleo_f302r8\src\game_state.o
                0x08001ddc                game_state_init
 .text.game_loop
                0x08001e1c       0x70 .pio\build\nucleo_f302r8\src\game_state.o
                0x08001e1c                game_loop
 .text.game_state_update
                0x08001e8c       0x1a .pio\build\nucleo_f302r8\src\game_state.o
                0x08001e8c                game_state_update
 *fill*         0x08001ea6        0x2 
 .text.startup.main
                0x08001ea8       0x64 .pio\build\nucleo_f302r8\src\main.o
                0x08001ea8                main
 .text.display_menu
                0x08001f0c       0x80 .pio\build\nucleo_f302r8\src\menu.o
                0x08001f0c                display_menu
 .text.menu_update
                0x08001f8c       0xb8 .pio\build\nucleo_f302r8\src\menu.o
                0x08001f8c                menu_update
 .text.__errno  0x08002044        0xc c:/users/dani5/.platformio/packages/toolchain-gccarmnoneeabi/bin/../lib/gcc/arm-none-eabi/7.2.1/../../../../arm-none-eabi/lib/thumb/v7e-m\libc.a(lib_a-errno.o)
                0x08002044                __errno
 .text.__libc_init_array
                0x08002050       0x48 c:/users/dani5/.platformio/packages/toolchain-gccarmnoneeabi/bin/../lib/gcc/arm-none-eabi/7.2.1/../../../../arm-none-eabi/lib/thumb/v7e-m\libc.a(lib_a-init.o)
                0x08002050                __libc_init_array
 .text.memset   0x08002098       0x94 c:/users/dani5/.platformio/packages/toolchain-gccarmnoneeabi/bin/../lib/gcc/arm-none-eabi/7.2.1/../../../../arm-none-eabi/lib/thumb/v7e-m\libc.a(lib_a-memset.o)
                0x08002098                memset
 .text.printf   0x0800212c       0x28 c:/users/dani5/.platformio/packages/toolchain-gccarmnoneeabi/bin/../lib/gcc/arm-none-eabi/7.2.1/../../../../arm-none-eabi/lib/thumb/v7e-m\libc.a(lib_a-printf.o)
                0x0800212c                printf
 .text.putchar  0x08002154       0x14 c:/users/dani5/.platformio/packages/toolchain-gccarmnoneeabi/bin/../lib/gcc/arm-none-eabi/7.2.1/../../../../arm-none-eabi/lib/thumb/v7e-m\libc.a(lib_a-putchar.o)
                0x08002154                putchar
 .text.rand     0x08002168       0x3c c:/users/dani5/.platformio/packages/toolchain-gccarmnoneeabi/bin/../lib/gcc/arm-none-eabi/7.2.1/../../../../arm-none-eabi/lib/thumb/v7e-m\libc.a(lib_a-rand.o)
                0x08002168                rand
 .text.setbuf   0x080021a4       0x10 c:/users/dani5/.platformio/packages/toolchain-gccarmnoneeabi/bin/../lib/gcc/arm-none-eabi/7.2.1/../../../../arm-none-eabi/lib/thumb/v7e-m\libc.a(lib_a-setbuf.o)
                0x080021a4                setbuf
 .text.setvbuf  0x080021b4      0x180 c:/users/dani5/.platformio/packages/toolchain-gccarmnoneeabi/bin/../lib/gcc/arm-none-eabi/7.2.1/../../../../arm-none-eabi/lib/thumb/v7e-m\libc.a(lib_a-setvbuf.o)
                0x080021b4                setvbuf
 .text._vfprintf_r
                0x08002334     0x1504 c:/users/dani5/.platformio/packages/toolchain-gccarmnoneeabi/bin/../lib/gcc/arm-none-eabi/7.2.1/../../../../arm-none-eabi/lib/thumb/v7e-m\libc.a(lib_a-vfprintf.o)
                0x08002334                _vfprintf_r
 .text.__sbprintf
                0x08003838       0x84 c:/users/dani5/.platformio/packages/toolchain-gccarmnoneeabi/bin/../lib/gcc/arm-none-eabi/7.2.1/../../../../arm-none-eabi/lib/thumb/v7e-m\libc.a(lib_a-vfprintf.o)
 .text.__swsetup_r
                0x080038bc       0xcc c:/users/dani5/.platformio/packages/toolchain-gccarmnoneeabi/bin/../lib/gcc/arm-none-eabi/7.2.1/../../../../arm-none-eabi/lib/thumb/v7e-m\libc.a(lib_a-wsetup.o)
                0x080038bc                __swsetup_r
 .text.startup.register_fini
                0x08003988       0x14 c:/users/dani5/.platformio/packages/toolchain-gccarmnoneeabi/bin/../lib/gcc/arm-none-eabi/7.2.1/../../../../arm-none-eabi/lib/thumb/v7e-m\libc.a(lib_a-__call_atexit.o)
 .text.atexit   0x0800399c        0xc c:/users/dani5/.platformio/packages/toolchain-gccarmnoneeabi/bin/../lib/gcc/arm-none-eabi/7.2.1/../../../../arm-none-eabi/lib/thumb/v7e-m\libc.a(lib_a-atexit.o)
                0x0800399c                atexit
 .text.quorem   0x080039a8      0x124 c:/users/dani5/.platformio/packages/toolchain-gccarmnoneeabi/bin/../lib/gcc/arm-none-eabi/7.2.1/../../../../arm-none-eabi/lib/thumb/v7e-m\libc.a(lib_a-dtoa.o)
 *fill*         0x08003acc        0x4 
 .text._dtoa_r  0x08003ad0      0xdf4 c:/users/dani5/.platformio/packages/toolchain-gccarmnoneeabi/bin/../lib/gcc/arm-none-eabi/7.2.1/../../../../arm-none-eabi/lib/thumb/v7e-m\libc.a(lib_a-dtoa.o)
                0x08003ad0                _dtoa_r
 .text.__sflush_r
                0x080048c4      0x154 c:/users/dani5/.platformio/packages/toolchain-gccarmnoneeabi/bin/../lib/gcc/arm-none-eabi/7.2.1/../../../../arm-none-eabi/lib/thumb/v7e-m\libc.a(lib_a-fflush.o)
                0x080048c4                __sflush_r
 .text._fflush_r
                0x08004a18       0x5c c:/users/dani5/.platformio/packages/toolchain-gccarmnoneeabi/bin/../lib/gcc/arm-none-eabi/7.2.1/../../../../arm-none-eabi/lib/thumb/v7e-m\libc.a(lib_a-fflush.o)
                0x08004a18                _fflush_r
 .text.std      0x08004a74       0x50 c:/users/dani5/.platformio/packages/toolchain-gccarmnoneeabi/bin/../lib/gcc/arm-none-eabi/7.2.1/../../../../arm-none-eabi/lib/thumb/v7e-m\libc.a(lib_a-findfp.o)
 .text._cleanup_r
                0x08004ac4        0xc c:/users/dani5/.platformio/packages/toolchain-gccarmnoneeabi/bin/../lib/gcc/arm-none-eabi/7.2.1/../../../../arm-none-eabi/lib/thumb/v7e-m\libc.a(lib_a-findfp.o)
                0x08004ac4                _cleanup_r
 .text.__sinit  0x08004ad0       0x58 c:/users/dani5/.platformio/packages/toolchain-gccarmnoneeabi/bin/../lib/gcc/arm-none-eabi/7.2.1/../../../../arm-none-eabi/lib/thumb/v7e-m\libc.a(lib_a-findfp.o)
                0x08004ad0                __sinit
 .text.__sfp_lock_acquire
                0x08004b28        0xc c:/users/dani5/.platformio/packages/toolchain-gccarmnoneeabi/bin/../lib/gcc/arm-none-eabi/7.2.1/../../../../arm-none-eabi/lib/thumb/v7e-m\libc.a(lib_a-findfp.o)
                0x08004b28                __sfp_lock_acquire
 .text.__sfp_lock_release
                0x08004b34        0xc c:/users/dani5/.platformio/packages/toolchain-gccarmnoneeabi/bin/../lib/gcc/arm-none-eabi/7.2.1/../../../../arm-none-eabi/lib/thumb/v7e-m\libc.a(lib_a-findfp.o)
                0x08004b34                __sfp_lock_release
 .text.__libc_fini_array
                0x08004b40       0x34 c:/users/dani5/.platformio/packages/toolchain-gccarmnoneeabi/bin/../lib/gcc/arm-none-eabi/7.2.1/../../../../arm-none-eabi/lib/thumb/v7e-m\libc.a(lib_a-fini.o)
                0x08004b40                __libc_fini_array
 .text._malloc_trim_r
                0x08004b74       0xa0 c:/users/dani5/.platformio/packages/toolchain-gccarmnoneeabi/bin/../lib/gcc/arm-none-eabi/7.2.1/../../../../arm-none-eabi/lib/thumb/v7e-m\libc.a(lib_a-freer.o)
                0x08004b74                _malloc_trim_r
 .text._free_r  0x08004c14      0x1e8 c:/users/dani5/.platformio/packages/toolchain-gccarmnoneeabi/bin/../lib/gcc/arm-none-eabi/7.2.1/../../../../arm-none-eabi/lib/thumb/v7e-m\libc.a(lib_a-freer.o)
                0x08004c14                _free_r
 .text._fwalk_reent
                0x08004dfc       0x54 c:/users/dani5/.platformio/packages/toolchain-gccarmnoneeabi/bin/../lib/gcc/arm-none-eabi/7.2.1/../../../../arm-none-eabi/lib/thumb/v7e-m\libc.a(lib_a-fwalk.o)
                0x08004dfc                _fwalk_reent
 .text._localeconv_r
                0x08004e50       0x1c c:/users/dani5/.platformio/packages/toolchain-gccarmnoneeabi/bin/../lib/gcc/arm-none-eabi/7.2.1/../../../../arm-none-eabi/lib/thumb/v7e-m\libc.a(lib_a-localeconv.o)
                0x08004e50                _localeconv_r
 .text.__retarget_lock_init_recursive
                0x08004e6c        0x4 c:/users/dani5/.platformio/packages/toolchain-gccarmnoneeabi/bin/../lib/gcc/arm-none-eabi/7.2.1/../../../../arm-none-eabi/lib/thumb/v7e-m\libc.a(lib_a-lock.o)
                0x08004e6c                __retarget_lock_init_recursive
 .text.__retarget_lock_close_recursive
                0x08004e70        0x4 c:/users/dani5/.platformio/packages/toolchain-gccarmnoneeabi/bin/../lib/gcc/arm-none-eabi/7.2.1/../../../../arm-none-eabi/lib/thumb/v7e-m\libc.a(lib_a-lock.o)
                0x08004e70                __retarget_lock_close_recursive
 .text.__retarget_lock_acquire_recursive
                0x08004e74        0x4 c:/users/dani5/.platformio/packages/toolchain-gccarmnoneeabi/bin/../lib/gcc/arm-none-eabi/7.2.1/../../../../arm-none-eabi/lib/thumb/v7e-m\libc.a(lib_a-lock.o)
                0x08004e74                __retarget_lock_acquire_recursive
 .text.__retarget_lock_release_recursive
                0x08004e78        0x4 c:/users/dani5/.platformio/packages/toolchain-gccarmnoneeabi/bin/../lib/gcc/arm-none-eabi/7.2.1/../../../../arm-none-eabi/lib/thumb/v7e-m\libc.a(lib_a-lock.o)
                0x08004e78                __retarget_lock_release_recursive
 .text.__swhatbuf_r
                0x08004e7c       0x5c c:/users/dani5/.platformio/packages/toolchain-gccarmnoneeabi/bin/../lib/gcc/arm-none-eabi/7.2.1/../../../../arm-none-eabi/lib/thumb/v7e-m\libc.a(lib_a-makebuf.o)
                0x08004e7c                __swhatbuf_r
 .text.__smakebuf_r
                0x08004ed8       0x94 c:/users/dani5/.platformio/packages/toolchain-gccarmnoneeabi/bin/../lib/gcc/arm-none-eabi/7.2.1/../../../../arm-none-eabi/lib/thumb/v7e-m\libc.a(lib_a-makebuf.o)
                0x08004ed8                __smakebuf_r
 .text.malloc   0x08004f6c       0x10 c:/users/dani5/.platformio/packages/toolchain-gccarmnoneeabi/bin/../lib/gcc/arm-none-eabi/7.2.1/../../../../arm-none-eabi/lib/thumb/v7e-m\libc.a(lib_a-malloc.o)
                0x08004f6c                malloc
 .text._malloc_r
                0x08004f7c      0x548 c:/users/dani5/.platformio/packages/toolchain-gccarmnoneeabi/bin/../lib/gcc/arm-none-eabi/7.2.1/../../../../arm-none-eabi/lib/thumb/v7e-m\libc.a(lib_a-mallocr.o)
                0x08004f7c                _malloc_r
 .text.__malloc_lock
                0x080054c4        0xc c:/users/dani5/.platformio/packages/toolchain-gccarmnoneeabi/bin/../lib/gcc/arm-none-eabi/7.2.1/../../../../arm-none-eabi/lib/thumb/v7e-m\libc.a(lib_a-mlock.o)
                0x080054c4                __malloc_lock
 .text.__malloc_unlock
                0x080054d0        0xc c:/users/dani5/.platformio/packages/toolchain-gccarmnoneeabi/bin/../lib/gcc/arm-none-eabi/7.2.1/../../../../arm-none-eabi/lib/thumb/v7e-m\libc.a(lib_a-mlock.o)
                0x080054d0                __malloc_unlock
 .text._Balloc  0x080054dc       0x4c c:/users/dani5/.platformio/packages/toolchain-gccarmnoneeabi/bin/../lib/gcc/arm-none-eabi/7.2.1/../../../../arm-none-eabi/lib/thumb/v7e-m\libc.a(lib_a-mprec.o)
                0x080054dc                _Balloc
 .text._Bfree   0x08005528       0x14 c:/users/dani5/.platformio/packages/toolchain-gccarmnoneeabi/bin/../lib/gcc/arm-none-eabi/7.2.1/../../../../arm-none-eabi/lib/thumb/v7e-m\libc.a(lib_a-mprec.o)
                0x08005528                _Bfree
 .text.__multadd
                0x0800553c       0x80 c:/users/dani5/.platformio/packages/toolchain-gccarmnoneeabi/bin/../lib/gcc/arm-none-eabi/7.2.1/../../../../arm-none-eabi/lib/thumb/v7e-m\libc.a(lib_a-mprec.o)
                0x0800553c                __multadd
 .text.__hi0bits
                0x080055bc       0x40 c:/users/dani5/.platformio/packages/toolchain-gccarmnoneeabi/bin/../lib/gcc/arm-none-eabi/7.2.1/../../../../arm-none-eabi/lib/thumb/v7e-m\libc.a(lib_a-mprec.o)
                0x080055bc                __hi0bits
 .text.__lo0bits
                0x080055fc       0x60 c:/users/dani5/.platformio/packages/toolchain-gccarmnoneeabi/bin/../lib/gcc/arm-none-eabi/7.2.1/../../../../arm-none-eabi/lib/thumb/v7e-m\libc.a(lib_a-mprec.o)
                0x080055fc                __lo0bits
 .text.__i2b    0x0800565c       0x14 c:/users/dani5/.platformio/packages/toolchain-gccarmnoneeabi/bin/../lib/gcc/arm-none-eabi/7.2.1/../../../../arm-none-eabi/lib/thumb/v7e-m\libc.a(lib_a-mprec.o)
                0x0800565c                __i2b
 .text.__multiply
                0x08005670      0x14c c:/users/dani5/.platformio/packages/toolchain-gccarmnoneeabi/bin/../lib/gcc/arm-none-eabi/7.2.1/../../../../arm-none-eabi/lib/thumb/v7e-m\libc.a(lib_a-mprec.o)
                0x08005670                __multiply
 .text.__pow5mult
                0x080057bc       0xa0 c:/users/dani5/.platformio/packages/toolchain-gccarmnoneeabi/bin/../lib/gcc/arm-none-eabi/7.2.1/../../../../arm-none-eabi/lib/thumb/v7e-m\libc.a(lib_a-mprec.o)
                0x080057bc                __pow5mult
 .text.__lshift
                0x0800585c       0xac c:/users/dani5/.platformio/packages/toolchain-gccarmnoneeabi/bin/../lib/gcc/arm-none-eabi/7.2.1/../../../../arm-none-eabi/lib/thumb/v7e-m\libc.a(lib_a-mprec.o)
                0x0800585c                __lshift
 .text.__mcmp   0x08005908       0x38 c:/users/dani5/.platformio/packages/toolchain-gccarmnoneeabi/bin/../lib/gcc/arm-none-eabi/7.2.1/../../../../arm-none-eabi/lib/thumb/v7e-m\libc.a(lib_a-mprec.o)
                0x08005908                __mcmp
 .text.__mdiff  0x08005940       0xec c:/users/dani5/.platformio/packages/toolchain-gccarmnoneeabi/bin/../lib/gcc/arm-none-eabi/7.2.1/../../../../arm-none-eabi/lib/thumb/v7e-m\libc.a(lib_a-mprec.o)
                0x08005940                __mdiff
 .text.__d2b    0x08005a2c       0xb0 c:/users/dani5/.platformio/packages/toolchain-gccarmnoneeabi/bin/../lib/gcc/arm-none-eabi/7.2.1/../../../../arm-none-eabi/lib/thumb/v7e-m\libc.a(lib_a-mprec.o)
                0x08005a2c                __d2b
 .text._putc_r  0x08005adc       0x70 c:/users/dani5/.platformio/packages/toolchain-gccarmnoneeabi/bin/../lib/gcc/arm-none-eabi/7.2.1/../../../../arm-none-eabi/lib/thumb/v7e-m\libc.a(lib_a-putc.o)
                0x08005adc                _putc_r
 .text._sbrk_r  0x08005b4c       0x24 c:/users/dani5/.platformio/packages/toolchain-gccarmnoneeabi/bin/../lib/gcc/arm-none-eabi/7.2.1/../../../../arm-none-eabi/lib/thumb/v7e-m\libc.a(lib_a-sbrkr.o)
                0x08005b4c                _sbrk_r
 .text.__sread  0x08005b70       0x24 c:/users/dani5/.platformio/packages/toolchain-gccarmnoneeabi/bin/../lib/gcc/arm-none-eabi/7.2.1/../../../../arm-none-eabi/lib/thumb/v7e-m\libc.a(lib_a-stdio.o)
                0x08005b70                __sread
 .text.__swrite
                0x08005b94       0x3c c:/users/dani5/.platformio/packages/toolchain-gccarmnoneeabi/bin/../lib/gcc/arm-none-eabi/7.2.1/../../../../arm-none-eabi/lib/thumb/v7e-m\libc.a(lib_a-stdio.o)
                0x08005b94                __swrite
 .text.__sseek  0x08005bd0       0x20 c:/users/dani5/.platformio/packages/toolchain-gccarmnoneeabi/bin/../lib/gcc/arm-none-eabi/7.2.1/../../../../arm-none-eabi/lib/thumb/v7e-m\libc.a(lib_a-stdio.o)
                0x08005bd0                __sseek
 .text.__sclose
                0x08005bf0        0x8 c:/users/dani5/.platformio/packages/toolchain-gccarmnoneeabi/bin/../lib/gcc/arm-none-eabi/7.2.1/../../../../arm-none-eabi/lib/thumb/v7e-m\libc.a(lib_a-stdio.o)
                0x08005bf0                __sclose
 .text.__sprint_r.part.0
                0x08005bf8       0x78 c:/users/dani5/.platformio/packages/toolchain-gccarmnoneeabi/bin/../lib/gcc/arm-none-eabi/7.2.1/../../../../arm-none-eabi/lib/thumb/v7e-m\libc.a(lib_a-vfiprintf.o)
 .text.__sprint_r
                0x08005c70       0x14 c:/users/dani5/.platformio/packages/toolchain-gccarmnoneeabi/bin/../lib/gcc/arm-none-eabi/7.2.1/../../../../arm-none-eabi/lib/thumb/v7e-m\libc.a(lib_a-vfiprintf.o)
                0x08005c70                __sprint_r
 .text.__swbuf_r
                0x08005c84       0xb0 c:/users/dani5/.platformio/packages/toolchain-gccarmnoneeabi/bin/../lib/gcc/arm-none-eabi/7.2.1/../../../../arm-none-eabi/lib/thumb/v7e-m\libc.a(lib_a-wbuf.o)
                0x08005c84                __swbuf_r
 .text.__register_exitproc
                0x08005d34       0xc0 c:/users/dani5/.platformio/packages/toolchain-gccarmnoneeabi/bin/../lib/gcc/arm-none-eabi/7.2.1/../../../../arm-none-eabi/lib/thumb/v7e-m\libc.a(lib_a-__atexit.o)
                0x08005d34                __register_exitproc
 .text._calloc_r
                0x08005df4       0x68 c:/users/dani5/.platformio/packages/toolchain-gccarmnoneeabi/bin/../lib/gcc/arm-none-eabi/7.2.1/../../../../arm-none-eabi/lib/thumb/v7e-m\libc.a(lib_a-callocr.o)
                0x08005df4                _calloc_r
 .text._close_r
                0x08005e5c       0x24 c:/users/dani5/.platformio/packages/toolchain-gccarmnoneeabi/bin/../lib/gcc/arm-none-eabi/7.2.1/../../../../arm-none-eabi/lib/thumb/v7e-m\libc.a(lib_a-closer.o)
                0x08005e5c                _close_r
 .text._fclose_r
                0x08005e80       0xd0 c:/users/dani5/.platformio/packages/toolchain-gccarmnoneeabi/bin/../lib/gcc/arm-none-eabi/7.2.1/../../../../arm-none-eabi/lib/thumb/v7e-m\libc.a(lib_a-fclose.o)
                0x08005e80                _fclose_r
 .text.__fputwc
                0x08005f50       0xa0 c:/users/dani5/.platformio/packages/toolchain-gccarmnoneeabi/bin/../lib/gcc/arm-none-eabi/7.2.1/../../../../arm-none-eabi/lib/thumb/v7e-m\libc.a(lib_a-fputwc.o)
                0x08005f50                __fputwc
 .text._fputwc_r
                0x08005ff0       0x64 c:/users/dani5/.platformio/packages/toolchain-gccarmnoneeabi/bin/../lib/gcc/arm-none-eabi/7.2.1/../../../../arm-none-eabi/lib/thumb/v7e-m\libc.a(lib_a-fputwc.o)
                0x08005ff0                _fputwc_r
 .text._fstat_r
                0x08006054       0x28 c:/users/dani5/.platformio/packages/toolchain-gccarmnoneeabi/bin/../lib/gcc/arm-none-eabi/7.2.1/../../../../arm-none-eabi/lib/thumb/v7e-m\libc.a(lib_a-fstatr.o)
                0x08006054                _fstat_r
 .text.__sfvwrite_r
                0x0800607c      0x2fc c:/users/dani5/.platformio/packages/toolchain-gccarmnoneeabi/bin/../lib/gcc/arm-none-eabi/7.2.1/../../../../arm-none-eabi/lib/thumb/v7e-m\libc.a(lib_a-fvwrite.o)
                0x0800607c                __sfvwrite_r
 .text._isatty_r
                0x08006378       0x24 c:/users/dani5/.platformio/packages/toolchain-gccarmnoneeabi/bin/../lib/gcc/arm-none-eabi/7.2.1/../../../../arm-none-eabi/lib/thumb/v7e-m\libc.a(lib_a-isattyr.o)
                0x08006378                _isatty_r
 .text.__locale_mb_cur_max
                0x0800639c       0x1c c:/users/dani5/.platformio/packages/toolchain-gccarmnoneeabi/bin/../lib/gcc/arm-none-eabi/7.2.1/../../../../arm-none-eabi/lib/thumb/v7e-m\libc.a(lib_a-locale.o)
                0x0800639c                __locale_mb_cur_max
 .text._lseek_r
                0x080063b8       0x2c c:/users/dani5/.platformio/packages/toolchain-gccarmnoneeabi/bin/../lib/gcc/arm-none-eabi/7.2.1/../../../../arm-none-eabi/lib/thumb/v7e-m\libc.a(lib_a-lseekr.o)
                0x080063b8                _lseek_r
 .text.__ascii_mbtowc
                0x080063e4       0x2c c:/users/dani5/.platformio/packages/toolchain-gccarmnoneeabi/bin/../lib/gcc/arm-none-eabi/7.2.1/../../../../arm-none-eabi/lib/thumb/v7e-m\libc.a(lib_a-mbtowc_r.o)
                0x080063e4                __ascii_mbtowc
 .text.memmove  0x08006410       0xc8 c:/users/dani5/.platformio/packages/toolchain-gccarmnoneeabi/bin/../lib/gcc/arm-none-eabi/7.2.1/../../../../arm-none-eabi/lib/thumb/v7e-m\libc.a(lib_a-memmove.o)
                0x08006410                memmove
 .text._read_r  0x080064d8       0x2c c:/users/dani5/.platformio/packages/toolchain-gccarmnoneeabi/bin/../lib/gcc/arm-none-eabi/7.2.1/../../../../arm-none-eabi/lib/thumb/v7e-m\libc.a(lib_a-readr.o)
                0x080064d8                _read_r
 .text._realloc_r
                0x08006504      0x35c c:/users/dani5/.platformio/packages/toolchain-gccarmnoneeabi/bin/../lib/gcc/arm-none-eabi/7.2.1/../../../../arm-none-eabi/lib/thumb/v7e-m\libc.a(lib_a-reallocr.o)
                0x08006504                _realloc_r
 .text._wcrtomb_r
                0x08006860       0x50 c:/users/dani5/.platformio/packages/toolchain-gccarmnoneeabi/bin/../lib/gcc/arm-none-eabi/7.2.1/../../../../arm-none-eabi/lib/thumb/v7e-m\libc.a(lib_a-wcrtomb.o)
                0x08006860                _wcrtomb_r
 .text.__ascii_wctomb
                0x080068b0       0x1c c:/users/dani5/.platformio/packages/toolchain-gccarmnoneeabi/bin/../lib/gcc/arm-none-eabi/7.2.1/../../../../arm-none-eabi/lib/thumb/v7e-m\libc.a(lib_a-wctomb_r.o)
                0x080068b0                __ascii_wctomb
 *(.glue_7)
 .glue_7        0x080068cc        0x0 linker stubs
 *(.glue_7t)
 .glue_7t       0x080068cc        0x0 linker stubs
 *(.eh_frame)
 .eh_frame      0x080068cc        0x0 c:/users/dani5/.platformio/packages/toolchain-gccarmnoneeabi/bin/../lib/gcc/arm-none-eabi/7.2.1/thumb/v7e-m/crtbegin.o
 *(.init)
 .init          0x080068cc        0x4 c:/users/dani5/.platformio/packages/toolchain-gccarmnoneeabi/bin/../lib/gcc/arm-none-eabi/7.2.1/thumb/v7e-m/crti.o
                0x080068cc                _init
 .init          0x080068d0        0x8 c:/users/dani5/.platformio/packages/toolchain-gccarmnoneeabi/bin/../lib/gcc/arm-none-eabi/7.2.1/thumb/v7e-m/crtn.o
 *(.fini)
 .fini          0x080068d8        0x4 c:/users/dani5/.platformio/packages/toolchain-gccarmnoneeabi/bin/../lib/gcc/arm-none-eabi/7.2.1/thumb/v7e-m/crti.o
                0x080068d8                _fini
 .fini          0x080068dc        0x8 c:/users/dani5/.platformio/packages/toolchain-gccarmnoneeabi/bin/../lib/gcc/arm-none-eabi/7.2.1/thumb/v7e-m/crtn.o
                0x080068e4                . = ALIGN (0x4)
                0x080068e4                _etext = .

.vfp11_veneer   0x080068e4        0x0
 .vfp11_veneer  0x080068e4        0x0 linker stubs

.v4_bx          0x080068e4        0x0
 .v4_bx         0x080068e4        0x0 linker stubs

.iplt           0x080068e4        0x0
 .iplt          0x080068e4        0x0 c:/users/dani5/.platformio/packages/toolchain-gccarmnoneeabi/bin/../lib/gcc/arm-none-eabi/7.2.1/thumb/v7e-m/crtbegin.o

.rodata         0x080068e8      0x530
                0x080068e8                . = ALIGN (0x4)
 *(.rodata)
 *(.rodata*)
 .rodata.bgcolor.str1.1
                0x080068e8        0x7 .pio\build\nucleo_f302r8\src\Ascii.o
 .rodata.borders.str1.1
                0x080068ef       0x21 .pio\build\nucleo_f302r8\src\Ascii.o
 .rodata.drawAlien.str1.1
                0x08006910        0x3 .pio\build\nucleo_f302r8\src\Ascii.o
 .rodata.drawBullet.str1.1
                0x08006913        0xf .pio\build\nucleo_f302r8\src\Ascii.o
 .rodata.level1.8634
                0x08006922        0xf .pio\build\nucleo_f302r8\src\Ascii.o
 .rodata.level2.8635
                0x08006931       0x14 .pio\build\nucleo_f302r8\src\Ascii.o
 .rodata.level3.8636
                0x08006945       0x19 .pio\build\nucleo_f302r8\src\Ascii.o
 .rodata.print_level.str1.1
                0x0800695e        0xa .pio\build\nucleo_f302r8\src\Ascii.o
 .rodata.print_score.str1.1
                0x08006968       0x19 .pio\build\nucleo_f302r8\src\Ascii.o
 .rodata.displayHelpScreen.str1.1
                0x08006981      0x152 .pio\build\nucleo_f302r8\src\HelpScreeen.o
                                0x15b (size before relaxing)
 .rodata.erase_bullet.str1.1
                0x08006ad3       0x22 .pio\build\nucleo_f302r8\src\bullets.o
                                 0x2b (size before relaxing)
 .rodata.game_state_init.str1.1
                0x08006af5        0x5 .pio\build\nucleo_f302r8\src\game_state.o
 .rodata.main.str1.1
                0x08006af5        0x7 .pio\build\nucleo_f302r8\src\main.o
                                  0xc (size before relaxing)
 .rodata.display_menu.str1.1
                0x08006afc       0x28 .pio\build\nucleo_f302r8\src\menu.o
                                 0x40 (size before relaxing)
 .rodata.menu_update.str1.1
                0x08006b24       0x69 .pio\build\nucleo_f302r8\src\menu.o
 *fill*         0x08006b8d        0x3 
 .rodata._global_impure_ptr
                0x08006b90        0x4 c:/users/dani5/.platformio/packages/toolchain-gccarmnoneeabi/bin/../lib/gcc/arm-none-eabi/7.2.1/../../../../arm-none-eabi/lib/thumb/v7e-m\libc.a(lib_a-impure.o)
                0x08006b90                _global_impure_ptr
 .rodata._vfprintf_r.str1.4
                0x08006b94       0x42 c:/users/dani5/.platformio/packages/toolchain-gccarmnoneeabi/bin/../lib/gcc/arm-none-eabi/7.2.1/../../../../arm-none-eabi/lib/thumb/v7e-m\libc.a(lib_a-vfprintf.o)
 *fill*         0x08006bd6        0x2 
 .rodata.blanks.7291
                0x08006bd8       0x10 c:/users/dani5/.platformio/packages/toolchain-gccarmnoneeabi/bin/../lib/gcc/arm-none-eabi/7.2.1/../../../../arm-none-eabi/lib/thumb/v7e-m\libc.a(lib_a-vfprintf.o)
 .rodata.zeroes.7292
                0x08006be8       0x10 c:/users/dani5/.platformio/packages/toolchain-gccarmnoneeabi/bin/../lib/gcc/arm-none-eabi/7.2.1/../../../../arm-none-eabi/lib/thumb/v7e-m\libc.a(lib_a-vfprintf.o)
 .rodata._dtoa_r.str1.4
                0x08006bf8       0x10 c:/users/dani5/.platformio/packages/toolchain-gccarmnoneeabi/bin/../lib/gcc/arm-none-eabi/7.2.1/../../../../arm-none-eabi/lib/thumb/v7e-m\libc.a(lib_a-dtoa.o)
                                 0x12 (size before relaxing)
 .rodata.__mprec_bigtens
                0x08006c08       0x28 c:/users/dani5/.platformio/packages/toolchain-gccarmnoneeabi/bin/../lib/gcc/arm-none-eabi/7.2.1/../../../../arm-none-eabi/lib/thumb/v7e-m\libc.a(lib_a-mprec.o)
                0x08006c08                __mprec_bigtens
 .rodata.__mprec_tens
                0x08006c30       0xc8 c:/users/dani5/.platformio/packages/toolchain-gccarmnoneeabi/bin/../lib/gcc/arm-none-eabi/7.2.1/../../../../arm-none-eabi/lib/thumb/v7e-m\libc.a(lib_a-mprec.o)
                0x08006c30                __mprec_tens
 .rodata.p05.6092
                0x08006cf8        0xc c:/users/dani5/.platformio/packages/toolchain-gccarmnoneeabi/bin/../lib/gcc/arm-none-eabi/7.2.1/../../../../arm-none-eabi/lib/thumb/v7e-m\libc.a(lib_a-mprec.o)
 .rodata._setlocale_r.str1.4
                0x08006d04        0xa c:/users/dani5/.platformio/packages/toolchain-gccarmnoneeabi/bin/../lib/gcc/arm-none-eabi/7.2.1/../../../../arm-none-eabi/lib/thumb/v7e-m\libc.a(lib_a-locale.o)
                                  0xd (size before relaxing)
 *fill*         0x08006d0e        0x2 
 .rodata.str1.4
                0x08006d10        0x4 c:/users/dani5/.platformio/packages/toolchain-gccarmnoneeabi/bin/../lib/gcc/arm-none-eabi/7.2.1/../../../../arm-none-eabi/lib/thumb/v7e-m\libc.a(lib_a-locale.o)
                                  0x2 (size before relaxing)
 .rodata._ctype_
                0x08006d14      0x101 c:/users/dani5/.platformio/packages/toolchain-gccarmnoneeabi/bin/../lib/gcc/arm-none-eabi/7.2.1/../../../../arm-none-eabi/lib/thumb/v7e-m\libc.a(lib_a-ctype_.o)
                0x08006d14                _ctype_
                0x08006e18                . = ALIGN (0x4)
 *fill*         0x08006e15        0x3 

.ARM.extab      0x08006e18        0x0
                0x08006e18                . = ALIGN (0x4)
 *(.ARM.extab* .gnu.linkonce.armextab.*)
                0x08006e18                . = ALIGN (0x4)

.ARM            0x08006e18        0x8
                0x08006e18                . = ALIGN (0x4)
                0x08006e18                __exidx_start = .
 *(.ARM.exidx*)
 .ARM.exidx     0x08006e18        0x8 c:/users/dani5/.platformio/packages/toolchain-gccarmnoneeabi/bin/../lib/gcc/arm-none-eabi/7.2.1/thumb/v7e-m\libgcc.a(_udivmoddi4.o)
                0x08006e20                __exidx_end = .
                0x08006e20                . = ALIGN (0x4)

.rel.dyn        0x08006e20        0x0
 .rel.iplt      0x08006e20        0x0 c:/users/dani5/.platformio/packages/toolchain-gccarmnoneeabi/bin/../lib/gcc/arm-none-eabi/7.2.1/thumb/v7e-m/crtbegin.o

.preinit_array  0x08006e20        0x0
                0x08006e20                . = ALIGN (0x4)
                0x08006e20                PROVIDE (__preinit_array_start, .)
 *(.preinit_array*)
                0x08006e20                PROVIDE (__preinit_array_end, .)
                0x08006e20                . = ALIGN (0x4)

.init_array     0x08006e20        0x8
                0x08006e20                . = ALIGN (0x4)
                0x08006e20                PROVIDE (__init_array_start, .)
 *(SORT_BY_NAME(.init_array.*))
 .init_array.00000
                0x08006e20        0x4 c:/users/dani5/.platformio/packages/toolchain-gccarmnoneeabi/bin/../lib/gcc/arm-none-eabi/7.2.1/../../../../arm-none-eabi/lib/thumb/v7e-m\libc.a(lib_a-__call_atexit.o)
 *(.init_array*)
 .init_array    0x08006e24        0x4 c:/users/dani5/.platformio/packages/toolchain-gccarmnoneeabi/bin/../lib/gcc/arm-none-eabi/7.2.1/thumb/v7e-m/crtbegin.o
                0x08006e28                PROVIDE (__init_array_end, .)
                0x08006e28                . = ALIGN (0x4)

.fini_array     0x08006e28        0x4
                0x08006e28                . = ALIGN (0x4)
                0x08006e28                PROVIDE (__fini_array_start, .)
 *(SORT_BY_NAME(.fini_array.*))
 *(.fini_array*)
 .fini_array    0x08006e28        0x4 c:/users/dani5/.platformio/packages/toolchain-gccarmnoneeabi/bin/../lib/gcc/arm-none-eabi/7.2.1/thumb/v7e-m/crtbegin.o
                0x08006e2c                PROVIDE (__fini_array_end, .)
                0x08006e2c                . = ALIGN (0x4)
                0x08006e2c                _sidata = LOADADDR (.data)

.data           0x20000000      0x9d8 load address 0x08006e2c
                0x20000000                . = ALIGN (0x4)
                0x20000000                _sdata = .
 *(.data)
 *(.data*)
 .data.ADCPrescTable
                0x20000000       0x1a .pio\build\nucleo_f302r8\lib\SPL\src\stm32f30x_rcc.o
 .data.APBAHBPrescTable
                0x2000001a       0x10 .pio\build\nucleo_f302r8\lib\SPL\src\stm32f30x_rcc.o
 *fill*         0x2000002a        0x2 
 .data._impure_ptr
                0x2000002c        0x4 c:/users/dani5/.platformio/packages/toolchain-gccarmnoneeabi/bin/../lib/gcc/arm-none-eabi/7.2.1/../../../../arm-none-eabi/lib/thumb/v7e-m\libc.a(lib_a-impure.o)
                0x2000002c                _impure_ptr
 .data.impure_data
                0x20000030      0x428 c:/users/dani5/.platformio/packages/toolchain-gccarmnoneeabi/bin/../lib/gcc/arm-none-eabi/7.2.1/../../../../arm-none-eabi/lib/thumb/v7e-m\libc.a(lib_a-impure.o)
 .data.__atexit_recursive_mutex
                0x20000458        0x4 c:/users/dani5/.platformio/packages/toolchain-gccarmnoneeabi/bin/../lib/gcc/arm-none-eabi/7.2.1/../../../../arm-none-eabi/lib/thumb/v7e-m\libc.a(lib_a-__call_atexit.o)
                0x20000458                __atexit_recursive_mutex
 .data.__malloc_av_
                0x2000045c      0x408 c:/users/dani5/.platformio/packages/toolchain-gccarmnoneeabi/bin/../lib/gcc/arm-none-eabi/7.2.1/../../../../arm-none-eabi/lib/thumb/v7e-m\libc.a(lib_a-mallocr.o)
                0x2000045c                __malloc_av_
 .data.__malloc_sbrk_base
                0x20000864        0x4 c:/users/dani5/.platformio/packages/toolchain-gccarmnoneeabi/bin/../lib/gcc/arm-none-eabi/7.2.1/../../../../arm-none-eabi/lib/thumb/v7e-m\libc.a(lib_a-mallocr.o)
                0x20000864                __malloc_sbrk_base
 .data.__malloc_trim_threshold
                0x20000868        0x4 c:/users/dani5/.platformio/packages/toolchain-gccarmnoneeabi/bin/../lib/gcc/arm-none-eabi/7.2.1/../../../../arm-none-eabi/lib/thumb/v7e-m\libc.a(lib_a-mallocr.o)
                0x20000868                __malloc_trim_threshold
 .data.__global_locale
                0x2000086c      0x16c c:/users/dani5/.platformio/packages/toolchain-gccarmnoneeabi/bin/../lib/gcc/arm-none-eabi/7.2.1/../../../../arm-none-eabi/lib/thumb/v7e-m\libc.a(lib_a-locale.o)
                0x2000086c                __global_locale
                0x200009d8                . = ALIGN (0x4)
                0x200009d8                _edata = .

.igot.plt       0x200009d8        0x0 load address 0x08007804
 .igot.plt      0x200009d8        0x0 c:/users/dani5/.platformio/packages/toolchain-gccarmnoneeabi/bin/../lib/gcc/arm-none-eabi/7.2.1/thumb/v7e-m/crtbegin.o
                0x200009d8                . = ALIGN (0x4)

.bss            0x200009d8      0x374 load address 0x08007804
                0x200009d8                _sbss = .
                0x200009d8                __bss_start__ = _sbss
 *(.bss)
 .bss           0x200009d8       0x1c c:/users/dani5/.platformio/packages/toolchain-gccarmnoneeabi/bin/../lib/gcc/arm-none-eabi/7.2.1/thumb/v7e-m/crtbegin.o
 *(.bss*)
 .bss.tim2_flag
                0x200009f4        0x1 .pio\build\nucleo_f302r8\src\HAL.o
                0x200009f4                tim2_flag
 .bss.UART_BUFFER
                0x200009f5      0x100 .pio\build\nucleo_f302r8\src\bsp\30010_io.o
                0x200009f5                UART_BUFFER
 .bss.UART_COUNT
                0x20000af5        0x1 .pio\build\nucleo_f302r8\src\bsp\30010_io.o
                0x20000af5                UART_COUNT
 .bss.UART_END_IDX
                0x20000af6        0x1 .pio\build\nucleo_f302r8\src\bsp\30010_io.o
                0x20000af6                UART_END_IDX
 .bss.UART_START_IDX
                0x20000af7        0x1 .pio\build\nucleo_f302r8\src\bsp\30010_io.o
                0x20000af7                UART_START_IDX
 .bss.heap_end.5149
                0x20000af8        0x4 .pio\build\nucleo_f302r8\src\bsp\sysmem.o
 .bss.__malloc_current_mallinfo
                0x20000afc       0x28 c:/users/dani5/.platformio/packages/toolchain-gccarmnoneeabi/bin/../lib/gcc/arm-none-eabi/7.2.1/../../../../arm-none-eabi/lib/thumb/v7e-m\libc.a(lib_a-mallocr.o)
                0x20000afc                __malloc_current_mallinfo
 .bss.__malloc_max_sbrked_mem
                0x20000b24        0x4 c:/users/dani5/.platformio/packages/toolchain-gccarmnoneeabi/bin/../lib/gcc/arm-none-eabi/7.2.1/../../../../arm-none-eabi/lib/thumb/v7e-m\libc.a(lib_a-mallocr.o)
                0x20000b24                __malloc_max_sbrked_mem
 .bss.__malloc_max_total_mem
                0x20000b28        0x4 c:/users/dani5/.platformio/packages/toolchain-gccarmnoneeabi/bin/../lib/gcc/arm-none-eabi/7.2.1/../../../../arm-none-eabi/lib/thumb/v7e-m\libc.a(lib_a-mallocr.o)
                0x20000b28                __malloc_max_total_mem
 .bss.__malloc_top_pad
                0x20000b2c        0x4 c:/users/dani5/.platformio/packages/toolchain-gccarmnoneeabi/bin/../lib/gcc/arm-none-eabi/7.2.1/../../../../arm-none-eabi/lib/thumb/v7e-m\libc.a(lib_a-mallocr.o)
                0x20000b2c                __malloc_top_pad
 *(COMMON)
 COMMON         0x20000b30       0x14 .pio\build\nucleo_f302r8\src\Physics.o
                0x20000b30                p
 COMMON         0x20000b44      0x1e0 .pio\build\nucleo_f302r8\src\bullets.o
                0x20000b44                bullets
 COMMON         0x20000d24       0x21 c:/users/dani5/.platformio/packages/toolchain-gccarmnoneeabi/bin/../lib/gcc/arm-none-eabi/7.2.1/../../../../arm-none-eabi/lib/thumb/v7e-m\libc.a(lib_a-lock.o)
                0x20000d24                __lock___atexit_recursive_mutex
                0x20000d28                __lock___arc4random_mutex
                0x20000d2c                __lock___env_recursive_mutex
                0x20000d30                __lock___sinit_recursive_mutex
                0x20000d34                __lock___malloc_recursive_mutex
                0x20000d38                __lock___at_quick_exit_mutex
                0x20000d3c                __lock___dd_hash_mutex
                0x20000d40                __lock___tz_mutex
                0x20000d44                __lock___sfp_recursive_mutex
 *fill*         0x20000d45        0x3 
 COMMON         0x20000d48        0x4 c:/users/dani5/.platformio/packages/toolchain-gccarmnoneeabi/bin/../lib/gcc/arm-none-eabi/7.2.1/../../../../arm-none-eabi/lib/thumb/v7e-m\libc.a(lib_a-reent.o)
                0x20000d48                errno
                0x20000d4c                . = ALIGN (0x4)
                0x20000d4c                _ebss = .
                0x20000d4c                __bss_end__ = _ebss

._user_heap_stack
                0x20000d4c      0x604 load address 0x08007804
                0x20000d50                . = ALIGN (0x8)
 *fill*         0x20000d4c        0x4 
                0x20000d50                PROVIDE (end, .)
                [!provide]                PROVIDE (_end, .)
                0x20000f50                . = (. + _Min_Heap_Size)
 *fill*         0x20000d50      0x200 
                0x20001350                . = (. + _Min_Stack_Size)
 *fill*         0x20000f50      0x400 
                0x20001350                . = ALIGN (0x8)

/DISCARD/
 libc.a(*)
 libm.a(*)
 libgcc.a(*)

.ARM.attributes
                0x00000000       0x2a
 *(.ARM.attributes)
 .ARM.attributes
                0x00000000       0x1e c:/users/dani5/.platformio/packages/toolchain-gccarmnoneeabi/bin/../lib/gcc/arm-none-eabi/7.2.1/thumb/v7e-m/crti.o
 .ARM.attributes
                0x0000001e       0x2e c:/users/dani5/.platformio/packages/toolchain-gccarmnoneeabi/bin/../lib/gcc/arm-none-eabi/7.2.1/thumb/v7e-m/crtbegin.o
 .ARM.attributes
                0x0000004c       0x33 .pio\build\nucleo_f302r8\lib\SPL\src\stm32f30x_rcc.o
 .ARM.attributes
                0x0000007f       0x33 .pio\build\nucleo_f302r8\lib\SPL\src\stm32f30x_usart.o
 .ARM.attributes
                0x000000b2       0x21 .pio\build\nucleo_f302r8\startup_stm32f302r8tx.o
 .ARM.attributes
                0x000000d3       0x33 .pio\build\nucleo_f302r8\src\Ascii.o
 .ARM.attributes
                0x00000106       0x33 .pio\build\nucleo_f302r8\src\HAL.o
 .ARM.attributes
                0x00000139       0x33 .pio\build\nucleo_f302r8\src\HelpScreeen.o
 .ARM.attributes
                0x0000016c       0x33 .pio\build\nucleo_f302r8\src\Physics.o
 .ARM.attributes
                0x0000019f       0x33 .pio\build\nucleo_f302r8\src\bsp\30010_io.o
 .ARM.attributes
                0x000001d2       0x33 .pio\build\nucleo_f302r8\src\bsp\syscalls.o
 .ARM.attributes
                0x00000205       0x33 .pio\build\nucleo_f302r8\src\bsp\sysmem.o
 .ARM.attributes
                0x00000238       0x33 .pio\build\nucleo_f302r8\src\bsp\system_stm32f30x.o
 .ARM.attributes
                0x0000026b       0x33 .pio\build\nucleo_f302r8\src\bullets.o
 .ARM.attributes
                0x0000029e       0x33 .pio\build\nucleo_f302r8\src\game_state.o
 .ARM.attributes
                0x000002d1       0x33 .pio\build\nucleo_f302r8\src\main.o
 .ARM.attributes
                0x00000304       0x33 .pio\build\nucleo_f302r8\src\menu.o
 .ARM.attributes
                0x00000337       0x2e c:/users/dani5/.platformio/packages/toolchain-gccarmnoneeabi/bin/../lib/gcc/arm-none-eabi/7.2.1/../../../../arm-none-eabi/lib/thumb/v7e-m\libc.a(lib_a-errno.o)
 .ARM.attributes
                0x00000365       0x2e c:/users/dani5/.platformio/packages/toolchain-gccarmnoneeabi/bin/../lib/gcc/arm-none-eabi/7.2.1/../../../../arm-none-eabi/lib/thumb/v7e-m\libc.a(lib_a-impure.o)
 .ARM.attributes
                0x00000393       0x2e c:/users/dani5/.platformio/packages/toolchain-gccarmnoneeabi/bin/../lib/gcc/arm-none-eabi/7.2.1/../../../../arm-none-eabi/lib/thumb/v7e-m\libc.a(lib_a-init.o)
 .ARM.attributes
                0x000003c1       0x2e c:/users/dani5/.platformio/packages/toolchain-gccarmnoneeabi/bin/../lib/gcc/arm-none-eabi/7.2.1/../../../../arm-none-eabi/lib/thumb/v7e-m\libc.a(lib_a-memset.o)
 .ARM.attributes
                0x000003ef       0x2e c:/users/dani5/.platformio/packages/toolchain-gccarmnoneeabi/bin/../lib/gcc/arm-none-eabi/7.2.1/../../../../arm-none-eabi/lib/thumb/v7e-m\libc.a(lib_a-printf.o)
 .ARM.attributes
                0x0000041d       0x2e c:/users/dani5/.platformio/packages/toolchain-gccarmnoneeabi/bin/../lib/gcc/arm-none-eabi/7.2.1/../../../../arm-none-eabi/lib/thumb/v7e-m\libc.a(lib_a-putchar.o)
 .ARM.attributes
                0x0000044b       0x2e c:/users/dani5/.platformio/packages/toolchain-gccarmnoneeabi/bin/../lib/gcc/arm-none-eabi/7.2.1/../../../../arm-none-eabi/lib/thumb/v7e-m\libc.a(lib_a-rand.o)
 .ARM.attributes
                0x00000479       0x2e c:/users/dani5/.platformio/packages/toolchain-gccarmnoneeabi/bin/../lib/gcc/arm-none-eabi/7.2.1/../../../../arm-none-eabi/lib/thumb/v7e-m\libc.a(lib_a-setbuf.o)
 .ARM.attributes
                0x000004a7       0x2e c:/users/dani5/.platformio/packages/toolchain-gccarmnoneeabi/bin/../lib/gcc/arm-none-eabi/7.2.1/../../../../arm-none-eabi/lib/thumb/v7e-m\libc.a(lib_a-setvbuf.o)
 .ARM.attributes
                0x000004d5       0x2e c:/users/dani5/.platformio/packages/toolchain-gccarmnoneeabi/bin/../lib/gcc/arm-none-eabi/7.2.1/../../../../arm-none-eabi/lib/thumb/v7e-m\libc.a(lib_a-vfprintf.o)
 .ARM.attributes
                0x00000503       0x2e c:/users/dani5/.platformio/packages/toolchain-gccarmnoneeabi/bin/../lib/gcc/arm-none-eabi/7.2.1/../../../../arm-none-eabi/lib/thumb/v7e-m\libc.a(lib_a-wsetup.o)
 .ARM.attributes
                0x00000531       0x2e c:/users/dani5/.platformio/packages/toolchain-gccarmnoneeabi/bin/../lib/gcc/arm-none-eabi/7.2.1/../../../../arm-none-eabi/lib/thumb/v7e-m\libc.a(lib_a-__call_atexit.o)
 .ARM.attributes
                0x0000055f       0x2e c:/users/dani5/.platformio/packages/toolchain-gccarmnoneeabi/bin/../lib/gcc/arm-none-eabi/7.2.1/../../../../arm-none-eabi/lib/thumb/v7e-m\libc.a(lib_a-atexit.o)
 .ARM.attributes
                0x0000058d       0x2e c:/users/dani5/.platformio/packages/toolchain-gccarmnoneeabi/bin/../lib/gcc/arm-none-eabi/7.2.1/../../../../arm-none-eabi/lib/thumb/v7e-m\libc.a(lib_a-dtoa.o)
 .ARM.attributes
                0x000005bb       0x2e c:/users/dani5/.platformio/packages/toolchain-gccarmnoneeabi/bin/../lib/gcc/arm-none-eabi/7.2.1/../../../../arm-none-eabi/lib/thumb/v7e-m\libc.a(lib_a-fflush.o)
 .ARM.attributes
                0x000005e9       0x2e c:/users/dani5/.platformio/packages/toolchain-gccarmnoneeabi/bin/../lib/gcc/arm-none-eabi/7.2.1/../../../../arm-none-eabi/lib/thumb/v7e-m\libc.a(lib_a-findfp.o)
 .ARM.attributes
                0x00000617       0x2e c:/users/dani5/.platformio/packages/toolchain-gccarmnoneeabi/bin/../lib/gcc/arm-none-eabi/7.2.1/../../../../arm-none-eabi/lib/thumb/v7e-m\libc.a(lib_a-fini.o)
 .ARM.attributes
                0x00000645       0x2e c:/users/dani5/.platformio/packages/toolchain-gccarmnoneeabi/bin/../lib/gcc/arm-none-eabi/7.2.1/../../../../arm-none-eabi/lib/thumb/v7e-m\libc.a(lib_a-freer.o)
 .ARM.attributes
                0x00000673       0x2e c:/users/dani5/.platformio/packages/toolchain-gccarmnoneeabi/bin/../lib/gcc/arm-none-eabi/7.2.1/../../../../arm-none-eabi/lib/thumb/v7e-m\libc.a(lib_a-fwalk.o)
 .ARM.attributes
                0x000006a1       0x2e c:/users/dani5/.platformio/packages/toolchain-gccarmnoneeabi/bin/../lib/gcc/arm-none-eabi/7.2.1/../../../../arm-none-eabi/lib/thumb/v7e-m\libc.a(lib_a-localeconv.o)
 .ARM.attributes
                0x000006cf       0x2e c:/users/dani5/.platformio/packages/toolchain-gccarmnoneeabi/bin/../lib/gcc/arm-none-eabi/7.2.1/../../../../arm-none-eabi/lib/thumb/v7e-m\libc.a(lib_a-lock.o)
 .ARM.attributes
                0x000006fd       0x2e c:/users/dani5/.platformio/packages/toolchain-gccarmnoneeabi/bin/../lib/gcc/arm-none-eabi/7.2.1/../../../../arm-none-eabi/lib/thumb/v7e-m\libc.a(lib_a-makebuf.o)
 .ARM.attributes
                0x0000072b       0x2e c:/users/dani5/.platformio/packages/toolchain-gccarmnoneeabi/bin/../lib/gcc/arm-none-eabi/7.2.1/../../../../arm-none-eabi/lib/thumb/v7e-m\libc.a(lib_a-malloc.o)
 .ARM.attributes
                0x00000759       0x2e c:/users/dani5/.platformio/packages/toolchain-gccarmnoneeabi/bin/../lib/gcc/arm-none-eabi/7.2.1/../../../../arm-none-eabi/lib/thumb/v7e-m\libc.a(lib_a-mallocr.o)
 .ARM.attributes
                0x00000787       0x1c c:/users/dani5/.platformio/packages/toolchain-gccarmnoneeabi/bin/../lib/gcc/arm-none-eabi/7.2.1/../../../../arm-none-eabi/lib/thumb/v7e-m\libc.a(lib_a-memchr.o)
 .ARM.attributes
                0x000007a3       0x1c c:/users/dani5/.platformio/packages/toolchain-gccarmnoneeabi/bin/../lib/gcc/arm-none-eabi/7.2.1/../../../../arm-none-eabi/lib/thumb/v7e-m\libc.a(lib_a-memcpy.o)
 .ARM.attributes
                0x000007bf       0x2e c:/users/dani5/.platformio/packages/toolchain-gccarmnoneeabi/bin/../lib/gcc/arm-none-eabi/7.2.1/../../../../arm-none-eabi/lib/thumb/v7e-m\libc.a(lib_a-mlock.o)
 .ARM.attributes
                0x000007ed       0x2e c:/users/dani5/.platformio/packages/toolchain-gccarmnoneeabi/bin/../lib/gcc/arm-none-eabi/7.2.1/../../../../arm-none-eabi/lib/thumb/v7e-m\libc.a(lib_a-mprec.o)
 .ARM.attributes
                0x0000081b       0x2e c:/users/dani5/.platformio/packages/toolchain-gccarmnoneeabi/bin/../lib/gcc/arm-none-eabi/7.2.1/../../../../arm-none-eabi/lib/thumb/v7e-m\libc.a(lib_a-putc.o)
 .ARM.attributes
                0x00000849       0x2e c:/users/dani5/.platformio/packages/toolchain-gccarmnoneeabi/bin/../lib/gcc/arm-none-eabi/7.2.1/../../../../arm-none-eabi/lib/thumb/v7e-m\libc.a(lib_a-sbrkr.o)
 .ARM.attributes
                0x00000877       0x2e c:/users/dani5/.platformio/packages/toolchain-gccarmnoneeabi/bin/../lib/gcc/arm-none-eabi/7.2.1/../../../../arm-none-eabi/lib/thumb/v7e-m\libc.a(lib_a-stdio.o)
 .ARM.attributes
                0x000008a5       0x1c c:/users/dani5/.platformio/packages/toolchain-gccarmnoneeabi/bin/../lib/gcc/arm-none-eabi/7.2.1/../../../../arm-none-eabi/lib/thumb/v7e-m\libc.a(lib_a-strlen.o)
 .ARM.attributes
                0x000008c1       0x2e c:/users/dani5/.platformio/packages/toolchain-gccarmnoneeabi/bin/../lib/gcc/arm-none-eabi/7.2.1/../../../../arm-none-eabi/lib/thumb/v7e-m\libc.a(lib_a-vfiprintf.o)
 .ARM.attributes
                0x000008ef       0x2e c:/users/dani5/.platformio/packages/toolchain-gccarmnoneeabi/bin/../lib/gcc/arm-none-eabi/7.2.1/../../../../arm-none-eabi/lib/thumb/v7e-m\libc.a(lib_a-wbuf.o)
 .ARM.attributes
                0x0000091d       0x2e c:/users/dani5/.platformio/packages/toolchain-gccarmnoneeabi/bin/../lib/gcc/arm-none-eabi/7.2.1/../../../../arm-none-eabi/lib/thumb/v7e-m\libc.a(lib_a-__atexit.o)
 .ARM.attributes
                0x0000094b       0x2e c:/users/dani5/.platformio/packages/toolchain-gccarmnoneeabi/bin/../lib/gcc/arm-none-eabi/7.2.1/../../../../arm-none-eabi/lib/thumb/v7e-m\libc.a(lib_a-callocr.o)
 .ARM.attributes
                0x00000979       0x2e c:/users/dani5/.platformio/packages/toolchain-gccarmnoneeabi/bin/../lib/gcc/arm-none-eabi/7.2.1/../../../../arm-none-eabi/lib/thumb/v7e-m\libc.a(lib_a-closer.o)
 .ARM.attributes
                0x000009a7       0x2e c:/users/dani5/.platformio/packages/toolchain-gccarmnoneeabi/bin/../lib/gcc/arm-none-eabi/7.2.1/../../../../arm-none-eabi/lib/thumb/v7e-m\libc.a(lib_a-fclose.o)
 .ARM.attributes
                0x000009d5       0x2e c:/users/dani5/.platformio/packages/toolchain-gccarmnoneeabi/bin/../lib/gcc/arm-none-eabi/7.2.1/../../../../arm-none-eabi/lib/thumb/v7e-m\libc.a(lib_a-fputwc.o)
 .ARM.attributes
                0x00000a03       0x2e c:/users/dani5/.platformio/packages/toolchain-gccarmnoneeabi/bin/../lib/gcc/arm-none-eabi/7.2.1/../../../../arm-none-eabi/lib/thumb/v7e-m\libc.a(lib_a-fstatr.o)
 .ARM.attributes
                0x00000a31       0x2e c:/users/dani5/.platformio/packages/toolchain-gccarmnoneeabi/bin/../lib/gcc/arm-none-eabi/7.2.1/../../../../arm-none-eabi/lib/thumb/v7e-m\libc.a(lib_a-fvwrite.o)
 .ARM.attributes
                0x00000a5f       0x2e c:/users/dani5/.platformio/packages/toolchain-gccarmnoneeabi/bin/../lib/gcc/arm-none-eabi/7.2.1/../../../../arm-none-eabi/lib/thumb/v7e-m\libc.a(lib_a-isattyr.o)
 .ARM.attributes
                0x00000a8d       0x2e c:/users/dani5/.platformio/packages/toolchain-gccarmnoneeabi/bin/../lib/gcc/arm-none-eabi/7.2.1/../../../../arm-none-eabi/lib/thumb/v7e-m\libc.a(lib_a-locale.o)
 .ARM.attributes
                0x00000abb       0x2e c:/users/dani5/.platformio/packages/toolchain-gccarmnoneeabi/bin/../lib/gcc/arm-none-eabi/7.2.1/../../../../arm-none-eabi/lib/thumb/v7e-m\libc.a(lib_a-lseekr.o)
 .ARM.attributes
                0x00000ae9       0x2e c:/users/dani5/.platformio/packages/toolchain-gccarmnoneeabi/bin/../lib/gcc/arm-none-eabi/7.2.1/../../../../arm-none-eabi/lib/thumb/v7e-m\libc.a(lib_a-mbtowc_r.o)
 .ARM.attributes
                0x00000b17       0x2e c:/users/dani5/.platformio/packages/toolchain-gccarmnoneeabi/bin/../lib/gcc/arm-none-eabi/7.2.1/../../../../arm-none-eabi/lib/thumb/v7e-m\libc.a(lib_a-memmove.o)
 .ARM.attributes
                0x00000b45       0x2e c:/users/dani5/.platformio/packages/toolchain-gccarmnoneeabi/bin/../lib/gcc/arm-none-eabi/7.2.1/../../../../arm-none-eabi/lib/thumb/v7e-m\libc.a(lib_a-readr.o)
 .ARM.attributes
                0x00000b73       0x2e c:/users/dani5/.platformio/packages/toolchain-gccarmnoneeabi/bin/../lib/gcc/arm-none-eabi/7.2.1/../../../../arm-none-eabi/lib/thumb/v7e-m\libc.a(lib_a-reallocr.o)
 .ARM.attributes
                0x00000ba1       0x2e c:/users/dani5/.platformio/packages/toolchain-gccarmnoneeabi/bin/../lib/gcc/arm-none-eabi/7.2.1/../../../../arm-none-eabi/lib/thumb/v7e-m\libc.a(lib_a-reent.o)
 .ARM.attributes
                0x00000bcf       0x2e c:/users/dani5/.platformio/packages/toolchain-gccarmnoneeabi/bin/../lib/gcc/arm-none-eabi/7.2.1/../../../../arm-none-eabi/lib/thumb/v7e-m\libc.a(lib_a-wcrtomb.o)
 .ARM.attributes
                0x00000bfd       0x2e c:/users/dani5/.platformio/packages/toolchain-gccarmnoneeabi/bin/../lib/gcc/arm-none-eabi/7.2.1/../../../../arm-none-eabi/lib/thumb/v7e-m\libc.a(lib_a-wctomb_r.o)
 .ARM.attributes
                0x00000c2b       0x2e c:/users/dani5/.platformio/packages/toolchain-gccarmnoneeabi/bin/../lib/gcc/arm-none-eabi/7.2.1/../../../../arm-none-eabi/lib/thumb/v7e-m\libc.a(lib_a-ctype_.o)
 .ARM.attributes
                0x00000c59       0x1e c:/users/dani5/.platformio/packages/toolchain-gccarmnoneeabi/bin/../lib/gcc/arm-none-eabi/7.2.1/thumb/v7e-m\libgcc.a(_arm_addsubdf3.o)
 .ARM.attributes
                0x00000c77       0x1e c:/users/dani5/.platformio/packages/toolchain-gccarmnoneeabi/bin/../lib/gcc/arm-none-eabi/7.2.1/thumb/v7e-m\libgcc.a(_arm_muldivdf3.o)
 .ARM.attributes
                0x00000c95       0x1e c:/users/dani5/.platformio/packages/toolchain-gccarmnoneeabi/bin/../lib/gcc/arm-none-eabi/7.2.1/thumb/v7e-m\libgcc.a(_arm_cmpdf2.o)
 .ARM.attributes
                0x00000cb3       0x1e c:/users/dani5/.platformio/packages/toolchain-gccarmnoneeabi/bin/../lib/gcc/arm-none-eabi/7.2.1/thumb/v7e-m\libgcc.a(_arm_unorddf2.o)
 .ARM.attributes
                0x00000cd1       0x1e c:/users/dani5/.platformio/packages/toolchain-gccarmnoneeabi/bin/../lib/gcc/arm-none-eabi/7.2.1/thumb/v7e-m\libgcc.a(_arm_fixdfsi.o)
 .ARM.attributes
                0x00000cef       0x1e c:/users/dani5/.platformio/packages/toolchain-gccarmnoneeabi/bin/../lib/gcc/arm-none-eabi/7.2.1/thumb/v7e-m\libgcc.a(_aeabi_uldivmod.o)
 .ARM.attributes
                0x00000d0d       0x2e c:/users/dani5/.platformio/packages/toolchain-gccarmnoneeabi/bin/../lib/gcc/arm-none-eabi/7.2.1/thumb/v7e-m\libgcc.a(_udivmoddi4.o)
 .ARM.attributes
                0x00000d3b       0x1e c:/users/dani5/.platformio/packages/toolchain-gccarmnoneeabi/bin/../lib/gcc/arm-none-eabi/7.2.1/thumb/v7e-m\libgcc.a(_dvmd_tls.o)
 .ARM.attributes
                0x00000d59       0x1e c:/users/dani5/.platformio/packages/toolchain-gccarmnoneeabi/bin/../lib/gcc/arm-none-eabi/7.2.1/thumb/v7e-m/crtn.o
OUTPUT(.pio\build\nucleo_f302r8\firmware.elf elf32-littlearm)

.comment        0x00000000       0x7e
 .comment       0x00000000       0x7e .pio\build\nucleo_f302r8\lib\SPL\src\stm32f30x_rcc.o
                                 0x7f (size before relaxing)
 .comment       0x0000007e       0x7f .pio\build\nucleo_f302r8\lib\SPL\src\stm32f30x_usart.o
 .comment       0x0000007e       0x7f .pio\build\nucleo_f302r8\src\Ascii.o
 .comment       0x0000007e       0x7f .pio\build\nucleo_f302r8\src\HAL.o
 .comment       0x0000007e       0x7f .pio\build\nucleo_f302r8\src\HelpScreeen.o
 .comment       0x0000007e       0x7f .pio\build\nucleo_f302r8\src\Physics.o
 .comment       0x0000007e       0x7f .pio\build\nucleo_f302r8\src\bsp\30010_io.o
 .comment       0x0000007e       0x7f .pio\build\nucleo_f302r8\src\bsp\syscalls.o
 .comment       0x0000007e       0x7f .pio\build\nucleo_f302r8\src\bsp\sysmem.o
 .comment       0x0000007e       0x7f .pio\build\nucleo_f302r8\src\bsp\system_stm32f30x.o
 .comment       0x0000007e       0x7f .pio\build\nucleo_f302r8\src\bullets.o
 .comment       0x0000007e       0x7f .pio\build\nucleo_f302r8\src\game_state.o
 .comment       0x0000007e       0x7f .pio\build\nucleo_f302r8\src\main.o
 .comment       0x0000007e       0x7f .pio\build\nucleo_f302r8\src\menu.o

.debug_frame    0x00000000     0x13f0
 .debug_frame   0x00000000       0x20 c:/users/dani5/.platformio/packages/toolchain-gccarmnoneeabi/bin/../lib/gcc/arm-none-eabi/7.2.1/../../../../arm-none-eabi/lib/thumb/v7e-m\libc.a(lib_a-errno.o)
 .debug_frame   0x00000020       0x2c c:/users/dani5/.platformio/packages/toolchain-gccarmnoneeabi/bin/../lib/gcc/arm-none-eabi/7.2.1/../../../../arm-none-eabi/lib/thumb/v7e-m\libc.a(lib_a-init.o)
 .debug_frame   0x0000004c       0x38 c:/users/dani5/.platformio/packages/toolchain-gccarmnoneeabi/bin/../lib/gcc/arm-none-eabi/7.2.1/../../../../arm-none-eabi/lib/thumb/v7e-m\libc.a(lib_a-memset.o)
 .debug_frame   0x00000084       0x74 c:/users/dani5/.platformio/packages/toolchain-gccarmnoneeabi/bin/../lib/gcc/arm-none-eabi/7.2.1/../../../../arm-none-eabi/lib/thumb/v7e-m\libc.a(lib_a-printf.o)
 .debug_frame   0x000000f8       0x30 c:/users/dani5/.platformio/packages/toolchain-gccarmnoneeabi/bin/../lib/gcc/arm-none-eabi/7.2.1/../../../../arm-none-eabi/lib/thumb/v7e-m\libc.a(lib_a-putchar.o)
 .debug_frame   0x00000128       0x3c c:/users/dani5/.platformio/packages/toolchain-gccarmnoneeabi/bin/../lib/gcc/arm-none-eabi/7.2.1/../../../../arm-none-eabi/lib/thumb/v7e-m\libc.a(lib_a-rand.o)
 .debug_frame   0x00000164       0x20 c:/users/dani5/.platformio/packages/toolchain-gccarmnoneeabi/bin/../lib/gcc/arm-none-eabi/7.2.1/../../../../arm-none-eabi/lib/thumb/v7e-m\libc.a(lib_a-setbuf.o)
 .debug_frame   0x00000184       0x44 c:/users/dani5/.platformio/packages/toolchain-gccarmnoneeabi/bin/../lib/gcc/arm-none-eabi/7.2.1/../../../../arm-none-eabi/lib/thumb/v7e-m\libc.a(lib_a-setvbuf.o)
 .debug_frame   0x000001c8       0x94 c:/users/dani5/.platformio/packages/toolchain-gccarmnoneeabi/bin/../lib/gcc/arm-none-eabi/7.2.1/../../../../arm-none-eabi/lib/thumb/v7e-m\libc.a(lib_a-vfprintf.o)
 .debug_frame   0x0000025c       0x2c c:/users/dani5/.platformio/packages/toolchain-gccarmnoneeabi/bin/../lib/gcc/arm-none-eabi/7.2.1/../../../../arm-none-eabi/lib/thumb/v7e-m\libc.a(lib_a-wsetup.o)
 .debug_frame   0x00000288       0x5c c:/users/dani5/.platformio/packages/toolchain-gccarmnoneeabi/bin/../lib/gcc/arm-none-eabi/7.2.1/../../../../arm-none-eabi/lib/thumb/v7e-m\libc.a(lib_a-__call_atexit.o)
 .debug_frame   0x000002e4       0x20 c:/users/dani5/.platformio/packages/toolchain-gccarmnoneeabi/bin/../lib/gcc/arm-none-eabi/7.2.1/../../../../arm-none-eabi/lib/thumb/v7e-m\libc.a(lib_a-atexit.o)
 .debug_frame   0x00000304       0x90 c:/users/dani5/.platformio/packages/toolchain-gccarmnoneeabi/bin/../lib/gcc/arm-none-eabi/7.2.1/../../../../arm-none-eabi/lib/thumb/v7e-m\libc.a(lib_a-dtoa.o)
 .debug_frame   0x00000394       0x5c c:/users/dani5/.platformio/packages/toolchain-gccarmnoneeabi/bin/../lib/gcc/arm-none-eabi/7.2.1/../../../../arm-none-eabi/lib/thumb/v7e-m\libc.a(lib_a-fflush.o)
 .debug_frame   0x000003f0      0x148 c:/users/dani5/.platformio/packages/toolchain-gccarmnoneeabi/bin/../lib/gcc/arm-none-eabi/7.2.1/../../../../arm-none-eabi/lib/thumb/v7e-m\libc.a(lib_a-findfp.o)
 .debug_frame   0x00000538       0x34 c:/users/dani5/.platformio/packages/toolchain-gccarmnoneeabi/bin/../lib/gcc/arm-none-eabi/7.2.1/../../../../arm-none-eabi/lib/thumb/v7e-m\libc.a(lib_a-fini.o)
 .debug_frame   0x0000056c       0x80 c:/users/dani5/.platformio/packages/toolchain-gccarmnoneeabi/bin/../lib/gcc/arm-none-eabi/7.2.1/../../../../arm-none-eabi/lib/thumb/v7e-m\libc.a(lib_a-freer.o)
 .debug_frame   0x000005ec       0x54 c:/users/dani5/.platformio/packages/toolchain-gccarmnoneeabi/bin/../lib/gcc/arm-none-eabi/7.2.1/../../../../arm-none-eabi/lib/thumb/v7e-m\libc.a(lib_a-fwalk.o)
 .debug_frame   0x00000640       0x40 c:/users/dani5/.platformio/packages/toolchain-gccarmnoneeabi/bin/../lib/gcc/arm-none-eabi/7.2.1/../../../../arm-none-eabi/lib/thumb/v7e-m\libc.a(lib_a-localeconv.o)
 .debug_frame   0x00000680       0xb0 c:/users/dani5/.platformio/packages/toolchain-gccarmnoneeabi/bin/../lib/gcc/arm-none-eabi/7.2.1/../../../../arm-none-eabi/lib/thumb/v7e-m\libc.a(lib_a-lock.o)
 .debug_frame   0x00000730       0x64 c:/users/dani5/.platformio/packages/toolchain-gccarmnoneeabi/bin/../lib/gcc/arm-none-eabi/7.2.1/../../../../arm-none-eabi/lib/thumb/v7e-m\libc.a(lib_a-makebuf.o)
 .debug_frame   0x00000794       0x30 c:/users/dani5/.platformio/packages/toolchain-gccarmnoneeabi/bin/../lib/gcc/arm-none-eabi/7.2.1/../../../../arm-none-eabi/lib/thumb/v7e-m\libc.a(lib_a-malloc.o)
 .debug_frame   0x000007c4       0x54 c:/users/dani5/.platformio/packages/toolchain-gccarmnoneeabi/bin/../lib/gcc/arm-none-eabi/7.2.1/../../../../arm-none-eabi/lib/thumb/v7e-m\libc.a(lib_a-mallocr.o)
 .debug_frame   0x00000818       0x30 c:/users/dani5/.platformio/packages/toolchain-gccarmnoneeabi/bin/../lib/gcc/arm-none-eabi/7.2.1/../../../../arm-none-eabi/lib/thumb/v7e-m\libc.a(lib_a-mlock.o)
 .debug_frame   0x00000848      0x25c c:/users/dani5/.platformio/packages/toolchain-gccarmnoneeabi/bin/../lib/gcc/arm-none-eabi/7.2.1/../../../../arm-none-eabi/lib/thumb/v7e-m\libc.a(lib_a-mprec.o)
 .debug_frame   0x00000aa4       0x50 c:/users/dani5/.platformio/packages/toolchain-gccarmnoneeabi/bin/../lib/gcc/arm-none-eabi/7.2.1/../../../../arm-none-eabi/lib/thumb/v7e-m\libc.a(lib_a-putc.o)
 .debug_frame   0x00000af4       0x2c c:/users/dani5/.platformio/packages/toolchain-gccarmnoneeabi/bin/../lib/gcc/arm-none-eabi/7.2.1/../../../../arm-none-eabi/lib/thumb/v7e-m\libc.a(lib_a-sbrkr.o)
 .debug_frame   0x00000b20       0x88 c:/users/dani5/.platformio/packages/toolchain-gccarmnoneeabi/bin/../lib/gcc/arm-none-eabi/7.2.1/../../../../arm-none-eabi/lib/thumb/v7e-m\libc.a(lib_a-stdio.o)
 .debug_frame   0x00000ba8       0xd8 c:/users/dani5/.platformio/packages/toolchain-gccarmnoneeabi/bin/../lib/gcc/arm-none-eabi/7.2.1/../../../../arm-none-eabi/lib/thumb/v7e-m\libc.a(lib_a-vfiprintf.o)
 .debug_frame   0x00000c80       0x40 c:/users/dani5/.platformio/packages/toolchain-gccarmnoneeabi/bin/../lib/gcc/arm-none-eabi/7.2.1/../../../../arm-none-eabi/lib/thumb/v7e-m\libc.a(lib_a-wbuf.o)
 .debug_frame   0x00000cc0       0x34 c:/users/dani5/.platformio/packages/toolchain-gccarmnoneeabi/bin/../lib/gcc/arm-none-eabi/7.2.1/../../../../arm-none-eabi/lib/thumb/v7e-m\libc.a(lib_a-__atexit.o)
 .debug_frame   0x00000cf4       0x28 c:/users/dani5/.platformio/packages/toolchain-gccarmnoneeabi/bin/../lib/gcc/arm-none-eabi/7.2.1/../../../../arm-none-eabi/lib/thumb/v7e-m\libc.a(lib_a-callocr.o)
 .debug_frame   0x00000d1c       0x2c c:/users/dani5/.platformio/packages/toolchain-gccarmnoneeabi/bin/../lib/gcc/arm-none-eabi/7.2.1/../../../../arm-none-eabi/lib/thumb/v7e-m\libc.a(lib_a-closer.o)
 .debug_frame   0x00000d48       0x3c c:/users/dani5/.platformio/packages/toolchain-gccarmnoneeabi/bin/../lib/gcc/arm-none-eabi/7.2.1/../../../../arm-none-eabi/lib/thumb/v7e-m\libc.a(lib_a-fclose.o)
 .debug_frame   0x00000d84       0x9c c:/users/dani5/.platformio/packages/toolchain-gccarmnoneeabi/bin/../lib/gcc/arm-none-eabi/7.2.1/../../../../arm-none-eabi/lib/thumb/v7e-m\libc.a(lib_a-fputwc.o)
 .debug_frame   0x00000e20       0x2c c:/users/dani5/.platformio/packages/toolchain-gccarmnoneeabi/bin/../lib/gcc/arm-none-eabi/7.2.1/../../../../arm-none-eabi/lib/thumb/v7e-m\libc.a(lib_a-fstatr.o)
 .debug_frame   0x00000e4c       0x64 c:/users/dani5/.platformio/packages/toolchain-gccarmnoneeabi/bin/../lib/gcc/arm-none-eabi/7.2.1/../../../../arm-none-eabi/lib/thumb/v7e-m\libc.a(lib_a-fvwrite.o)
 .debug_frame   0x00000eb0       0x2c c:/users/dani5/.platformio/packages/toolchain-gccarmnoneeabi/bin/../lib/gcc/arm-none-eabi/7.2.1/../../../../arm-none-eabi/lib/thumb/v7e-m\libc.a(lib_a-isattyr.o)
 .debug_frame   0x00000edc       0x6c c:/users/dani5/.platformio/packages/toolchain-gccarmnoneeabi/bin/../lib/gcc/arm-none-eabi/7.2.1/../../../../arm-none-eabi/lib/thumb/v7e-m\libc.a(lib_a-locale.o)
 .debug_frame   0x00000f48       0x2c c:/users/dani5/.platformio/packages/toolchain-gccarmnoneeabi/bin/../lib/gcc/arm-none-eabi/7.2.1/../../../../arm-none-eabi/lib/thumb/v7e-m\libc.a(lib_a-lseekr.o)
 .debug_frame   0x00000f74       0x4c c:/users/dani5/.platformio/packages/toolchain-gccarmnoneeabi/bin/../lib/gcc/arm-none-eabi/7.2.1/../../../../arm-none-eabi/lib/thumb/v7e-m\libc.a(lib_a-mbtowc_r.o)
 .debug_frame   0x00000fc0       0x40 c:/users/dani5/.platformio/packages/toolchain-gccarmnoneeabi/bin/../lib/gcc/arm-none-eabi/7.2.1/../../../../arm-none-eabi/lib/thumb/v7e-m\libc.a(lib_a-memmove.o)
 .debug_frame   0x00001000       0x2c c:/users/dani5/.platformio/packages/toolchain-gccarmnoneeabi/bin/../lib/gcc/arm-none-eabi/7.2.1/../../../../arm-none-eabi/lib/thumb/v7e-m\libc.a(lib_a-readr.o)
 .debug_frame   0x0000102c       0x58 c:/users/dani5/.platformio/packages/toolchain-gccarmnoneeabi/bin/../lib/gcc/arm-none-eabi/7.2.1/../../../../arm-none-eabi/lib/thumb/v7e-m\libc.a(lib_a-reallocr.o)
 .debug_frame   0x00001084       0x68 c:/users/dani5/.platformio/packages/toolchain-gccarmnoneeabi/bin/../lib/gcc/arm-none-eabi/7.2.1/../../../../arm-none-eabi/lib/thumb/v7e-m\libc.a(lib_a-reent.o)
 .debug_frame   0x000010ec       0x64 c:/users/dani5/.platformio/packages/toolchain-gccarmnoneeabi/bin/../lib/gcc/arm-none-eabi/7.2.1/../../../../arm-none-eabi/lib/thumb/v7e-m\libc.a(lib_a-wcrtomb.o)
 .debug_frame   0x00001150       0x3c c:/users/dani5/.platformio/packages/toolchain-gccarmnoneeabi/bin/../lib/gcc/arm-none-eabi/7.2.1/../../../../arm-none-eabi/lib/thumb/v7e-m\libc.a(lib_a-wctomb_r.o)
 .debug_frame   0x0000118c       0xac c:/users/dani5/.platformio/packages/toolchain-gccarmnoneeabi/bin/../lib/gcc/arm-none-eabi/7.2.1/thumb/v7e-m\libgcc.a(_arm_addsubdf3.o)
 .debug_frame   0x00001238       0x50 c:/users/dani5/.platformio/packages/toolchain-gccarmnoneeabi/bin/../lib/gcc/arm-none-eabi/7.2.1/thumb/v7e-m\libgcc.a(_arm_muldivdf3.o)
 .debug_frame   0x00001288       0xc4 c:/users/dani5/.platformio/packages/toolchain-gccarmnoneeabi/bin/../lib/gcc/arm-none-eabi/7.2.1/thumb/v7e-m\libgcc.a(_arm_cmpdf2.o)
 .debug_frame   0x0000134c       0x20 c:/users/dani5/.platformio/packages/toolchain-gccarmnoneeabi/bin/../lib/gcc/arm-none-eabi/7.2.1/thumb/v7e-m\libgcc.a(_arm_unorddf2.o)
 .debug_frame   0x0000136c       0x24 c:/users/dani5/.platformio/packages/toolchain-gccarmnoneeabi/bin/../lib/gcc/arm-none-eabi/7.2.1/thumb/v7e-m\libgcc.a(_arm_fixdfsi.o)
 .debug_frame   0x00001390       0x2c c:/users/dani5/.platformio/packages/toolchain-gccarmnoneeabi/bin/../lib/gcc/arm-none-eabi/7.2.1/thumb/v7e-m\libgcc.a(_aeabi_uldivmod.o)
 .debug_frame   0x000013bc       0x34 c:/users/dani5/.platformio/packages/toolchain-gccarmnoneeabi/bin/../lib/gcc/arm-none-eabi/7.2.1/thumb/v7e-m\libgcc.a(_udivmoddi4.o)
